
(node:30662) ExperimentalWarning: `--experimental-loader` may be removed in the future; instead use `register()`:
--import 'data:text/javascript,import { register } from "node:module"; import { pathToFileURL } from "node:url"; register("ts-node/esm", pathToFileURL("./"));'
(Use `node --trace-warnings ...` to show where the warning was created)
(node:30662) [DEP0180] DeprecationWarning: fs.Stats constructor is deprecated.
(Use `node --trace-deprecation ...` to show where the warning was created)
(node:30661) ExperimentalWarning: `--experimental-loader` may be removed in the future; instead use `register()`:
--import 'data:text/javascript,import { register } from "node:module"; import { pathToFileURL } from "node:url"; register("ts-node/esm", pathToFileURL("./"));'
(Use `node --trace-warnings ...` to show where the warning was created)
(node:30661) [DEP0180] DeprecationWarning: fs.Stats constructor is deprecated.
(Use `node --trace-deprecation ...` to show where the warning was created)
(node:30664) ExperimentalWarning: `--experimental-loader` may be removed in the future; instead use `register()`:
--import 'data:text/javascript,import { register } from "node:module"; import { pathToFileURL } from "node:url"; register("ts-node/esm", pathToFileURL("./"));'
(Use `node --trace-warnings ...` to show where the warning was created)
(node:30665) ExperimentalWarning: `--experimental-loader` may be removed in the future; instead use `register()`:
--import 'data:text/javascript,import { register } from "node:module"; import { pathToFileURL } from "node:url"; register("ts-node/esm", pathToFileURL("./"));'
(Use `node --trace-warnings ...` to show where the warning was created)
(node:30664) [DEP0180] DeprecationWarning: fs.Stats constructor is deprecated.
(Use `node --trace-deprecation ...` to show where the warning was created)
(node:30665) [DEP0180] DeprecationWarning: fs.Stats constructor is deprecated.
(Use `node --trace-deprecation ...` to show where the warning was created)
(node:30666) ExperimentalWarning: `--experimental-loader` may be removed in the future; instead use `register()`:
--import 'data:text/javascript,import { register } from "node:module"; import { pathToFileURL } from "node:url"; register("ts-node/esm", pathToFileURL("./"));'
(Use `node --trace-warnings ...` to show where the warning was created)
(node:30666) [DEP0180] DeprecationWarning: fs.Stats constructor is deprecated.
(Use `node --trace-deprecation ...` to show where the warning was created)
(node:30663) ExperimentalWarning: `--experimental-loader` may be removed in the future; instead use `register()`:
--import 'data:text/javascript,import { register } from "node:module"; import { pathToFileURL } from "node:url"; register("ts-node/esm", pathToFileURL("./"));'
(Use `node --trace-warnings ...` to show where the warning was created)
(node:30663) [DEP0180] DeprecationWarning: fs.Stats constructor is deprecated.
(Use `node --trace-deprecation ...` to show where the warning was created)
(node:30669) ExperimentalWarning: `--experimental-loader` may be removed in the future; instead use `register()`:
--import 'data:text/javascript,import { register } from "node:module"; import { pathToFileURL } from "node:url"; register("ts-node/esm", pathToFileURL("./"));'
(Use `node --trace-warnings ...` to show where the warning was created)
(node:30669) [DEP0180] DeprecationWarning: fs.Stats constructor is deprecated.
(Use `node --trace-deprecation ...` to show where the warning was created)
(node:30671) ExperimentalWarning: `--experimental-loader` may be removed in the future; instead use `register()`:
--import 'data:text/javascript,import { register } from "node:module"; import { pathToFileURL } from "node:url"; register("ts-node/esm", pathToFileURL("./"));'
(Use `node --trace-warnings ...` to show where the warning was created)
(node:30671) [DEP0180] DeprecationWarning: fs.Stats constructor is deprecated.
(Use `node --trace-deprecation ...` to show where the warning was created)
(node:30670) ExperimentalWarning: `--experimental-loader` may be removed in the future; instead use `register()`:
--import 'data:text/javascript,import { register } from "node:module"; import { pathToFileURL } from "node:url"; register("ts-node/esm", pathToFileURL("./"));'
(Use `node --trace-warnings ...` to show where the warning was created)
(node:30670) [DEP0180] DeprecationWarning: fs.Stats constructor is deprecated.
(Use `node --trace-deprecation ...` to show where the warning was created)
(node:30667) ExperimentalWarning: `--experimental-loader` may be removed in the future; instead use `register()`:
--import 'data:text/javascript,import { register } from "node:module"; import { pathToFileURL } from "node:url"; register("ts-node/esm", pathToFileURL("./"));'
(Use `node --trace-warnings ...` to show where the warning was created)
(node:30667) [DEP0180] DeprecationWarning: fs.Stats constructor is deprecated.
(Use `node --trace-deprecation ...` to show where the warning was created)
(node:30672) ExperimentalWarning: `--experimental-loader` may be removed in the future; instead use `register()`:
--import 'data:text/javascript,import { register } from "node:module"; import { pathToFileURL } from "node:url"; register("ts-node/esm", pathToFileURL("./"));'
(Use `node --trace-warnings ...` to show where the warning was created)
(node:30672) [DEP0180] DeprecationWarning: fs.Stats constructor is deprecated.
(Use `node --trace-deprecation ...` to show where the warning was created)
(node:30668) ExperimentalWarning: `--experimental-loader` may be removed in the future; instead use `register()`:
--import 'data:text/javascript,import { register } from "node:module"; import { pathToFileURL } from "node:url"; register("ts-node/esm", pathToFileURL("./"));'
(Use `node --trace-warnings ...` to show where the warning was created)
(node:30668) [DEP0180] DeprecationWarning: fs.Stats constructor is deprecated.
(Use `node --trace-deprecation ...` to show where the warning was created)
  [31m✘ [fail]:[39m alternate-buffer-already-active [90m[2m›[22m[39m does not enter alternate buffer when already active [3m[31mRejected promise returned by test[39m[23m
  [31m✘ [fail]:[39m alternate-buffer [90m[2m›[22m[39m (non-iTerm) renders in alternate buffer and leaves it on exit [3m[31mRejected promise returned by test[39m[23m
  [31m✘ [fail]:[39m alternate-buffer [90m[2m›[22m[39m (iTerm) renders in alternate buffer and leaves it on exit [3m[31mRejected promise returned by test[39m[23m
  [31m✘ [fail]:[39m alternate-buffer [90m[2m›[22m[39m does not use alternate buffer when disabled [3m[31mRejected promise returned by test[39m[23m
  [31m✘ [fail]:[39m alternate-buffer [90m[2m›[22m[39m (non-iTerm) renders final frame on exit outside of alternate buffer [3m[31mRejected promise returned by test[39m[23m
  [31m✘ [fail]:[39m alternate-buffer [90m[2m›[22m[39m (non-iTerm) does not render more lines than terminal height until exit [3m[31mRejected promise returned by test[39m[23m
  [31m✘ [fail]:[39m alternate-buffer [90m[2m›[22m[39m (iTerm) renders final frame on exit outside of alternate buffer [3m[31mRejected promise returned by test[39m[23m
  [31m✘ [fail]:[39m alternate-buffer [90m[2m›[22m[39m (iTerm) does not render more lines than terminal height until exit [3m[31mRejected promise returned by test[39m[23m
(node:30675) ExperimentalWarning: `--experimental-loader` may be removed in the future; instead use `register()`:
--import 'data:text/javascript,import { register } from "node:module"; import { pathToFileURL } from "node:url"; register("ts-node/esm", pathToFileURL("./"));'
(Use `node --trace-warnings ...` to show where the warning was created)
(node:30675) [DEP0180] DeprecationWarning: fs.Stats constructor is deprecated.
(Use `node --trace-deprecation ...` to show where the warning was created)
(node:30683) ExperimentalWarning: `--experimental-loader` may be removed in the future; instead use `register()`:
--import 'data:text/javascript,import { register } from "node:module"; import { pathToFileURL } from "node:url"; register("ts-node/esm", pathToFileURL("./"));'
(Use `node --trace-warnings ...` to show where the warning was created)
(node:30683) [DEP0180] DeprecationWarning: fs.Stats constructor is deprecated.
(Use `node --trace-deprecation ...` to show where the warning was created)
  [32m✔[39m background-color [90m[2m›[22m[39m incremental rendering in alternate buffer - correctly handles styled space at the end of a line
(node:30684) ExperimentalWarning: `--experimental-loader` may be removed in the future; instead use `register()`:
--import 'data:text/javascript,import { register } from "node:module"; import { pathToFileURL } from "node:url"; register("ts-node/esm", pathToFileURL("./"));'
(Use `node --trace-warnings ...` to show where the warning was created)
(node:30684) [DEP0180] DeprecationWarning: fs.Stats constructor is deprecated.
(Use `node --trace-deprecation ...` to show where the warning was created)
  [32m✔[39m data-limited-lru-map [90m[2m›[22m[39m DataLimitedLruMap respects max keys limit
  [32m✔[39m data-limited-lru-map [90m[2m›[22m[39m DataLimitedLruMap respects max data size limit
  [32m✔[39m data-limited-lru-map [90m[2m›[22m[39m DataLimitedLruMap handles eviction by setpop correctly
  [32m✔[39m data-limited-lru-map [90m[2m›[22m[39m DataLimitedLruMap handles large item eviction
  [32m✔[39m data-limited-lru-map [90m[2m›[22m[39m DataLimitedLruMap handles item larger than max size
  [32m✔[39m data-limited-lru-map [90m[2m›[22m[39m DataLimitedLruMap correctly updates size when overwriting existing key
  [32m✔[39m data-limited-lru-map [90m[2m›[22m[39m DataLimitedLruMap prevents infinite loop if internal state is inconsistent
  [32m✔[39m animated-scroll-blank-lines [90m[2m›[22m[39m TerminalBufferWorker prevents blank lines during animated scroll
  [32m✔[39m alternate-buffer [90m[2m›[22m[39m TerminalBufferWorker reproduction: blank screen on toggle if content unchanged
  [32m✔[39m alternate-buffer [90m[2m›[22m[39m TerminalBufferWorker handles alternate buffer toggle correctly with new content
(node:30690) ExperimentalWarning: `--experimental-loader` may be removed in the future; instead use `register()`:
--import 'data:text/javascript,import { register } from "node:module"; import { pathToFileURL } from "node:url"; register("ts-node/esm", pathToFileURL("./"));'
(Use `node --trace-warnings ...` to show where the warning was created)
(node:30690) [DEP0180] DeprecationWarning: fs.Stats constructor is deprecated.
(Use `node --trace-deprecation ...` to show where the warning was created)
(node:30689) ExperimentalWarning: `--experimental-loader` may be removed in the future; instead use `register()`:
--import 'data:text/javascript,import { register } from "node:module"; import { pathToFileURL } from "node:url"; register("ts-node/esm", pathToFileURL("./"));'
(Use `node --trace-warnings ...` to show where the warning was created)
(node:30689) [DEP0180] DeprecationWarning: fs.Stats constructor is deprecated.
(Use `node --trace-deprecation ...` to show where the warning was created)
  [32m✔[39m backbuffer-duplication [90m[2m›[22m[39m fullRender does not duplicate lines in backbuffer
  [32m✔[39m backbuffer-duplication [90m[2m›[22m[39m fullRender does not duplicate sub-region backbuffer lines
  [32m✔[39m backbuffer-duplication [90m[2m›[22m[39m scrolling down, up, and down again does not duplicate lines in backbuffer [90m[2m(113ms)[22m[39m
  [31m✘ [fail]:[39m exit-cursor [90m[2m›[22m[39m cursor is moved to the last line on exit [3m[31mRejected promise returned by test[39m[23m
(node:30692) ExperimentalWarning: `--experimental-loader` may be removed in the future; instead use `register()`:
--import 'data:text/javascript,import { register } from "node:module"; import { pathToFileURL } from "node:url"; register("ts-node/esm", pathToFileURL("./"));'
(Use `node --trace-warnings ...` to show where the warning was created)
(node:30692) [DEP0180] DeprecationWarning: fs.Stats constructor is deprecated.
(Use `node --trace-deprecation ...` to show where the warning was created)
  [32m✔[39m app-context-options [90m[2m›[22m[39m setOptions in AppContext triggers React rerender and updates options
  [32m✔[39m app-context-options [90m[2m›[22m[39m setOptions updates optionsState from legacy alternateBuffer option
  [32m✔[39m app-context-rerender [90m[2m›[22m[39m rerender method in AppContext forces full rerender
  [32m✔[39m app-context-rerender [90m[2m›[22m[39m rerender method in AppContext forces full rerender in alternate buffer mode
  [32m✔[39m alternate-buffer [90m[2m›[22m[39m switching back from alternate buffer does NOT trigger a full render clear [90m[2m(1.1s)[22m[39m
  [32m✔[39m backbuffer [90m[2m›[22m[39m captures clipped cachedRender content into backbuffer
  [32m✔[39m bottom-sticky [90m[2m›[22m[39m bottom sticky header states
(node:30695) ExperimentalWarning: `--experimental-loader` may be removed in the future; instead use `register()`:
--import 'data:text/javascript,import { register } from "node:module"; import { pathToFileURL } from "node:url"; register("ts-node/esm", pathToFileURL("./"));'
(Use `node --trace-warnings ...` to show where the warning was created)
(node:30695) [DEP0180] DeprecationWarning: fs.Stats constructor is deprecated.
(Use `node --trace-deprecation ...` to show where the warning was created)
(node:30694) ExperimentalWarning: `--experimental-loader` may be removed in the future; instead use `register()`:
--import 'data:text/javascript,import { register } from "node:module"; import { pathToFileURL } from "node:url"; register("ts-node/esm", pathToFileURL("./"));'
(Use `node --trace-warnings ...` to show where the warning was created)
(node:30694) [DEP0180] DeprecationWarning: fs.Stats constructor is deprecated.
(Use `node --trace-deprecation ...` to show where the warning was created)
(node:30693) ExperimentalWarning: `--experimental-loader` may be removed in the future; instead use `register()`:
--import 'data:text/javascript,import { register } from "node:module"; import { pathToFileURL } from "node:url"; register("ts-node/esm", pathToFileURL("./"));'
(Use `node --trace-warnings ...` to show where the warning was created)
(node:30693) [DEP0180] DeprecationWarning: fs.Stats constructor is deprecated.
(Use `node --trace-deprecation ...` to show where the warning was created)
  [32m✔[39m backbuffer-duplication [90m[2m›[22m[39m scrolling oscillation with fullRender does not duplicate lines [90m[2m(930ms)[22m[39m
(node:30697) ExperimentalWarning: `--experimental-loader` may be removed in the future; instead use `register()`:
--import 'data:text/javascript,import { register } from "node:module"; import { pathToFileURL } from "node:url"; register("ts-node/esm", pathToFileURL("./"));'
(Use `node --trace-warnings ...` to show where the warning was created)
(node:30697) [DEP0180] DeprecationWarning: fs.Stats constructor is deprecated.
(Use `node --trace-deprecation ...` to show where the warning was created)
  [32m✔[39m background [90m[2m›[22m[39m Text inherits parent Box background color [90m[2m(122ms)[22m[39m
  [32m✔[39m background [90m[2m›[22m[39m Text explicit background color overrides inherited
  [32m✔[39m background [90m[2m›[22m[39m Nested Box background inheritance
  [32m✔[39m background [90m[2m›[22m[39m Text without parent Box background has no inheritance
  [32m✔[39m background [90m[2m›[22m[39m Multiple Text elements inherit same background
  [32m✔[39m background [90m[2m›[22m[39m Mixed text with and without background inheritance
  [32m✔[39m background [90m[2m›[22m[39m Complex nested structure with background inheritance
  [32m✔[39m background [90m[2m›[22m[39m Box background with standard color
  [32m✔[39m background [90m[2m›[22m[39m Box background with hex color
  [32m✔[39m background [90m[2m›[22m[39m Box background with rgb color
  [32m✔[39m background [90m[2m›[22m[39m Box background with ansi256 color
  [32m✔[39m background [90m[2m›[22m[39m Box background with wide characters
  [32m✔[39m background [90m[2m›[22m[39m Box background with emojis
  [32m✔[39m background [90m[2m›[22m[39m Box background fills entire area with standard color
  [32m✔[39m background [90m[2m›[22m[39m Box background fills with hex color
  [32m✔[39m background [90m[2m›[22m[39m Box background fills with rgb color
  [32m✔[39m background [90m[2m›[22m[39m Box background fills with ansi256 color
  [32m✔[39m background [90m[2m›[22m[39m Box background with border fills content area
  [32m✔[39m background [90m[2m›[22m[39m Box background with padding fills entire padded area
  [32m✔[39m background [90m[2m›[22m[39m Box background with center alignment fills entire area
  [32m✔[39m background [90m[2m›[22m[39m Box background with column layout fills entire area
  [32m✔[39m background [90m[2m›[22m[39m Box background updates on rerender
  [32m✔[39m background [90m[2m›[22m[39m background does not mutate empty line cache
(node:30698) ExperimentalWarning: `--experimental-loader` may be removed in the future; instead use `register()`:
--import 'data:text/javascript,import { register } from "node:module"; import { pathToFileURL } from "node:url"; register("ts-node/esm", pathToFileURL("./"));'
(Use `node --trace-warnings ...` to show where the warning was created)
(node:30698) [DEP0180] DeprecationWarning: fs.Stats constructor is deprecated.
(Use `node --trace-deprecation ...` to show where the warning was created)
  [32m✔[39m backbuffer-duplication [90m[2m›[22m[39m scrolling down 4, up 2, down 1 [90m[2m(1s)[22m[39m
  [31m✘ [fail]:[39m exit [90m[2m›[22m[39m exit normally without unmount() or exit() [3m[31mRejected promise returned by test[39m[23m
  [31m✘ [fail]:[39m exit [90m[2m›[22m[39m exit on unmount() [3m[31mRejected promise returned by test[39m[23m
  [31m✘ [fail]:[39m exit [90m[2m›[22m[39m exit when app finishes execution
  [31m✘ [fail]:[39m exit [90m[2m›[22m[39m exit on exit() [3m[31mRejected promise returned by test[39m[23m
  [31m✘ [fail]:[39m exit [90m[2m›[22m[39m exit on exit() with error [3m[31mRejected promise returned by test[39m[23m
  [31m✘ [fail]:[39m exit [90m[2m›[22m[39m exit on exit() with raw mode [3m[31mRejected promise returned by test[39m[23m
  [31m✘ [fail]:[39m exit [90m[2m›[22m[39m exit on exit() with raw mode with error [3m[31mRejected promise returned by test[39m[23m
  [31m✘ [fail]:[39m exit [90m[2m›[22m[39m exit on unmount() with raw mode [3m[31mRejected promise returned by test[39m[23m
  [31m✘ [fail]:[39m exit [90m[2m›[22m[39m exit with thrown error [3m[31mRejected promise returned by test[39m[23m
  [31m✘ [fail]:[39m exit [90m[2m›[22m[39m don’t exit while raw mode is active [3m[31mRejected promise returned by test[39m[23m
  [32m✔[39m borders [90m[2m›[22m[39m single node - full width box [90m[2m(221ms)[22m[39m
  [32m✔[39m borders [90m[2m›[22m[39m single node - full width box with colorful border [90m[2m(177ms)[22m[39m
  [32m✔[39m borders [90m[2m›[22m[39m single node - fit-content box [90m[2m(174ms)[22m[39m
  [32m✔[39m borders [90m[2m›[22m[39m single node - fit-content box with wide characters [90m[2m(173ms)[22m[39m
  [32m✔[39m borders [90m[2m›[22m[39m single node - fit-content box with emojis [90m[2m(166ms)[22m[39m
  [32m✔[39m borders [90m[2m›[22m[39m single node - fixed width box [90m[2m(164ms)[22m[39m
  [32m✔[39m borders [90m[2m›[22m[39m single node - fixed width and height box [90m[2m(163ms)[22m[39m
  [32m✔[39m borders [90m[2m›[22m[39m regression - negative border width or height (width 1, height 1) [90m[2m(162ms)[22m[39m
  [32m✔[39m borders [90m[2m›[22m[39m regression - negative border width or height (width 0, height 0) [90m[2m(155ms)[22m[39m
  [32m✔[39m borders [90m[2m›[22m[39m single node - box with padding [90m[2m(148ms)[22m[39m
  [32m✔[39m borders [90m[2m›[22m[39m single node - box with horizontal alignment [90m[2m(147ms)[22m[39m
  [32m✔[39m borders [90m[2m›[22m[39m single node - box with vertical alignment [90m[2m(144ms)[22m[39m
  [32m✔[39m borders [90m[2m›[22m[39m single node - box with wrapping [90m[2m(141ms)[22m[39m
  [32m✔[39m borders [90m[2m›[22m[39m multiple nodes - full width box [90m[2m(130ms)[22m[39m
  [32m✔[39m borders [90m[2m›[22m[39m multiple nodes - full width box with colorful border [90m[2m(129ms)[22m[39m
  [32m✔[39m borders [90m[2m›[22m[39m multiple nodes - fit-content box [90m[2m(128ms)[22m[39m
  [32m✔[39m borders [90m[2m›[22m[39m multiple nodes - fixed width box [90m[2m(127ms)[22m[39m
  [32m✔[39m borders [90m[2m›[22m[39m multiple nodes - fixed width and height box [90m[2m(127ms)[22m[39m
  [32m✔[39m borders [90m[2m›[22m[39m multiple nodes - box with padding [90m[2m(126ms)[22m[39m
  [32m✔[39m borders [90m[2m›[22m[39m multiple nodes - box with horizontal alignment [90m[2m(125ms)[22m[39m
  [32m✔[39m borders [90m[2m›[22m[39m multiple nodes - box with vertical alignment [90m[2m(122ms)[22m[39m
  [32m✔[39m borders [90m[2m›[22m[39m multiple nodes - box with wrapping [90m[2m(121ms)[22m[39m
  [32m✔[39m borders [90m[2m›[22m[39m multiple nodes - box with wrapping and long first node [90m[2m(115ms)[22m[39m
  [32m✔[39m borders [90m[2m›[22m[39m multiple nodes - box with wrapping and very long first node [90m[2m(114ms)[22m[39m
  [32m✔[39m borders [90m[2m›[22m[39m nested boxes
  [32m✔[39m borders [90m[2m›[22m[39m nested boxes - fit-content box with wide characters on flex-direction row
  [32m✔[39m borders [90m[2m›[22m[39m nested boxes - fit-content box with emojis on flex-direction row
  [32m✔[39m borders [90m[2m›[22m[39m nested boxes - fit-content box with wide characters on flex-direction column
  [32m✔[39m borders [90m[2m›[22m[39m nested boxes - fit-content box with emojis on flex-direction column
  [32m✔[39m borders [90m[2m›[22m[39m render border after update
  [32m✔[39m borders [90m[2m›[22m[39m hide top border
  [32m✔[39m borders [90m[2m›[22m[39m hide bottom border
  [32m✔[39m borders [90m[2m›[22m[39m hide top and bottom borders
  [32m✔[39m borders [90m[2m›[22m[39m hide left border
  [32m✔[39m borders [90m[2m›[22m[39m hide right border
  [32m✔[39m borders [90m[2m›[22m[39m hide left and right border
  [32m✔[39m borders [90m[2m›[22m[39m hide all borders
  [32m✔[39m borders [90m[2m›[22m[39m change color of top border
  [32m✔[39m borders [90m[2m›[22m[39m change color of bottom border
  [32m✔[39m borders [90m[2m›[22m[39m change color of left border
  [32m✔[39m borders [90m[2m›[22m[39m change color of right border
  [32m✔[39m borders [90m[2m›[22m[39m custom border style
  [32m✔[39m borders [90m[2m›[22m[39m dim border color
  [32m✔[39m borders [90m[2m›[22m[39m dim top border color
  [32m✔[39m borders [90m[2m›[22m[39m dim bottom border color
  [32m✔[39m borders [90m[2m›[22m[39m dim left border color
  [32m✔[39m borders [90m[2m›[22m[39m dim right border color
(node:30699) ExperimentalWarning: `--experimental-loader` may be removed in the future; instead use `register()`:
--import 'data:text/javascript,import { register } from "node:module"; import { pathToFileURL } from "node:url"; register("ts-node/esm", pathToFileURL("./"));'
(Use `node --trace-warnings ...` to show where the warning was created)
(node:30699) [DEP0180] DeprecationWarning: fs.Stats constructor is deprecated.
(Use `node --trace-deprecation ...` to show where the warning was created)
(node:30701) ExperimentalWarning: `--experimental-loader` may be removed in the future; instead use `register()`:
--import 'data:text/javascript,import { register } from "node:module"; import { pathToFileURL } from "node:url"; register("ts-node/esm", pathToFileURL("./"));'
(Use `node --trace-warnings ...` to show where the warning was created)
(node:30701) [DEP0180] DeprecationWarning: fs.Stats constructor is deprecated.
(Use `node --trace-deprecation ...` to show where the warning was created)
(node:30711) ExperimentalWarning: `--experimental-loader` may be removed in the future; instead use `register()`:
--import 'data:text/javascript,import { register } from "node:module"; import { pathToFileURL } from "node:url"; register("ts-node/esm", pathToFileURL("./"));'
(Use `node --trace-warnings ...` to show where the warning was created)
(node:30711) [DEP0180] DeprecationWarning: fs.Stats constructor is deprecated.
(Use `node --trace-deprecation ...` to show where the warning was created)
(node:30712) ExperimentalWarning: `--experimental-loader` may be removed in the future; instead use `register()`:
--import 'data:text/javascript,import { register } from "node:module"; import { pathToFileURL } from "node:url"; register("ts-node/esm", pathToFileURL("./"));'
(Use `node --trace-warnings ...` to show where the warning was created)
(node:30712) [DEP0180] DeprecationWarning: fs.Stats constructor is deprecated.
(Use `node --trace-deprecation ...` to show where the warning was created)
  [32m✔[39m components [90m[2m›[22m[39m skip previous output when rendering new static output
  [32m✔[39m components [90m[2m›[22m[39m render only new items in static output on final render
  [32m✔[39m display [90m[2m›[22m[39m display flex
  [32m✔[39m display [90m[2m›[22m[39m display none
(node:30713) ExperimentalWarning: `--experimental-loader` may be removed in the future; instead use `register()`:
--import 'data:text/javascript,import { register } from "node:module"; import { pathToFileURL } from "node:url"; register("ts-node/esm", pathToFileURL("./"));'
(Use `node --trace-warnings ...` to show where the warning was created)
(node:30713) [DEP0180] DeprecationWarning: fs.Stats constructor is deprecated.
(Use `node --trace-deprecation ...` to show where the warning was created)
  [32m✔[39m components [90m[2m›[22m[39m text [90m[2m(429ms)[22m[39m
  [32m✔[39m components [90m[2m›[22m[39m text with variable [90m[2m(418ms)[22m[39m
  [32m✔[39m components [90m[2m›[22m[39m multiple text nodes [90m[2m(416ms)[22m[39m
  [32m✔[39m components [90m[2m›[22m[39m text with component [90m[2m(411ms)[22m[39m
  [32m✔[39m components [90m[2m›[22m[39m text with fragment [90m[2m(410ms)[22m[39m
  [32m✔[39m components [90m[2m›[22m[39m wrap text [90m[2m(409ms)[22m[39m
  [32m✔[39m components [90m[2m›[22m[39m don’t wrap text if there is enough space [90m[2m(406ms)[22m[39m
  [32m✔[39m components [90m[2m›[22m[39m truncate text in the end [90m[2m(401ms)[22m[39m
  [32m✔[39m components [90m[2m›[22m[39m truncate text in the middle [90m[2m(380ms)[22m[39m
  [32m✔[39m components [90m[2m›[22m[39m truncate text in the beginning [90m[2m(316ms)[22m[39m
  [32m✔[39m components [90m[2m›[22m[39m ignore empty text node [90m[2m(315ms)[22m[39m
  [32m✔[39m components [90m[2m›[22m[39m render a single empty text node [90m[2m(314ms)[22m[39m
  [32m✔[39m components [90m[2m›[22m[39m number [90m[2m(314ms)[22m[39m
  [32m✔[39m components [90m[2m›[22m[39m fail when text nodes are not within <Text> component [90m[2m(314ms)[22m[39m
  [32m✔[39m components [90m[2m›[22m[39m fail when text node is not within <Text> component [90m[2m(251ms)[22m[39m
  [32m✔[39m components [90m[2m›[22m[39m fail when <Box> is inside <Text> component [90m[2m(153ms)[22m[39m
  [32m✔[39m components [90m[2m›[22m[39m remesure text dimensions on text change
  [32m✔[39m components [90m[2m›[22m[39m fragment
  [32m✔[39m components [90m[2m›[22m[39m transform children
  [32m✔[39m components [90m[2m›[22m[39m squash multiple text nodes
  [32m✔[39m components [90m[2m›[22m[39m transform with multiple lines
  [32m✔[39m components [90m[2m›[22m[39m squash multiple nested text nodes
  [32m✔[39m components [90m[2m›[22m[39m squash empty `<Text>` nodes
  [32m✔[39m components [90m[2m›[22m[39m <Transform> with undefined children
  [32m✔[39m components [90m[2m›[22m[39m <Transform> with null children
  [32m✔[39m components [90m[2m›[22m[39m hooks
  [32m✔[39m components [90m[2m›[22m[39m static output
  [32m✔[39m components [90m[2m›[22m[39m ensure wrap-ansi doesn’t trim leading whitespace
  [32m✔[39m components [90m[2m›[22m[39m replace child node with text
  [32m✔[39m components [90m[2m›[22m[39m disable raw mode when all input components are unmounted
  [32m✔[39m components [90m[2m›[22m[39m setRawMode() should throw if raw mode is not supported
  [32m✔[39m components [90m[2m›[22m[39m render different component based on whether stdin is a TTY or not
  [32m✔[39m components [90m[2m›[22m[39m reset prop when it’s removed from the element
  [32m✔[39m components [90m[2m›[22m[39m newline
  [32m✔[39m components [90m[2m›[22m[39m multiple newlines
  [32m✔[39m components [90m[2m›[22m[39m horizontal spacer
  [32m✔[39m components [90m[2m›[22m[39m vertical spacer
  [32m✔[39m components [90m[2m›[22m[39m link ansi escapes are closed properly
  [31m✘ [fail]:[39m components [90m[2m›[22m[39m render only last frame when run in CI [3m[31mRejected promise returned by test[39m[23m
  [31m✘ [fail]:[39m components [90m[2m›[22m[39m render all frames if CI environment variable equals false [3m[31mRejected promise returned by test[39m[23m
  [34m- [todo] hooks [90m[2m›[22m[39m[34m useStderr - write to stderr[39m
(node:30716) ExperimentalWarning: `--experimental-loader` may be removed in the future; instead use `register()`:
--import 'data:text/javascript,import { register } from "node:module"; import { pathToFileURL } from "node:url"; register("ts-node/esm", pathToFileURL("./"));'
(Use `node --trace-warnings ...` to show where the warning was created)
  [31m✘ [fail]:[39m hooks [90m[2m›[22m[39m useInput - handle lowercase character [3m[31mRejected promise returned by test[39m[23m
(node:30716) [DEP0180] DeprecationWarning: fs.Stats constructor is deprecated.
(Use `node --trace-deprecation ...` to show where the warning was created)
  [31m✘ [fail]:[39m hooks [90m[2m›[22m[39m useInput - handle uppercase character [3m[31mRejected promise returned by test[39m[23m
  [31m✘ [fail]:[39m hooks [90m[2m›[22m[39m useInput - should not count as an uppercase character [3m[31mRejected promise returned by test[39m[23m
  [31m✘ [fail]:[39m hooks [90m[2m›[22m[39m useInput - pasted carriage return [3m[31mRejected promise returned by test[39m[23m
  [31m✘ [fail]:[39m hooks [90m[2m›[22m[39m useInput - pasted tab [3m[31mRejected promise returned by test[39m[23m
  [31m✘ [fail]:[39m hooks [90m[2m›[22m[39m useInput - handle escape [3m[31mRejected promise returned by test[39m[23m
  [31m✘ [fail]:[39m hooks [90m[2m›[22m[39m useInput - handle ctrl [3m[31mRejected promise returned by test[39m[23m
  [31m✘ [fail]:[39m hooks [90m[2m›[22m[39m useInput - handle meta [3m[31mRejected promise returned by test[39m[23m
  [31m✘ [fail]:[39m hooks [90m[2m›[22m[39m useInput - handle up arrow [3m[31mRejected promise returned by test[39m[23m
  [31m✘ [fail]:[39m hooks [90m[2m›[22m[39m useInput - handle down arrow [3m[31mRejected promise returned by test[39m[23m
  [31m✘ [fail]:[39m hooks [90m[2m›[22m[39m useInput - handle left arrow [3m[31mRejected promise returned by test[39m[23m
  [31m✘ [fail]:[39m hooks [90m[2m›[22m[39m useInput - handle right arrow [3m[31mRejected promise returned by test[39m[23m
  [31m✘ [fail]:[39m hooks [90m[2m›[22m[39m useInput - handle meta + up arrow [3m[31mRejected promise returned by test[39m[23m
  [31m✘ [fail]:[39m hooks [90m[2m›[22m[39m useInput - handle meta + down arrow [3m[31mRejected promise returned by test[39m[23m
  [31m✘ [fail]:[39m hooks [90m[2m›[22m[39m useInput - handle meta + left arrow [3m[31mRejected promise returned by test[39m[23m
  [31m✘ [fail]:[39m hooks [90m[2m›[22m[39m useInput - handle meta + right arrow [3m[31mRejected promise returned by test[39m[23m
  [31m✘ [fail]:[39m hooks [90m[2m›[22m[39m useInput - handle ctrl + up arrow [3m[31mRejected promise returned by test[39m[23m
  [31m✘ [fail]:[39m hooks [90m[2m›[22m[39m useInput - handle ctrl + down arrow [3m[31mRejected promise returned by test[39m[23m
  [31m✘ [fail]:[39m hooks [90m[2m›[22m[39m useInput - handle ctrl + left arrow [3m[31mRejected promise returned by test[39m[23m
  [31m✘ [fail]:[39m hooks [90m[2m›[22m[39m useInput - handle ctrl + right arrow [3m[31mRejected promise returned by test[39m[23m
  [31m✘ [fail]:[39m hooks [90m[2m›[22m[39m useInput - handle page down [3m[31mRejected promise returned by test[39m[23m
  [31m✘ [fail]:[39m hooks [90m[2m›[22m[39m useInput - handle page up [3m[31mRejected promise returned by test[39m[23m
  [31m✘ [fail]:[39m hooks [90m[2m›[22m[39m useInput - handle tab [3m[31mRejected promise returned by test[39m[23m
  [31m✘ [fail]:[39m hooks [90m[2m›[22m[39m useInput - handle shift + tab [3m[31mRejected promise returned by test[39m[23m
  [31m✘ [fail]:[39m hooks [90m[2m›[22m[39m useInput - handle backspace [3m[31mRejected promise returned by test[39m[23m
  [31m✘ [fail]:[39m hooks [90m[2m›[22m[39m useInput - handle delete [3m[31mRejected promise returned by test[39m[23m
  [31m✘ [fail]:[39m hooks [90m[2m›[22m[39m useInput - handle remove (delete) [3m[31mRejected promise returned by test[39m[23m
  [31m✘ [fail]:[39m hooks [90m[2m›[22m[39m useInput - ignore input if not active [3m[31mRejected promise returned by test[39m[23m
  [31m✘ [fail]:[39m hooks [90m[2m›[22m[39m useInput - handle Ctrl+C when `exitOnCtrlC` is `false` [3m[31mRejected promise returned by test[39m[23m
  [31m✘ [fail]:[39m hooks [90m[2m›[22m[39m useStdout - write to stdout [3m[31mRejected promise returned by test[39m[23m
(node:30749) ExperimentalWarning: `--experimental-loader` may be removed in the future; instead use `register()`:
--import 'data:text/javascript,import { register } from "node:module"; import { pathToFileURL } from "node:url"; register("ts-node/esm", pathToFileURL("./"));'
(Use `node --trace-warnings ...` to show where the warning was created)
(node:30749) [DEP0180] DeprecationWarning: fs.Stats constructor is deprecated.
(Use `node --trace-deprecation ...` to show where the warning was created)
  [32m✔[39m errors [90m[2m›[22m[39m catch and display error [90m[2m(166ms)[22m[39m
(node:30751) ExperimentalWarning: `--experimental-loader` may be removed in the future; instead use `register()`:
--import 'data:text/javascript,import { register } from "node:module"; import { pathToFileURL } from "node:url"; register("ts-node/esm", pathToFileURL("./"));'
(Use `node --trace-warnings ...` to show where the warning was created)
(node:30751) [DEP0180] DeprecationWarning: fs.Stats constructor is deprecated.
(Use `node --trace-deprecation ...` to show where the warning was created)
  [32m✔[39m flex-align-self [90m[2m›[22m[39m row - align text to center
  [32m✔[39m flex-align-self [90m[2m›[22m[39m row - align multiple text nodes to center
  [32m✔[39m flex-align-self [90m[2m›[22m[39m row - align text to bottom
  [32m✔[39m flex-align-self [90m[2m›[22m[39m row - align multiple text nodes to bottom
  [32m✔[39m flex-align-self [90m[2m›[22m[39m column - align text to center
  [32m✔[39m flex-align-self [90m[2m›[22m[39m column - align text to right
  [32m✔[39m flex-wrap [90m[2m›[22m[39m row - no wrap
  [32m✔[39m flex-wrap [90m[2m›[22m[39m column - no wrap
  [32m✔[39m flex-wrap [90m[2m›[22m[39m row - wrap content
  [32m✔[39m flex-wrap [90m[2m›[22m[39m column - wrap content
  [32m✔[39m flex-wrap [90m[2m›[22m[39m column - wrap content reverse
  [32m✔[39m flex-wrap [90m[2m›[22m[39m row - wrap content reverse
  [32m✔[39m log-update [90m[2m›[22m[39m standard rendering - renders and updates output
  [32m✔[39m log-update [90m[2m›[22m[39m standard rendering - skips identical output
  [32m✔[39m log-update [90m[2m›[22m[39m incremental rendering - renders and updates output
  [32m✔[39m log-update [90m[2m›[22m[39m incremental rendering - skips identical output
  [32m✔[39m log-update [90m[2m›[22m[39m incremental rendering - surgical updates
  [32m✔[39m log-update [90m[2m›[22m[39m incremental rendering - clears extra lines when output shrinks
  [32m✔[39m log-update [90m[2m›[22m[39m incremental rendering - when output grows
  [32m✔[39m log-update [90m[2m›[22m[39m incremental rendering - single write call with multiple surgical updates
  [32m✔[39m log-update [90m[2m›[22m[39m incremental rendering - skips multiple lines with cursorDown
  [32m✔[39m log-update [90m[2m›[22m[39m incremental rendering - shrinking output keeps screen tight
  [32m✔[39m log-update [90m[2m›[22m[39m incremental rendering - regular buffer - clear() fully resets incremental state
  [32m✔[39m log-update [90m[2m›[22m[39m incremental rendering - alternate buffer - clear() fully resets incremental state
  [32m✔[39m log-update [90m[2m›[22m[39m incremental rendering - done() resets before next render
  [32m✔[39m log-update [90m[2m›[22m[39m incremental rendering - multiple consecutive clear() calls (should be harmless no-ops)
  [32m✔[39m log-update [90m[2m›[22m[39m incremental rendering - sync() followed by update (assert incremental path is used)
  [32m✔[39m log-update [90m[2m›[22m[39m incremental rendering - render to empty string (full clear vs early exit)
  [32m✔[39m log-update [90m[2m›[22m[39m incremental rendering - alternate buffer
  [32m✔[39m log-update [90m[2m›[22m[39m standard IME cursor - moves cursor when output is same but cursor changed
  [32m✔[39m log-update [90m[2m›[22m[39m standard IME cursor - skips when both output and cursor are same
  [32m✔[39m log-update [90m[2m›[22m[39m standard IME cursor - cursor backward movement
  [32m✔[39m log-update [90m[2m›[22m[39m standard IME cursor - cursor up movement
  [32m✔[39m log-update [90m[2m›[22m[39m standard IME cursor - cursor down movement
  [32m✔[39m log-update [90m[2m›[22m[39m standard IME cursor - diagonal cursor movement
  [32m✔[39m log-update [90m[2m›[22m[39m standard IME cursor - no cursor provided (undefined)
  [32m✔[39m log-update [90m[2m›[22m[39m standard IME cursor - cursor at position 0,0
  [32m✔[39m log-update [90m[2m›[22m[39m standard IME cursor - re-render when output changes
  [32m✔[39m log-update [90m[2m›[22m[39m incremental IME cursor - basic cursor positioning
  [32m✔[39m log-update [90m[2m›[22m[39m incremental rendering - alternate buffer - atomic IME cursor positioning
  [32m✔[39m log-update [90m[2m›[22m[39m incremental rendering - alternate buffer - defaults to no cursor positioning if not specified
  [32m✔[39m log-update [90m[2m›[22m[39m standard rendering respects cursor position by default
  [32m✔[39m log-update [90m[2m›[22m[39m incremental rendering - alternate buffer - forces cursor repositioning when output changes
  [32m✔[39m log-update [90m[2m›[22m[39m standard rendering - clears content below cursor when cursor is set
  [32m✔[39m log-update [90m[2m›[22m[39m standard rendering - clear() clears content below cursor
  [32m✔[39m log-update [90m[2m›[22m[39m incremental rendering - clear() clears content below cursor
  [32m✔[39m flex-justify-content [90m[2m›[22m[39m row - align text to center [90m[2m(117ms)[22m[39m
  [32m✔[39m flex-justify-content [90m[2m›[22m[39m row - align multiple text nodes to center
  [32m✔[39m flex-justify-content [90m[2m›[22m[39m row - align text to right
  [32m✔[39m flex-justify-content [90m[2m›[22m[39m row - align multiple text nodes to right
  [32m✔[39m flex-justify-content [90m[2m›[22m[39m row - align two text nodes on the edges
  [32m✔[39m flex-justify-content [90m[2m›[22m[39m row - space evenly two text nodes
  [31m✔ [expected fail][39m flex-justify-content [90m[2m›[22m[39m row - align two text nodes with equal space around them
  [32m✔[39m flex-justify-content [90m[2m›[22m[39m row - align colored text node when text is squashed
  [32m✔[39m flex-justify-content [90m[2m›[22m[39m column - align text to center
  [32m✔[39m flex-justify-content [90m[2m›[22m[39m column - align text to bottom
  [32m✔[39m flex-justify-content [90m[2m›[22m[39m column - align two text nodes on the edges
  [31m✔ [expected fail][39m flex-justify-content [90m[2m›[22m[39m column - align two text nodes with equal space around them
  [32m✔[39m flex-direction [90m[2m›[22m[39m direction row
  [32m✔[39m flex-direction [90m[2m›[22m[39m direction row reverse
  [32m✔[39m flex-direction [90m[2m›[22m[39m direction column
  [32m✔[39m flex-direction [90m[2m›[22m[39m direction column reverse
  [32m✔[39m flex-direction [90m[2m›[22m[39m don’t squash text nodes when column direction is applied
  [32m✔[39m flex-align-items [90m[2m›[22m[39m row - align text to center
  [32m✔[39m flex-align-items [90m[2m›[22m[39m row - align multiple text nodes to center
  [32m✔[39m flex-align-items [90m[2m›[22m[39m row - align text to bottom
  [32m✔[39m flex-align-items [90m[2m›[22m[39m row - align multiple text nodes to bottom
  [32m✔[39m flex-align-items [90m[2m›[22m[39m column - align text to center
  [32m✔[39m flex-align-items [90m[2m›[22m[39m column - align text to right
  [32m✔[39m large-scroll-oscillation [90m[2m›[22m[39m large root scroll oscillation does not duplicate lines
    [35mℹ[39m [90mAfter grow to 40: baseY=30[39m
    [35mℹ[39m [90mAfter shrink to 10: baseY=30[39m
    [35mℹ[39m [90mAfter regrow to 40: baseY=30[39m
  [32m✔[39m flex [90m[2m›[22m[39m grow equally
  [32m✔[39m flex [90m[2m›[22m[39m grow one element
  [32m✔[39m flex [90m[2m›[22m[39m dont shrink
  [32m✔[39m flex [90m[2m›[22m[39m shrink equally
  [32m✔[39m flex [90m[2m›[22m[39m set flex basis with flexDirection="row" container
  [32m✔[39m flex [90m[2m›[22m[39m set flex basis in percent with flexDirection="row" container
  [32m✔[39m flex [90m[2m›[22m[39m set flex basis with flexDirection="column" container
  [32m✔[39m flex [90m[2m›[22m[39m set flex basis in percent with flexDirection="column" container
(node:30755) ExperimentalWarning: `--experimental-loader` may be removed in the future; instead use `register()`:
--import 'data:text/javascript,import { register } from "node:module"; import { pathToFileURL } from "node:url"; register("ts-node/esm", pathToFileURL("./"));'
(Use `node --trace-warnings ...` to show where the warning was created)
(node:30755) [DEP0180] DeprecationWarning: fs.Stats constructor is deprecated.
(Use `node --trace-deprecation ...` to show where the warning was created)
(node:30752) ExperimentalWarning: `--experimental-loader` may be removed in the future; instead use `register()`:
--import 'data:text/javascript,import { register } from "node:module"; import { pathToFileURL } from "node:url"; register("ts-node/esm", pathToFileURL("./"));'
(Use `node --trace-warnings ...` to show where the warning was created)
(node:30752) [DEP0180] DeprecationWarning: fs.Stats constructor is deprecated.
(Use `node --trace-deprecation ...` to show where the warning was created)
(node:30753) ExperimentalWarning: `--experimental-loader` may be removed in the future; instead use `register()`:
--import 'data:text/javascript,import { register } from "node:module"; import { pathToFileURL } from "node:url"; register("ts-node/esm", pathToFileURL("./"));'
(Use `node --trace-warnings ...` to show where the warning was created)
(node:30753) [DEP0180] DeprecationWarning: fs.Stats constructor is deprecated.
(Use `node --trace-deprecation ...` to show where the warning was created)
(node:30754) ExperimentalWarning: `--experimental-loader` may be removed in the future; instead use `register()`:
--import 'data:text/javascript,import { register } from "node:module"; import { pathToFileURL } from "node:url"; register("ts-node/esm", pathToFileURL("./"));'
(Use `node --trace-warnings ...` to show where the warning was created)
(node:30754) [DEP0180] DeprecationWarning: fs.Stats constructor is deprecated.
(Use `node --trace-deprecation ...` to show where the warning was created)
(node:30756) ExperimentalWarning: `--experimental-loader` may be removed in the future; instead use `register()`:
--import 'data:text/javascript,import { register } from "node:module"; import { pathToFileURL } from "node:url"; register("ts-node/esm", pathToFileURL("./"));'
(Use `node --trace-warnings ...` to show where the warning was created)
(node:30756) [DEP0180] DeprecationWarning: fs.Stats constructor is deprecated.
(Use `node --trace-deprecation ...` to show where the warning was created)
(node:30757) ExperimentalWarning: `--experimental-loader` may be removed in the future; instead use `register()`:
--import 'data:text/javascript,import { register } from "node:module"; import { pathToFileURL } from "node:url"; register("ts-node/esm", pathToFileURL("./"));'
(Use `node --trace-warnings ...` to show where the warning was created)
(node:30757) [DEP0180] DeprecationWarning: fs.Stats constructor is deprecated.
(Use `node --trace-deprecation ...` to show where the warning was created)
(node:30759) ExperimentalWarning: `--experimental-loader` may be removed in the future; instead use `register()`:
--import 'data:text/javascript,import { register } from "node:module"; import { pathToFileURL } from "node:url"; register("ts-node/esm", pathToFileURL("./"));'
(Use `node --trace-warnings ...` to show where the warning was created)
(node:30759) [DEP0180] DeprecationWarning: fs.Stats constructor is deprecated.
(Use `node --trace-deprecation ...` to show where the warning was created)
(node:30758) ExperimentalWarning: `--experimental-loader` may be removed in the future; instead use `register()`:
--import 'data:text/javascript,import { register } from "node:module"; import { pathToFileURL } from "node:url"; register("ts-node/esm", pathToFileURL("./"));'
(Use `node --trace-warnings ...` to show where the warning was created)
(node:30758) [DEP0180] DeprecationWarning: fs.Stats constructor is deprecated.
(Use `node --trace-deprecation ...` to show where the warning was created)
  [32m✔[39m gap [90m[2m›[22m[39m gap
  [32m✔[39m gap [90m[2m›[22m[39m column gap
  [32m✔[39m gap [90m[2m›[22m[39m row gap
  [32m✔[39m focus [90m[2m›[22m[39m dont focus on register when auto focus is off [90m[2m(153ms)[22m[39m
  [32m✔[39m focus [90m[2m›[22m[39m focus the first component to register [90m[2m(103ms)[22m[39m
(node:30760) ExperimentalWarning: `--experimental-loader` may be removed in the future; instead use `register()`:
--import 'data:text/javascript,import { register } from "node:module"; import { pathToFileURL } from "node:url"; register("ts-node/esm", pathToFileURL("./"));'
(Use `node --trace-warnings ...` to show where the warning was created)
(node:30760) [DEP0180] DeprecationWarning: fs.Stats constructor is deprecated.
(Use `node --trace-deprecation ...` to show where the warning was created)
  [32m✔[39m focus [90m[2m›[22m[39m unfocus active component on Esc [90m[2m(203ms)[22m[39m
  [32m✔[39m measure-text [90m[2m›[22m[39m handle string width function that throws
  [32m✔[39m measure-text [90m[2m›[22m[39m measure "constructor"
  [32m✔[39m measure-text [90m[2m›[22m[39m measure simple emoji
  [32m✔[39m measure-text [90m[2m›[22m[39m measure emoji with skin tone modifier
  [32m✔[39m measure-text [90m[2m›[22m[39m measure emoji ZWJ sequence
  [32m✔[39m measure-text [90m[2m›[22m[39m measure flags
  [32m✔[39m measure-text [90m[2m›[22m[39m measure multiple flags
  [32m✔[39m measure-text [90m[2m›[22m[39m measure combining marks
  [32m✔[39m measure-text [90m[2m›[22m[39m measure mixed content
  [32m✔[39m measure-text [90m[2m›[22m[39m measure variation selectors
  [32m✔[39m measure-text [90m[2m›[22m[39m do not combine regular characters
  [32m✔[39m measure-text [90m[2m›[22m[39m combine emoji ZWJ sequence into single styled char
  [32m✔[39m measure-text [90m[2m›[22m[39m combine flag sequence into single styled char
  [32m✔[39m measure-text [90m[2m›[22m[39m handle tabs by expanding to 4 spaces
  [32m✔[39m measure-text [90m[2m›[22m[39m ignore backspaces
  [32m✔[39m measure-text [90m[2m›[22m[39m group styled chars into words
  [32m✔[39m measure-text [90m[2m›[22m[39m group styled chars with newlines
  [32m✔[39m measure-text [90m[2m›[22m[39m group styled chars with multiple spaces
  [32m✔[39m focus [90m[2m›[22m[39m switch focus to first component on Tab [90m[2m(203ms)[22m[39m
  [32m✔[39m focus [90m[2m›[22m[39m switch focus to the next component on Tab [90m[2m(204ms)[22m[39m
  [32m✔[39m indent-wrapping [90m[2m›[22m[39m preserves indentation when wrapping if there is room
  [32m✔[39m indent-wrapping [90m[2m›[22m[39m drops indentation when it does not fit
  [32m✔[39m indent-wrapping [90m[2m›[22m[39m preserves just indentation
  [32m✔[39m indent-wrapping [90m[2m›[22m[39m preserves just indentation no box
(node:30761) ExperimentalWarning: `--experimental-loader` may be removed in the future; instead use `register()`:
--import 'data:text/javascript,import { register } from "node:module"; import { pathToFileURL } from "node:url"; register("ts-node/esm", pathToFileURL("./"));'
(Use `node --trace-warnings ...` to show where the warning was created)
(node:30761) [DEP0180] DeprecationWarning: fs.Stats constructor is deprecated.
(Use `node --trace-deprecation ...` to show where the warning was created)
  [32m✔[39m output-trim [90m[2m›[22m[39m removes trailing unstyled spaces from styledOutput
  [32m✔[39m focus [90m[2m›[22m[39m switch focus to the first component if currently focused component is the last one on Tab [90m[2m(303ms)[22m[39m
(node:30763) ExperimentalWarning: `--experimental-loader` may be removed in the future; instead use `register()`:
--import 'data:text/javascript,import { register } from "node:module"; import { pathToFileURL } from "node:url"; register("ts-node/esm", pathToFileURL("./"));'
(Use `node --trace-warnings ...` to show where the warning was created)
(node:30763) [DEP0180] DeprecationWarning: fs.Stats constructor is deprecated.
(Use `node --trace-deprecation ...` to show where the warning was created)
  [32m✔[39m focus [90m[2m›[22m[39m skip disabled component on Tab [90m[2m(202ms)[22m[39m
(node:30764) ExperimentalWarning: `--experimental-loader` may be removed in the future; instead use `register()`:
--import 'data:text/javascript,import { register } from "node:module"; import { pathToFileURL } from "node:url"; register("ts-node/esm", pathToFileURL("./"));'
(Use `node --trace-warnings ...` to show where the warning was created)
(node:30764) [DEP0180] DeprecationWarning: fs.Stats constructor is deprecated.
(Use `node --trace-deprecation ...` to show where the warning was created)
  [32m✔[39m position-ime-cursor [90m[2m›[22m[39m positionImeCursor - first line
  [32m✔[39m position-ime-cursor [90m[2m›[22m[39m positionImeCursor - middle line
  [32m✔[39m position-ime-cursor [90m[2m›[22m[39m positionImeCursor - last line
  [32m✔[39m focus [90m[2m›[22m[39m switch focus to the previous component on Shift+Tab [90m[2m(305ms)[22m[39m
  [32m✔[39m focus [90m[2m›[22m[39m switch focus to the last component if currently focused component is the first one on Shift+Tab [90m[2m(206ms)[22m[39m
(node:30765) ExperimentalWarning: `--experimental-loader` may be removed in the future; instead use `register()`:
--import 'data:text/javascript,import { register } from "node:module"; import { pathToFileURL } from "node:url"; register("ts-node/esm", pathToFileURL("./"));'
(Use `node --trace-warnings ...` to show where the warning was created)
(node:30765) [DEP0180] DeprecationWarning: fs.Stats constructor is deprecated.
(Use `node --trace-deprecation ...` to show where the warning was created)
  [32m✔[39m focus [90m[2m›[22m[39m skip disabled component on Shift+Tab [90m[2m(202ms)[22m[39m
  [32m✔[39m focus [90m[2m›[22m[39m reset focus when focused component unregisters [90m[2m(203ms)[22m[39m
  [32m✔[39m nested-clipping [90m[2m›[22m[39m nested clipping - content inside deeply nested scrollable should be rendered with terminalBuffer
[?25h
  [32m✔[39m margin [90m[2m›[22m[39m margin
  [32m✔[39m margin [90m[2m›[22m[39m margin X
  [32m✔[39m margin [90m[2m›[22m[39m margin Y
  [32m✔[39m margin [90m[2m›[22m[39m margin top
  [32m✔[39m margin [90m[2m›[22m[39m margin bottom
  [32m✔[39m margin [90m[2m›[22m[39m margin left
  [32m✔[39m margin [90m[2m›[22m[39m margin right
  [32m✔[39m margin [90m[2m›[22m[39m nested margin
  [32m✔[39m margin [90m[2m›[22m[39m margin with multiline string
  [32m✔[39m margin [90m[2m›[22m[39m apply margin to text with newlines
  [32m✔[39m margin [90m[2m›[22m[39m apply margin to wrapped text
  [32m✔[39m measure-element [90m[2m›[22m[39m measure element
  [32m✔[39m measure-element [90m[2m›[22m[39m get bounding box
  [32m✔[39m measure-element [90m[2m›[22m[39m get inner width
  [32m✔[39m measure-element [90m[2m›[22m[39m get inner height
  [32m✔[39m measure-element [90m[2m›[22m[39m get bounding box of nested element
  [32m✔[39m measure-element [90m[2m›[22m[39m get scroll height and width
  [32m✔[39m measure-element [90m[2m›[22m[39m get bounding box with scroll position
  [32m✔[39m measure-element [90m[2m›[22m[39m get vertical scrollbar bounding box
  [32m✔[39m measure-element [90m[2m›[22m[39m get vertical scrollbar bounding box with border
  [32m✔[39m measure-element [90m[2m›[22m[39m get vertical scrollbar bounding box scrolled
  [32m✔[39m measure-element [90m[2m›[22m[39m get horizontal scrollbar bounding box
  [32m✔[39m measure-element [90m[2m›[22m[39m get horizontal scrollbar bounding box scrolled
  [32m✔[39m measure-element [90m[2m›[22m[39m get horizontal scrollbar bounding box with border
  [32m✔[39m measure-element [90m[2m›[22m[39m get both scrollbars bounding box
  [32m✔[39m measure-element [90m[2m›[22m[39m get scrollbar bounding box when not scrollable
  [32m✔[39m nested-static-border [90m[2m›[22m[39m Nested StaticRender test [90m[2m(106ms)[22m[39m
[?25h
(node:30766) ExperimentalWarning: `--experimental-loader` may be removed in the future; instead use `register()`:
--import 'data:text/javascript,import { register } from "node:module"; import { pathToFileURL } from "node:url"; register("ts-node/esm", pathToFileURL("./"));'
(Use `node --trace-warnings ...` to show where the warning was created)
(node:30766) [DEP0180] DeprecationWarning: fs.Stats constructor is deprecated.
(Use `node --trace-deprecation ...` to show where the warning was created)
(node:30767) ExperimentalWarning: `--experimental-loader` may be removed in the future; instead use `register()`:
--import 'data:text/javascript,import { register } from "node:module"; import { pathToFileURL } from "node:url"; register("ts-node/esm", pathToFileURL("./"));'
(Use `node --trace-warnings ...` to show where the warning was created)
(node:30767) [DEP0180] DeprecationWarning: fs.Stats constructor is deprecated.
(Use `node --trace-deprecation ...` to show where the warning was created)
  [32m✔[39m focus [90m[2m›[22m[39m focus first component after focused component unregisters [90m[2m(305ms)[22m[39m
  [32m✔[39m multi-char-text [90m[2m›[22m[39m multi-character emoji in fixed-width box with border - default width [90m[2m(316ms)[22m[39m
  [32m✔[39m multi-char-text [90m[2m›[22m[39m multi-character emoji in fixed-width box with border - width 1 emojis [90m[2m(277ms)[22m[39m
  [32m✔[39m multi-char-text [90m[2m›[22m[39m multi-character emoji in fixed-width box with border - width 2 emojis [90m[2m(268ms)[22m[39m
  [32m✔[39m multi-char-text [90m[2m›[22m[39m multi-character emoji in fixed-width box with border - width 3 emojis [90m[2m(266ms)[22m[39m
  [32m✔[39m multi-char-text [90m[2m›[22m[39m multi-character emoji wrapping in a box with border followed by some text - default width [90m[2m(265ms)[22m[39m
  [32m✔[39m multi-char-text [90m[2m›[22m[39m multi-character emoji wrapping in a box with border followed by some text - width 1 emojis [90m[2m(257ms)[22m[39m
  [32m✔[39m multi-char-text [90m[2m›[22m[39m multi-character emoji wrapping in a box with border followed by some text - width 2 emojis [90m[2m(254ms)[22m[39m
  [32m✔[39m multi-char-text [90m[2m›[22m[39m multi-character emoji wrapping in a box with border followed by some text - width 3 emojis [90m[2m(251ms)[22m[39m
  [32m✔[39m multi-char-text [90m[2m›[22m[39m multi-character emoji with background color - default width [90m[2m(249ms)[22m[39m
  [32m✔[39m multi-char-text [90m[2m›[22m[39m multi-character emoji with background color - width 1 emojis [90m[2m(214ms)[22m[39m
  [32m✔[39m multi-char-text [90m[2m›[22m[39m multi-character emoji with background color - width 2 emojis [90m[2m(212ms)[22m[39m
  [32m✔[39m multi-char-text [90m[2m›[22m[39m multi-character emoji with background color - width 3 emojis [90m[2m(211ms)[22m[39m
  [32m✔[39m multi-char-text [90m[2m›[22m[39m multiple multi-character emojis with wrapping and background - default width [90m[2m(210ms)[22m[39m
  [32m✔[39m multi-char-text [90m[2m›[22m[39m multiple multi-character emojis with wrapping and background - width 1 emojis [90m[2m(172ms)[22m[39m
  [32m✔[39m multi-char-text [90m[2m›[22m[39m multiple multi-character emojis with wrapping and background - width 2 emojis [90m[2m(147ms)[22m[39m
  [32m✔[39m multi-char-text [90m[2m›[22m[39m multiple multi-character emojis with wrapping and background - width 3 emojis [90m[2m(141ms)[22m[39m
  [32m✔[39m multi-char-text [90m[2m›[22m[39m combining character in fixed-width box - default width [90m[2m(140ms)[22m[39m
  [32m✔[39m multi-char-text [90m[2m›[22m[39m all multi-character strings in one box - default width [90m[2m(139ms)[22m[39m
  [32m✔[39m multi-char-text [90m[2m›[22m[39m all multi-character strings in one box - width 1 emojis [90m[2m(123ms)[22m[39m
  [32m✔[39m multi-char-text [90m[2m›[22m[39m all multi-character strings in one box - width 2 emojis
  [32m✔[39m multi-char-text [90m[2m›[22m[39m all multi-character strings in one box - width 3 emojis
  [32m✔[39m multi-char-text [90m[2m›[22m[39m box with many tabs - default width
  [32m✔[39m multi-char-text [90m[2m›[22m[39m box with backspace characters - default width
  [32m✔[39m multi-char-text [90m[2m›[22m[39m emoji truncation with wrap="wrap" - default width
  [32m✔[39m multi-char-text [90m[2m›[22m[39m emoji truncation with wrap="end" - default width
  [32m✔[39m multi-char-text [90m[2m›[22m[39m emoji truncation with wrap="middle" - default width
  [32m✔[39m multi-char-text [90m[2m›[22m[39m emoji truncation with wrap="truncate-end" - default width
  [32m✔[39m multi-char-text [90m[2m›[22m[39m emoji truncation with wrap="truncate" - default width
  [32m✔[39m multi-char-text [90m[2m›[22m[39m emoji truncation with wrap="truncate-middle" - default width
  [32m✔[39m multi-char-text [90m[2m›[22m[39m emoji truncation with wrap="truncate-start" - default width
  [32m✔[39m multi-char-text [90m[2m›[22m[39m wrapping of the same complex emoji repeated 20 times
  [32m✔[39m multi-char-text [90m[2m›[22m[39m multiline string starting with 2-char emoji wrapped in box with varying width and padding
  [32m✔[39m multi-char-text [90m[2m›[22m[39m recalculate layout on string width function change and rerender
(node:30768) ExperimentalWarning: `--experimental-loader` may be removed in the future; instead use `register()`:
--import 'data:text/javascript,import { register } from "node:module"; import { pathToFileURL } from "node:url"; register("ts-node/esm", pathToFileURL("./"));'
(Use `node --trace-warnings ...` to show where the warning was created)
(node:30768) [DEP0180] DeprecationWarning: fs.Stats constructor is deprecated.
(Use `node --trace-deprecation ...` to show where the warning was created)
(node:30769) ExperimentalWarning: `--experimental-loader` may be removed in the future; instead use `register()`:
--import 'data:text/javascript,import { register } from "node:module"; import { pathToFileURL } from "node:url"; register("ts-node/esm", pathToFileURL("./"));'
(Use `node --trace-warnings ...` to show where the warning was created)
(node:30769) [DEP0180] DeprecationWarning: fs.Stats constructor is deprecated.
(Use `node --trace-deprecation ...` to show where the warning was created)
  [32m✔[39m render-regression-newline [90m[2m›[22m[39m multiple renders do not add extra blank lines at the bottom
  [32m✔[39m overflow [90m[2m›[22m[39m overflowX - single text node in a box inside overflow container [90m[2m(188ms)[22m[39m
  [32m✔[39m overflow [90m[2m›[22m[39m overflowX - single text node inside overflow container with border [90m[2m(151ms)[22m[39m
  [32m✔[39m overflow [90m[2m›[22m[39m overflowX - single text node in a box with border inside overflow container
  [32m✔[39m overflow [90m[2m›[22m[39m overflowX - multiple text nodes in a box inside overflow container
  [32m✔[39m overflow [90m[2m›[22m[39m overflowX - multiple text nodes in a box inside overflow container with border
  [32m✔[39m overflow [90m[2m›[22m[39m overflowX - multiple text nodes in a box with border inside overflow container
  [32m✔[39m overflow [90m[2m›[22m[39m overflowX - multiple boxes inside overflow container
  [32m✔[39m overflow [90m[2m›[22m[39m overflowX - multiple boxes inside overflow container with border
  [32m✔[39m overflow [90m[2m›[22m[39m overflowX - box before left edge of overflow container
  [32m✔[39m overflow [90m[2m›[22m[39m overflowX - box before left edge of overflow container with border
  [32m✔[39m overflow [90m[2m›[22m[39m overflowX - box intersecting with left edge of overflow container
  [32m✔[39m overflow [90m[2m›[22m[39m overflowX - box intersecting with left edge of overflow container with border
  [32m✔[39m overflow [90m[2m›[22m[39m overflowX - box after right edge of overflow container
  [32m✔[39m overflow [90m[2m›[22m[39m overflowX - box intersecting with right edge of overflow container
  [32m✔[39m overflow [90m[2m›[22m[39m overflowY - single text node inside overflow container
  [32m✔[39m overflow [90m[2m›[22m[39m overflowY - single text node inside overflow container with border
  [32m✔[39m overflow [90m[2m›[22m[39m overflowY - multiple boxes inside overflow container
  [32m✔[39m overflow [90m[2m›[22m[39m overflowY - multiple boxes inside overflow container with border
  [32m✔[39m overflow [90m[2m›[22m[39m overflowY - box above top edge of overflow container
  [32m✔[39m overflow [90m[2m›[22m[39m overflowY - box above top edge of overflow container with border
  [32m✔[39m overflow [90m[2m›[22m[39m overflowY - box intersecting with top edge of overflow container
  [32m✔[39m overflow [90m[2m›[22m[39m overflowY - box intersecting with top edge of overflow container with border
  [32m✔[39m overflow [90m[2m›[22m[39m overflowY - box below bottom edge of overflow container
  [32m✔[39m overflow [90m[2m›[22m[39m overflowY - box below bottom edge of overflow container with border
  [32m✔[39m overflow [90m[2m›[22m[39m overflowY - box intersecting with bottom edge of overflow container
  [32m✔[39m overflow [90m[2m›[22m[39m overflowY - box intersecting with bottom edge of overflow container with border
  [32m✔[39m overflow [90m[2m›[22m[39m overflow - single text node inside overflow container
  [32m✔[39m overflow [90m[2m›[22m[39m overflow - single text node inside overflow container with border
  [32m✔[39m overflow [90m[2m›[22m[39m overflow - multiple boxes inside overflow container
  [32m✔[39m overflow [90m[2m›[22m[39m overflow - multiple boxes inside overflow container with border
  [32m✔[39m overflow [90m[2m›[22m[39m overflow - box intersecting with top left edge of overflow container
  [32m✔[39m overflow [90m[2m›[22m[39m overflow - box intersecting with top right edge of overflow container
  [32m✔[39m overflow [90m[2m›[22m[39m overflow - box intersecting with bottom left edge of overflow container
  [32m✔[39m overflow [90m[2m›[22m[39m overflow - box intersecting with bottom right edge of overflow container
  [32m✔[39m overflow [90m[2m›[22m[39m nested overflow
  [32m✔[39m overflow [90m[2m›[22m[39m out of bounds writes do not crash
  [32m✔[39m nested-static-gap [90m[2m›[22m[39m Multiple additions to nested StaticRender do not leave gaps [90m[2m(227ms)[22m[39m
[?25h
(node:30770) ExperimentalWarning: `--experimental-loader` may be removed in the future; instead use `register()`:
--import 'data:text/javascript,import { register } from "node:module"; import { pathToFileURL } from "node:url"; register("ts-node/esm", pathToFileURL("./"));'
(Use `node --trace-warnings ...` to show where the warning was created)
(node:30770) [DEP0180] DeprecationWarning: fs.Stats constructor is deprecated.
(Use `node --trace-deprecation ...` to show where the warning was created)
(node:30771) ExperimentalWarning: `--experimental-loader` may be removed in the future; instead use `register()`:
--import 'data:text/javascript,import { register } from "node:module"; import { pathToFileURL } from "node:url"; register("ts-node/esm", pathToFileURL("./"));'
(Use `node --trace-warnings ...` to show where the warning was created)
(node:30771) [DEP0180] DeprecationWarning: fs.Stats constructor is deprecated.
(Use `node --trace-deprecation ...` to show where the warning was created)
  [32m✔[39m focus [90m[2m›[22m[39m toggle focus management [90m[2m(509ms)[22m[39m
(node:30773) ExperimentalWarning: `--experimental-loader` may be removed in the future; instead use `register()`:
--import 'data:text/javascript,import { register } from "node:module"; import { pathToFileURL } from "node:url"; register("ts-node/esm", pathToFileURL("./"));'
(Use `node --trace-warnings ...` to show where the warning was created)
(node:30773) [DEP0180] DeprecationWarning: fs.Stats constructor is deprecated.
(Use `node --trace-deprecation ...` to show where the warning was created)
(node:30772) ExperimentalWarning: `--experimental-loader` may be removed in the future; instead use `register()`:
--import 'data:text/javascript,import { register } from "node:module"; import { pathToFileURL } from "node:url"; register("ts-node/esm", pathToFileURL("./"));'
(Use `node --trace-warnings ...` to show where the warning was created)
(node:30772) [DEP0180] DeprecationWarning: fs.Stats constructor is deprecated.
(Use `node --trace-deprecation ...` to show where the warning was created)
  [32m✔[39m focus [90m[2m›[22m[39m manually focus next component [90m[2m(203ms)[22m[39m
  [32m✔[39m padding [90m[2m›[22m[39m padding
  [32m✔[39m padding [90m[2m›[22m[39m padding X
  [32m✔[39m padding [90m[2m›[22m[39m padding Y
  [32m✔[39m padding [90m[2m›[22m[39m padding top
  [32m✔[39m padding [90m[2m›[22m[39m padding bottom
  [32m✔[39m padding [90m[2m›[22m[39m padding left
  [32m✔[39m padding [90m[2m›[22m[39m padding right
  [32m✔[39m padding [90m[2m›[22m[39m nested padding
  [32m✔[39m padding [90m[2m›[22m[39m padding with multiline string
  [32m✔[39m padding [90m[2m›[22m[39m apply padding to text with newlines
  [32m✔[39m padding [90m[2m›[22m[39m apply padding to wrapped text
  [32m✔[39m render-worker-cursor-restore [90m[2m›[22m[39m TerminalBufferWorker restores cursor on done
  [32m✔[39m focus [90m[2m›[22m[39m manually focus previous component [90m[2m(204ms)[22m[39m
(node:30775) ExperimentalWarning: `--experimental-loader` may be removed in the future; instead use `register()`:
--import 'data:text/javascript,import { register } from "node:module"; import { pathToFileURL } from "node:url"; register("ts-node/esm", pathToFileURL("./"));'
(Use `node --trace-warnings ...` to show where the warning was created)
(node:30775) [DEP0180] DeprecationWarning: fs.Stats constructor is deprecated.
(Use `node --trace-deprecation ...` to show where the warning was created)
(node:30774) ExperimentalWarning: `--experimental-loader` may be removed in the future; instead use `register()`:
--import 'data:text/javascript,import { register } from "node:module"; import { pathToFileURL } from "node:url"; register("ts-node/esm", pathToFileURL("./"));'
(Use `node --trace-warnings ...` to show where the warning was created)
(node:30774) [DEP0180] DeprecationWarning: fs.Stats constructor is deprecated.
(Use `node --trace-deprecation ...` to show where the warning was created)
  [32m✔[39m focus [90m[2m›[22m[39m doesnt crash when focusing next on unmounted children [90m[2m(204ms)[22m[39m
  [32m✔[39m focus [90m[2m›[22m[39m doesnt crash when focusing previous on unmounted children [90m[2m(204ms)[22m[39m
  [32m✔[39m repro-bug-scroll [90m[2m›[22m[39m TerminalBufferWorker scroll down without backbuffer
  [32m✔[39m render-worker [90m[2m›[22m[39m TerminalBufferWorker correctly tracks backbufferDirty
  [32m✔[39m render-worker [90m[2m›[22m[39m TerminalBufferWorker catches invalid scroll during animation tick
  [32m✔[39m render-worker [90m[2m›[22m[39m TerminalBufferWorker avoids duplicate backbuffer lines on scroll oscillation
  [32m✔[39m render-worker [90m[2m›[22m[39m TerminalBufferWorker correctly manages and clears cursor position
  [32m✔[39m render-worker-xterm [90m[2m›[22m[39m TerminalBufferWorker renders initial content correctly
  [32m✔[39m render-worker-xterm [90m[2m›[22m[39m TerminalBufferWorker preserves history on initial render
  [32m✔[39m render-worker-xterm [90m[2m›[22m[39m TerminalBufferWorker handles updates correctly
  [32m✔[39m render-worker-xterm [90m[2m›[22m[39m TerminalBufferWorker handles scrolling correctly
  [32m✔[39m focus [90m[2m›[22m[39m focuses first non-disabled component [90m[2m(101ms)[22m[39m
(node:30782) ExperimentalWarning: `--experimental-loader` may be removed in the future; instead use `register()`:
--import 'data:text/javascript,import { register } from "node:module"; import { pathToFileURL } from "node:url"; register("ts-node/esm", pathToFileURL("./"));'
(Use `node --trace-warnings ...` to show where the warning was created)
(node:30782) [DEP0180] DeprecationWarning: fs.Stats constructor is deprecated.
(Use `node --trace-deprecation ...` to show where the warning was created)
(node:30780) ExperimentalWarning: `--experimental-loader` may be removed in the future; instead use `register()`:
--import 'data:text/javascript,import { register } from "node:module"; import { pathToFileURL } from "node:url"; register("ts-node/esm", pathToFileURL("./"));'
(Use `node --trace-warnings ...` to show where the warning was created)
(node:30780) [DEP0180] DeprecationWarning: fs.Stats constructor is deprecated.
(Use `node --trace-deprecation ...` to show where the warning was created)
(node:30781) ExperimentalWarning: `--experimental-loader` may be removed in the future; instead use `register()`:
--import 'data:text/javascript,import { register } from "node:module"; import { pathToFileURL } from "node:url"; register("ts-node/esm", pathToFileURL("./"));'
(Use `node --trace-warnings ...` to show where the warning was created)
(node:30781) [DEP0180] DeprecationWarning: fs.Stats constructor is deprecated.
(Use `node --trace-deprecation ...` to show where the warning was created)
  [32m✔[39m focus [90m[2m›[22m[39m skips disabled elements when wrapping around [90m[2m(303ms)[22m[39m
  [32m✔[39m reconciler [90m[2m›[22m[39m update child [90m[2m(148ms)[22m[39m
  [32m✔[39m reconciler [90m[2m›[22m[39m update text node
  [32m✔[39m reconciler [90m[2m›[22m[39m append child
  [32m✔[39m reconciler [90m[2m›[22m[39m insert child between other children
  [32m✔[39m reconciler [90m[2m›[22m[39m remove child
  [32m✔[39m reconciler [90m[2m›[22m[39m reorder children
  [32m✔[39m reconciler [90m[2m›[22m[39m replace child node with text
  [32m✔[39m focus [90m[2m›[22m[39m skips disabled elements when wrapping around from the front [90m[2m(204ms)[22m[39m
  [32m✔[39m repro-nested-scroll-backbuffer [90m[2m›[22m[39m TerminalBufferWorker should correctly render nested scrollables in root backbuffer by expanding them
  [32m✔[39m repro-nested-scroll-backbuffer [90m[2m›[22m[39m TerminalBufferWorker should correctly render inner overflow of nested scrollable in its own chunk
  [32m✔[39m repro-oscillation-corruption [90m[2m›[22m[39m Reproduction: 4-down/4-up oscillation leads to backbuffer corruption
    [35mℹ[39m [90mInitial (scrollTop: 0) -> baseY: 0, history: [][39m
    [35mℹ[39m [90m--- SCROLLING DOWN 4 ---[39m
    [35mℹ[39m [90mDown 1 (scrollTop: 1) -> baseY: 1, history: [Line 0][39m
    [35mℹ[39m [90mDown 2 (scrollTop: 2) -> baseY: 2, history: [Line 0, Line 1][39m
    [35mℹ[39m [90mDown 3 (scrollTop: 3) -> baseY: 3, history: [Line 0, Line 1, Line 2][39m
    [35mℹ[39m [90mDown 4 (scrollTop: 4) -> baseY: 4, history: [Line 0, Line 1, Line 2, Line 3][39m
    [35mℹ[39m [90m--- SCROLLING UP 4 ---[39m
    [35mℹ[39m [90mUp 3 (scrollTop: 3) -> baseY: 4, history: [Line 0, Line 1, Line 2, Line 3][39m
    [35mℹ[39m [90mUp 2 (scrollTop: 2) -> baseY: 4, history: [Line 0, Line 1, Line 2, Line 3][39m
    [35mℹ[39m [90mUp 1 (scrollTop: 1) -> baseY: 4, history: [Line 0, Line 1, Line 2, Line 3][39m
    [35mℹ[39m [90mUp 0 (scrollTop: 0) -> baseY: 4, history: [Line 0, Line 1, Line 2, Line 3][39m
    [35mℹ[39m [90m--- SCROLLING DOWN 4 AGAIN ---[39m
    [35mℹ[39m [90mDown Again 1 (scrollTop: 1) -> baseY: 4, history: [Line 0, Line 1, Line 2, Line 3][39m
    [35mℹ[39m [90mDown Again 2 (scrollTop: 2) -> baseY: 4, history: [Line 0, Line 1, Line 2, Line 3][39m
    [35mℹ[39m [90mDown Again 3 (scrollTop: 3) -> baseY: 4, history: [Line 0, Line 1, Line 2, Line 3][39m
    [35mℹ[39m [90mDown Again 4 (scrollTop: 4) -> baseY: 4, history: [Line 0, Line 1, Line 2, Line 3][39m
    [35mℹ[39m [90m--- SCROLLING UP 4 AGAIN ---[39m
    [35mℹ[39m [90mUp Again 3 (scrollTop: 3) -> baseY: 4, history: [Line 0, Line 1, Line 2, Line 3][39m
    [35mℹ[39m [90mUp Again 2 (scrollTop: 2) -> baseY: 4, history: [Line 0, Line 1, Line 2, Line 3][39m
    [35mℹ[39m [90mUp Again 1 (scrollTop: 1) -> baseY: 4, history: [Line 0, Line 1, Line 2, Line 3][39m
    [35mℹ[39m [90mUp Again 0 (scrollTop: 0) -> baseY: 4, history: [Line 0, Line 1, Line 2, Line 3][39m
(node:30788) ExperimentalWarning: `--experimental-loader` may be removed in the future; instead use `register()`:
--import 'data:text/javascript,import { register } from "node:module"; import { pathToFileURL } from "node:url"; register("ts-node/esm", pathToFileURL("./"));'
(Use `node --trace-warnings ...` to show where the warning was created)
(node:30788) [DEP0180] DeprecationWarning: fs.Stats constructor is deprecated.
(Use `node --trace-deprecation ...` to show where the warning was created)
(node:30789) ExperimentalWarning: `--experimental-loader` may be removed in the future; instead use `register()`:
--import 'data:text/javascript,import { register } from "node:module"; import { pathToFileURL } from "node:url"; register("ts-node/esm", pathToFileURL("./"));'
(Use `node --trace-warnings ...` to show where the warning was created)
(node:30789) [DEP0180] DeprecationWarning: fs.Stats constructor is deprecated.
(Use `node --trace-deprecation ...` to show where the warning was created)
(node:30787) ExperimentalWarning: `--experimental-loader` may be removed in the future; instead use `register()`:
--import 'data:text/javascript,import { register } from "node:module"; import { pathToFileURL } from "node:url"; register("ts-node/esm", pathToFileURL("./"));'
(Use `node --trace-warnings ...` to show where the warning was created)
(node:30787) [DEP0180] DeprecationWarning: fs.Stats constructor is deprecated.
(Use `node --trace-deprecation ...` to show where the warning was created)
  [32m✔[39m reconciler [90m[2m›[22m[39m support suspense [90m[2m(504ms)[22m[39m
(node:30790) ExperimentalWarning: `--experimental-loader` may be removed in the future; instead use `register()`:
--import 'data:text/javascript,import { register } from "node:module"; import { pathToFileURL } from "node:url"; register("ts-node/esm", pathToFileURL("./"));'
(Use `node --trace-warnings ...` to show where the warning was created)
(node:30790) [DEP0180] DeprecationWarning: fs.Stats constructor is deprecated.
(Use `node --trace-deprecation ...` to show where the warning was created)
  [31m✘ [fail]:[39m render [90m[2m›[22m[39m do not erase screen [3m[31mRejected promise returned by test[39m[23m
  [31m✘ [fail]:[39m render [90m[2m›[22m[39m do not erase screen where <Static> is taller than viewport [3m[31mRejected promise returned by test[39m[23m
  [31m✘ [fail]:[39m render [90m[2m›[22m[39m erase screen [3m[31mRejected promise returned by test[39m[23m
  [31m✘ [fail]:[39m render [90m[2m›[22m[39m erase screen where <Static> exists but interactive part is taller than viewport [3m[31mRejected promise returned by test[39m[23m
  [31m✘ [fail]:[39m render [90m[2m›[22m[39m erase screen where state changes [3m[31mRejected promise returned by test[39m[23m
  [31m✘ [fail]:[39m render [90m[2m›[22m[39m erase screen where state changes in small viewport [3m[31mRejected promise returned by test[39m[23m
  [31m✘ [fail]:[39m render [90m[2m›[22m[39m fullscreen mode should not add extra newline at the bottom [3m[31mRejected promise returned by test[39m[23m
  [31m✘ [fail]:[39m render [90m[2m›[22m[39m clear output [3m[31mRejected promise returned by test[39m[23m
  [31m✘ [fail]:[39m render [90m[2m›[22m[39m intercept console methods and display result above output [3m[31mRejected promise returned by test[39m[23m
  [32m✔[39m repro-clipping [90m[2m›[22m[39m clipping - nested scrollable box inside hidden overflow box should be visible
  [32m✔[39m repro-clipping [90m[2m›[22m[39m clipping - content should be clipped by parent hidden overflow
  [32m✔[39m repro-clipping [90m[2m›[22m[39m clipping - content should be clipped by nested hidden overflow
  [32m✔[39m render [90m[2m›[22m[39m rerender on resize [90m[2m(202ms)[22m[39m
  [32m✔[39m render [90m[2m›[22m[39m throttle renders to maxFps
  [32m✔[39m render [90m[2m›[22m[39m outputs renderTime when onRender is passed
  [32m✔[39m render [90m[2m›[22m[39m no throttled renders after unmount
Hello
  [32m✔[39m render [90m[2m›[22m[39m expose rootNode on instance
(node:30800) ExperimentalWarning: `--experimental-loader` may be removed in the future; instead use `register()`:
--import 'data:text/javascript,import { register } from "node:module"; import { pathToFileURL } from "node:url"; register("ts-node/esm", pathToFileURL("./"));'
(Use `node --trace-warnings ...` to show where the warning was created)
(node:30800) [DEP0180] DeprecationWarning: fs.Stats constructor is deprecated.
(Use `node --trace-deprecation ...` to show where the warning was created)
(node:30801) ExperimentalWarning: `--experimental-loader` may be removed in the future; instead use `register()`:
--import 'data:text/javascript,import { register } from "node:module"; import { pathToFileURL } from "node:url"; register("ts-node/esm", pathToFileURL("./"));'
(Use `node --trace-warnings ...` to show where the warning was created)
(node:30801) [DEP0180] DeprecationWarning: fs.Stats constructor is deprecated.
(Use `node --trace-deprecation ...` to show where the warning was created)
  [32m✔[39m scroll-animation-first-frame [90m[2m›[22m[39m TerminalBufferWorker should not animate scroll on first frame of a region
  [32m✔[39m repro-scroll-box [90m[2m›[22m[39m debug standard scroll container clipping
  [32m✔[39m repro-sticky-static [90m[2m›[22m[39m sticky inside static render boundary test 4
(node:30802) ExperimentalWarning: `--experimental-loader` may be removed in the future; instead use `register()`:
--import 'data:text/javascript,import { register } from "node:module"; import { pathToFileURL } from "node:url"; register("ts-node/esm", pathToFileURL("./"));'
(Use `node --trace-warnings ...` to show where the warning was created)
(node:30802) [DEP0180] DeprecationWarning: fs.Stats constructor is deprecated.
(Use `node --trace-deprecation ...` to show where the warning was created)
(node:30803) ExperimentalWarning: `--experimental-loader` may be removed in the future; instead use `register()`:
--import 'data:text/javascript,import { register } from "node:module"; import { pathToFileURL } from "node:url"; register("ts-node/esm", pathToFileURL("./"));'
(Use `node --trace-warnings ...` to show where the warning was created)
(node:30803) [DEP0180] DeprecationWarning: fs.Stats constructor is deprecated.
(Use `node --trace-deprecation ...` to show where the warning was created)
(node:30805) ExperimentalWarning: `--experimental-loader` may be removed in the future; instead use `register()`:
--import 'data:text/javascript,import { register } from "node:module"; import { pathToFileURL } from "node:url"; register("ts-node/esm", pathToFileURL("./"));'
(Use `node --trace-warnings ...` to show where the warning was created)
(node:30805) [DEP0180] DeprecationWarning: fs.Stats constructor is deprecated.
(Use `node --trace-deprecation ...` to show where the warning was created)
  [32m✔[39m resize-observer [90m[2m›[22m[39m ResizeObserver attached to child of a StaticRender element still gets successfully called the very time it is rendered with a valid height
  [32m✔[39m resize-observer [90m[2m›[22m[39m ResizeObserver inside StaticRender does not yield NaN
  [32m✔[39m resize-observer [90m[2m›[22m[39m ResizeObserver attached to parent of a StaticRender element does not get spurious updates
  [32m✔[39m resize-observer [90m[2m›[22m[39m ResizeObserver detects size changes
  [32m✔[39m resize-observer [90m[2m›[22m[39m ResizeObserver handles multiple observers [90m[2m(103ms)[22m[39m
  [32m✔[39m resize-observer [90m[2m›[22m[39m ResizeObserver unobserve works [90m[2m(120ms)[22m[39m
  [32m✔[39m repro-sticky [90m[2m›[22m[39m nested scrollable sticky header position [90m[2m(130ms)[22m[39m
    [35mℹ[39m [90mFull Output:[39m
      [90m0: Spacer Line 0[39m
      [90m1: Spacer Line 1[39m
      [90m2: Spacer Line 2[39m
      [90m3: Spacer Line 3[39m
      [90m4: Spacer Line 4[39m
      [90m5: Spacer Line 5[39m
      [90m6: Spacer Line 6[39m
      [90m7: Spacer Line 7[39m
      [90m8: Spacer Line 8[39m
      [90m9: Spacer Line 9[39m
      [90m10: ┌────────────────────────────────────────────────┐[39m
      [90m11: │Line 6                                          │[39m
      [90m12: │Line 12                                         │[39m
      [90m13: │Line 19                                         │[39m
      [90m14: │Line 25                                         │[39m
      [90m15: │Line 31                                         │[39m
      [90m16: │Line 38                                         │[39m
      [90m17: │Line 44                                         │[39m
      [90m18: │Line 50                                         │[39m
      [90m19: └────────────────────────────────────────────────┘[39m
      [90m20: [39m
[?25h
  [32m✔[39m repro-virtualized-static [90m[2m›[22m[39m debug static render inside scroll container [90m[2m(132ms)[22m[39m
(node:30807) ExperimentalWarning: `--experimental-loader` may be removed in the future; instead use `register()`:
--import 'data:text/javascript,import { register } from "node:module"; import { pathToFileURL } from "node:url"; register("ts-node/esm", pathToFileURL("./"));'
(Use `node --trace-warnings ...` to show where the warning was created)
(node:30807) [DEP0180] DeprecationWarning: fs.Stats constructor is deprecated.
(Use `node --trace-deprecation ...` to show where the warning was created)
(node:30806) ExperimentalWarning: `--experimental-loader` may be removed in the future; instead use `register()`:
--import 'data:text/javascript,import { register } from "node:module"; import { pathToFileURL } from "node:url"; register("ts-node/esm", pathToFileURL("./"));'
(Use `node --trace-warnings ...` to show where the warning was created)
(node:30806) [DEP0180] DeprecationWarning: fs.Stats constructor is deprecated.
(Use `node --trace-deprecation ...` to show where the warning was created)
  [32m✔[39m scrollbar-backbuffer [90m[2m›[22m[39m scrollbar characters are not pushed to backbuffer
(node:30808) ExperimentalWarning: `--experimental-loader` may be removed in the future; instead use `register()`:
--import 'data:text/javascript,import { register } from "node:module"; import { pathToFileURL } from "node:url"; register("ts-node/esm", pathToFileURL("./"));'
(Use `node --trace-warnings ...` to show where the warning was created)
(node:30808) [DEP0180] DeprecationWarning: fs.Stats constructor is deprecated.
(Use `node --trace-deprecation ...` to show where the warning was created)
(node:30809) ExperimentalWarning: `--experimental-loader` may be removed in the future; instead use `register()`:
--import 'data:text/javascript,import { register } from "node:module"; import { pathToFileURL } from "node:url"; register("ts-node/esm", pathToFileURL("./"));'
(Use `node --trace-warnings ...` to show where the warning was created)
(node:30809) [DEP0180] DeprecationWarning: fs.Stats constructor is deprecated.
(Use `node --trace-deprecation ...` to show where the warning was created)
  [32m✔[39m scrollbar-leak-backbuffer [90m[2m›[22m[39m scrollbar characters are NOT leaked to backbuffer during local scroll optimization
  [32m✔[39m scrolling-efficiency [90m[2m›[22m[39m scrolling is efficient even with scrollbars
    [35mℹ[39m [90mUpdates for 1-line scroll: 3[39m
  [32m✔[39m scrolling-efficiency [90m[2m›[22m[39m scrolling is efficient (only new lines are updated)
Encountered two children with the same key, `    at recursivelyTraversePassiveMountEffects (/Users/jacobr/git/ink/nested_static_optimize/node_modules/react-reconciler/cjs/react-reconciler.development.js:11338:11)`. Keys should be unique so that components maintain their identity across updates. Non-unique keys may cause children to be duplicated and/or omitted — the behavior is unsupported and could change in a future version.
  [32m✔[39m scroll-first-frame [90m[2m›[22m[39m scrollbar is shown on the VERY first frame in ScrollableContent [90m[2m(384ms)[22m[39m
  [32m✔[39m screen-reader [90m[2m›[22m[39m render text for screen readers
  [32m✔[39m screen-reader [90m[2m›[22m[39m render text for screen readers with aria-hidden
  [32m✔[39m screen-reader [90m[2m›[22m[39m render text for screen readers with aria-role
  [32m✔[39m screen-reader [90m[2m›[22m[39m render select input for screen readers
  [32m✔[39m screen-reader [90m[2m›[22m[39m render aria-label only Text for screen readers
  [32m✔[39m screen-reader [90m[2m›[22m[39m render aria-label only Box for screen readers
  [32m✔[39m screen-reader [90m[2m›[22m[39m omit ANSI styling in screen-reader output
  [32m✔[39m screen-reader [90m[2m›[22m[39m skip nodes with display:none style in screen-reader output
  [32m✔[39m screen-reader [90m[2m›[22m[39m render multiple Text components
  [32m✔[39m screen-reader [90m[2m›[22m[39m render nested Box components with Text
  [32m✔[39m screen-reader [90m[2m›[22m[39m render component that returns null
  [32m✔[39m screen-reader [90m[2m›[22m[39m render with aria-state.busy
  [32m✔[39m screen-reader [90m[2m›[22m[39m render with aria-state.checked
  [32m✔[39m screen-reader [90m[2m›[22m[39m render with aria-state.disabled
  [32m✔[39m screen-reader [90m[2m›[22m[39m render with aria-state.expanded
  [32m✔[39m screen-reader [90m[2m›[22m[39m render with aria-state.multiline
  [32m✔[39m screen-reader [90m[2m›[22m[39m render with aria-state.multiselectable
  [32m✔[39m screen-reader [90m[2m›[22m[39m render with aria-state.readonly
  [32m✔[39m screen-reader [90m[2m›[22m[39m render with aria-state.required
  [32m✔[39m screen-reader [90m[2m›[22m[39m render with aria-state.selected
  [32m✔[39m screen-reader [90m[2m›[22m[39m render multi-line text
  [32m✔[39m screen-reader [90m[2m›[22m[39m render nested multi-line text
  [32m✔[39m screen-reader [90m[2m›[22m[39m render nested row
  [32m✔[39m screen-reader [90m[2m›[22m[39m render multi-line text with roles
  [32m✔[39m screen-reader [90m[2m›[22m[39m render listbox with multiselectable options
(node:30810) ExperimentalWarning: `--experimental-loader` may be removed in the future; instead use `register()`:
--import 'data:text/javascript,import { register } from "node:module"; import { pathToFileURL } from "node:url"; register("ts-node/esm", pathToFileURL("./"));'
(Use `node --trace-warnings ...` to show where the warning was created)
(node:30810) [DEP0180] DeprecationWarning: fs.Stats constructor is deprecated.
(Use `node --trace-deprecation ...` to show where the warning was created)
(node:30811) ExperimentalWarning: `--experimental-loader` may be removed in the future; instead use `register()`:
--import 'data:text/javascript,import { register } from "node:module"; import { pathToFileURL } from "node:url"; register("ts-node/esm", pathToFileURL("./"));'
(Use `node --trace-warnings ...` to show where the warning was created)
(node:30811) [DEP0180] DeprecationWarning: fs.Stats constructor is deprecated.
(Use `node --trace-deprecation ...` to show where the warning was created)
(node:30812) ExperimentalWarning: `--experimental-loader` may be removed in the future; instead use `register()`:
--import 'data:text/javascript,import { register } from "node:module"; import { pathToFileURL } from "node:url"; register("ts-node/esm", pathToFileURL("./"));'
(Use `node --trace-warnings ...` to show where the warning was created)
(node:30812) [DEP0180] DeprecationWarning: fs.Stats constructor is deprecated.
(Use `node --trace-deprecation ...` to show where the warning was created)
(node:30813) ExperimentalWarning: `--experimental-loader` may be removed in the future; instead use `register()`:
--import 'data:text/javascript,import { register } from "node:module"; import { pathToFileURL } from "node:url"; register("ts-node/esm", pathToFileURL("./"));'
(Use `node --trace-warnings ...` to show where the warning was created)
(node:30813) [DEP0180] DeprecationWarning: fs.Stats constructor is deprecated.
(Use `node --trace-deprecation ...` to show where the warning was created)
  [32m✔[39m stable-scrollback [90m[2m›[22m[39m stableScrollback preserves scrollHeight when content shrinks
  [32m✔[39m stable-scrollback [90m[2m›[22m[39m stableScrollback padding is clamped to actualScrollHeight - 1
  [32m✔[39m stable-scrollback [90m[2m›[22m[39m stableScrollback bypasses padding on terminal resize
  [32m✔[39m scrolling-optimization [90m[2m›[22m[39m scrolling oscillation (down-up-down) uses optimized scrolling
    [35mℹ[39m [90mUp updates: 4[39m
    [35mℹ[39m [90mDown again updates: 2[39m
  [31m✘ [fail]:[39m scroll-integration [90m[2m›[22m[39m scroll integration - verify repaint efficiency [3m[31mShould not repaint the whole screen for a 1-line scroll[39m[23m
[?25h
(node:30814) ExperimentalWarning: `--experimental-loader` may be removed in the future; instead use `register()`:
--import 'data:text/javascript,import { register } from "node:module"; import { pathToFileURL } from "node:url"; register("ts-node/esm", pathToFileURL("./"));'
(Use `node --trace-warnings ...` to show where the warning was created)
(node:30815) ExperimentalWarning: `--experimental-loader` may be removed in the future; instead use `register()`:
--import 'data:text/javascript,import { register } from "node:module"; import { pathToFileURL } from "node:url"; register("ts-node/esm", pathToFileURL("./"));'
(Use `node --trace-warnings ...` to show where the warning was created)
(node:30814) [DEP0180] DeprecationWarning: fs.Stats constructor is deprecated.
(Use `node --trace-deprecation ...` to show where the warning was created)
(node:30815) [DEP0180] DeprecationWarning: fs.Stats constructor is deprecated.
(Use `node --trace-deprecation ...` to show where the warning was created)
  [32m✔[39m squash-text-nodes [90m[2m›[22m[39m squash text nodes with map - basic
  [32m✔[39m squash-text-nodes [90m[2m›[22m[39m squash text nodes with map - nested
  [32m✔[39m squash-text-nodes [90m[2m›[22m[39m squash text nodes with map - empty
(node:30816) ExperimentalWarning: `--experimental-loader` may be removed in the future; instead use `register()`:
--import 'data:text/javascript,import { register } from "node:module"; import { pathToFileURL } from "node:url"; register("ts-node/esm", pathToFileURL("./"));'
(Use `node --trace-warnings ...` to show where the warning was created)
(node:30816) [DEP0180] DeprecationWarning: fs.Stats constructor is deprecated.
(Use `node --trace-deprecation ...` to show where the warning was created)
  [32m✔[39m scroll [90m[2m›[22m[39m vertical scroll [90m[2m(264ms)[22m[39m
  [32m✔[39m scroll [90m[2m›[22m[39m vertical scroll narrow [90m[2m(209ms)[22m[39m
  [32m✔[39m scroll [90m[2m›[22m[39m vertical scroll narrow with padding for scrollbar [90m[2m(187ms)[22m[39m
  [32m✔[39m scroll [90m[2m›[22m[39m vertical scroll with scrollTop [90m[2m(143ms)[22m[39m
  [32m✔[39m scroll [90m[2m›[22m[39m vertical scroll to bottom [90m[2m(134ms)[22m[39m
  [32m✔[39m scroll [90m[2m›[22m[39m horizontal scroll [90m[2m(130ms)[22m[39m
  [32m✔[39m scroll [90m[2m›[22m[39m horizontal scroll with scrollLeft [90m[2m(128ms)[22m[39m
  [32m✔[39m scroll [90m[2m›[22m[39m horizontal scroll to end [90m[2m(128ms)[22m[39m
  [32m✔[39m scroll [90m[2m›[22m[39m vertical and horizontal scroll [90m[2m(127ms)[22m[39m
  [32m✔[39m scroll [90m[2m›[22m[39m vertical and horizontal scroll with scrollTop and scrollLeft [90m[2m(123ms)[22m[39m
  [32m✔[39m scroll [90m[2m›[22m[39m dynamic scroll update [90m[2m(121ms)[22m[39m
  [32m✔[39m scroll [90m[2m›[22m[39m scroll with flexGrow at top [90m[2m(119ms)[22m[39m
  [32m✔[39m scroll [90m[2m›[22m[39m scroll with flexGrow at middle [90m[2m(118ms)[22m[39m
  [32m✔[39m scroll [90m[2m›[22m[39m scroll with flexGrow at bottom [90m[2m(117ms)[22m[39m
  [32m✔[39m scroll [90m[2m›[22m[39m scroll with padding and scrollTop 0 [90m[2m(117ms)[22m[39m
  [32m✔[39m scroll [90m[2m›[22m[39m scroll with padding and scrollTop 1 [90m[2m(116ms)[22m[39m
  [32m✔[39m scroll [90m[2m›[22m[39m scroll with padding and scrollTop 2 [90m[2m(112ms)[22m[39m
  [32m✔[39m scroll [90m[2m›[22m[39m scroll with padding and scrollTop max [90m[2m(111ms)[22m[39m
  [32m✔[39m scroll [90m[2m›[22m[39m no scrollbar when content is smaller than container [90m[2m(111ms)[22m[39m
  [32m✔[39m scroll [90m[2m›[22m[39m nested scrolling inner scroll partially in view [90m[2m(110ms)[22m[39m
  [32m✔[39m scroll [90m[2m›[22m[39m nested scrolling inner fully in view [90m[2m(109ms)[22m[39m
  [32m✔[39m scroll [90m[2m›[22m[39m nested scrolling both to bottom [90m[2m(107ms)[22m[39m
  [32m✔[39m scroll [90m[2m›[22m[39m scrollbar thumb color [90m[2m(106ms)[22m[39m
  [32m✔[39m scroll [90m[2m›[22m[39m overflow hidden [90m[2m(105ms)[22m[39m
  [32m✔[39m scroll [90m[2m›[22m[39m overflow visible [90m[2m(104ms)[22m[39m
  [32m✔[39m scroll [90m[2m›[22m[39m no scrollbar when content is exactly the size of container [90m[2m(104ms)[22m[39m
  [32m✔[39m scroll [90m[2m›[22m[39m dynamic content size causing scrollbars to appear and disappear
  [32m✔[39m scroll [90m[2m›[22m[39m cached scroll values are updated with dynamic content
  [32m✔[39m scroll [90m[2m›[22m[39m max-width
  [32m✔[39m scroll [90m[2m›[22m[39m max-height
  [32m✔[39m scroll [90m[2m›[22m[39m max-width-percent
  [32m✔[39m scroll [90m[2m›[22m[39m max-height-percent
  [32m✔[39m scroll [90m[2m›[22m[39m max-width-and-max-height
  [32m✔[39m scroll [90m[2m›[22m[39m max-width-and-max-height-percents
  [32m✔[39m scroll [90m[2m›[22m[39m scrollbar hidden when scrollbar=false
  [32m✔[39m scroll [90m[2m›[22m[39m interactive scroll [90m[2m(133ms)[22m[39m
(node:30817) ExperimentalWarning: `--experimental-loader` may be removed in the future; instead use `register()`:
--import 'data:text/javascript,import { register } from "node:module"; import { pathToFileURL } from "node:url"; register("ts-node/esm", pathToFileURL("./"));'
(Use `node --trace-warnings ...` to show where the warning was created)
(node:30817) [DEP0180] DeprecationWarning: fs.Stats constructor is deprecated.
(Use `node --trace-deprecation ...` to show where the warning was created)
  [32m✔[39m scrollbar-first-frame [90m[2m›[22m[39m scrollbar is shown on the first frame
    [35mℹ[39m [90mOutput length: [33m189[39m[90m[39m
    [35mℹ[39m [90mOutput: "\u001b[?2026h\u001b[?25lLine 1             █\u001b[K\nLine 2             █\u001b[K\nLine 3             ▀\u001b[K\nLine 4\u001b[K\nLine 5\u001b[K\n\u001b[K\n\u001b[K\n\u001b[K\n\u001b[K\n\u001b[K\n\u001b[K\n\u001b[K\n\u001b[K\n\u001b[K\n\u001b[K\n\u001b[K\n\u001b[K\n\u001b[K\n\u001b[K\n\u001b[K\n\u001b[K\n\u001b[K\n\u001b[K\n\u001b[K\u001b[?2026l"[39m
(node:30818) ExperimentalWarning: `--experimental-loader` may be removed in the future; instead use `register()`:
--import 'data:text/javascript,import { register } from "node:module"; import { pathToFileURL } from "node:url"; register("ts-node/esm", pathToFileURL("./"));'
(Use `node --trace-warnings ...` to show where the warning was created)
(node:30818) [DEP0180] DeprecationWarning: fs.Stats constructor is deprecated.
(Use `node --trace-deprecation ...` to show where the warning was created)
(node:30819) ExperimentalWarning: `--experimental-loader` may be removed in the future; instead use `register()`:
--import 'data:text/javascript,import { register } from "node:module"; import { pathToFileURL } from "node:url"; register("ts-node/esm", pathToFileURL("./"));'
(Use `node --trace-warnings ...` to show where the warning was created)
(node:30819) [DEP0180] DeprecationWarning: fs.Stats constructor is deprecated.
(Use `node --trace-deprecation ...` to show where the warning was created)
  [31m✘ [fail]:[39m selection-snapshot [90m[2m›[22m[39m selection example renders correctly
  [31m✘ [fail]:[39m selection-snapshot [90m[2m›[22m[39m selection with StaticRender example renders correctly
[?25h
  [32m✔[39m selection-whitespace [90m[2m›[22m[39m getText includes whitespace from padding and layout
  [32m✔[39m selection [90m[2m›[22m[39m getTextOffset behavior
  [32m✔[39m selection [90m[2m›[22m[39m getTextOffset handles wrapping and coordinates before start of line
  [32m✔[39m selection [90m[2m›[22m[39m getTextOffset handles wrapping with padding
  [32m✔[39m selection [90m[2m›[22m[39m getTextOffset handle borders
  [32m✔[39m selection [90m[2m›[22m[39m getText excludes userSelect: none content
  [32m✔[39m selection [90m[2m›[22m[39m Range: setStart and setEnd
  [32m✔[39m selection [90m[2m›[22m[39m Range: collapse
  [32m✔[39m selection [90m[2m›[22m[39m Range: selectNodeContents
  [32m✔[39m selection [90m[2m›[22m[39m Range: selectNode
  [32m✔[39m selection [90m[2m›[22m[39m Selection: addRange and removeRange
  [32m✔[39m selection [90m[2m›[22m[39m Selection: removeAllRanges
  [32m✔[39m selection [90m[2m›[22m[39m Selection: collapse
  [32m✔[39m selection [90m[2m›[22m[39m Selection: containsNode
  [32m✔[39m selection [90m[2m›[22m[39m Range: across multiple ink-text nodes
(node:30820) ExperimentalWarning: `--experimental-loader` may be removed in the future; instead use `register()`:
--import 'data:text/javascript,import { register } from "node:module"; import { pathToFileURL } from "node:url"; register("ts-node/esm", pathToFileURL("./"));'
(Use `node --trace-warnings ...` to show where the warning was created)
(node:30820) [DEP0180] DeprecationWarning: fs.Stats constructor is deprecated.
(Use `node --trace-deprecation ...` to show where the warning was created)
(node:30821) ExperimentalWarning: `--experimental-loader` may be removed in the future; instead use `register()`:
--import 'data:text/javascript,import { register } from "node:module"; import { pathToFileURL } from "node:url"; register("ts-node/esm", pathToFileURL("./"));'
(Use `node --trace-warnings ...` to show where the warning was created)
(node:30821) [DEP0180] DeprecationWarning: fs.Stats constructor is deprecated.
(Use `node --trace-deprecation ...` to show where the warning was created)
(node:30822) ExperimentalWarning: `--experimental-loader` may be removed in the future; instead use `register()`:
--import 'data:text/javascript,import { register } from "node:module"; import { pathToFileURL } from "node:url"; register("ts-node/esm", pathToFileURL("./"));'
(Use `node --trace-warnings ...` to show where the warning was created)
(node:30822) [DEP0180] DeprecationWarning: fs.Stats constructor is deprecated.
(Use `node --trace-deprecation ...` to show where the warning was created)
  [32m✔[39m standard-react-layout-timing [90m[2m›[22m[39m standardReactLayoutTiming: true - effect runs before initial render to stdout
  [32m✔[39m standard-react-layout-timing [90m[2m›[22m[39m standardReactLayoutTiming: false - write happens before effect (reproducing current behavior)
  [32m✔[39m static-regression [90m[2m›[22m[39m static regression test - first item rendered [90m[2m(217ms)[22m[39m
[?25h
  [32m✔[39m repro-issue [90m[2m›[22m[39m repro issue: sticky headers and spurious renders [90m[2m(5.5s)[22m[39m
    [35mℹ[39m [90mContent after pressing H (on):[39m
      [90m                                                                    Sticky Foote[39m
      [90mr 4 (sticky bottom)[39m
      [90m                   This is a demo showing a scrollable box with sticky headers.[39m
      [90m                                                                               P[39m
      [90mress up/down arrow or w/s to scroll vertically (w/s for 30 lines, Shift for[39m
      [90m                                                                           10).[39m
      [90m                                                                               P[39m
      [90mress 'space' to add a block, 'c' to clear list.[39m
      [90m                                               Press 'b' to toggle scrollbar (on[39m
      [90m), 't' to toggle border.[39m
      [90m                        Press 'f' to collapse footer, 'a' to toggle alternate bu[39m
      [90mffer + sticky headers[39m
      [90m                     (current: off)[39m
      [90m                                   Press 'h' to toggle sticky headers in backbuf[39m
      [90mfer (current: on)[39m
      [90m                 Press 'v' to toggle stable scrollback (on)[39m
      [90m                                                           Press 'e' to export c[39m
      [90murrent frame, 'r' to toggle recording (OFF)[39m
      [90m                                           ScrollTop: 143, Size: 9, Content: 202[39m
      [90m, Added Scroll: 0[39m
      [90m[39m
    [35mℹ[39m [90mContent after pressing H (off):[39m
      [90m ipsum dolor sit amet, consectetur adipiscing elit. Lorem ipsum dolor sit amet,[39m
      [90m consectetur adipiscing elit. [39m
      [90m                   This is a demo showing a scrollable box with sticky headers.[39m
      [90m                                                                               P[39m
      [90mress up/down arrow or w/s to scroll vertically (w/s for 30 lines, Shift for[39m
      [90m                                                                           10).[39m
      [90m                                                                               P[39m
      [90mress 'space' to add a block, 'c' to clear list.[39m
      [90m                                               Press 'b' to toggle scrollbar (on[39m
      [90m), 't' to toggle border.[39m
      [90m                        Press 'f' to collapse footer, 'a' to toggle alternate bu[39m
      [90mffer + sticky headers[39m
      [90m                     (current: off)[39m
      [90m                                   Press 'h' to toggle sticky headers in backbuf[39m
      [90mfer (current: on)[39m
      [90m                 Press 'v' to toggle stable scrollback (on)[39m
      [90mPress 'h' to toggle sticky headers in backbuffer (current: off)[39m
      [90murrent frame, 'r' to toggle recording (OFF)[39m
      [90m                                           ScrollTop: 143, Size: 9, Content: 202[39m
      [90m, Added Scroll: 0[39m
      [90m[39m
[?25h
(node:30823) ExperimentalWarning: `--experimental-loader` may be removed in the future; instead use `register()`:
--import 'data:text/javascript,import { register } from "node:module"; import { pathToFileURL } from "node:url"; register("ts-node/esm", pathToFileURL("./"));'
(Use `node --trace-warnings ...` to show where the warning was created)
(node:30823) [DEP0180] DeprecationWarning: fs.Stats constructor is deprecated.
(Use `node --trace-deprecation ...` to show where the warning was created)
(node:30824) ExperimentalWarning: `--experimental-loader` may be removed in the future; instead use `register()`:
--import 'data:text/javascript,import { register } from "node:module"; import { pathToFileURL } from "node:url"; register("ts-node/esm", pathToFileURL("./"));'
(Use `node --trace-warnings ...` to show where the warning was created)
(node:30824) [DEP0180] DeprecationWarning: fs.Stats constructor is deprecated.
(Use `node --trace-deprecation ...` to show where the warning was created)
  [32m✔[39m static-render-nested [90m[2m›[22m[39m Nested StaticRender elements render correctly
[?25h
(node:30825) ExperimentalWarning: `--experimental-loader` may be removed in the future; instead use `register()`:
--import 'data:text/javascript,import { register } from "node:module"; import { pathToFileURL } from "node:url"; register("ts-node/esm", pathToFileURL("./"));'
(Use `node --trace-warnings ...` to show where the warning was created)
(node:30825) [DEP0180] DeprecationWarning: fs.Stats constructor is deprecated.
(Use `node --trace-deprecation ...` to show where the warning was created)
  [32m✔[39m static-render-sticky-children [90m[2m›[22m[39m StaticRender with stickyChildren (different height)
(node:30826) ExperimentalWarning: `--experimental-loader` may be removed in the future; instead use `register()`:
--import 'data:text/javascript,import { register } from "node:module"; import { pathToFileURL } from "node:url"; register("ts-node/esm", pathToFileURL("./"));'
(Use `node --trace-warnings ...` to show where the warning was created)
(node:30826) [DEP0180] DeprecationWarning: fs.Stats constructor is deprecated.
(Use `node --trace-deprecation ...` to show where the warning was created)
  [32m✔[39m static-render-sticky [90m[2m›[22m[39m StaticRender with sticky header
  [32m✔[39m static-render-sticky [90m[2m›[22m[39m StaticRender containing multiple sticky headers
  [32m✔[39m static-render-sticky [90m[2m›[22m[39m StaticRender with multi-line sticky header
  [32m✔[39m styled-line [90m[2m›[22m[39m StyledLine handles empty creation
  [32m✔[39m styled-line [90m[2m›[22m[39m StyledLine pushChar and get accessors
  [32m✔[39m styled-line [90m[2m›[22m[39m StyledLine span merging
  [32m✔[39m styled-line [90m[2m›[22m[39m StyledLine setChar splits and merges spans
  [32m✔[39m styled-line [90m[2m›[22m[39m StyledLine combine with multiple arguments
  [32m✔[39m styled-line [90m[2m›[22m[39m StyledLine slice
  [32m✔[39m styled-line [90m[2m›[22m[39m StyledLine trimEnd
  [32m✔[39m styled-line [90m[2m›[22m[39m StyledLine clone
  [32m✔[39m styled-line [90m[2m›[22m[39m StyledLine slice(0, undefined) returns clone
  [32m✔[39m styled-line [90m[2m›[22m[39m StyledLine optimization: empty lines have undefined charData and spans
  [32m✔[39m styled-line [90m[2m›[22m[39m StyledLine optimization: unstyled 1-width pushChar avoids initializing charData and spans
  [32m✔[39m styled-line [90m[2m›[22m[39m StyledLine optimization: unstyled 1-width setChar avoids initializing charData and spans
  [32m✔[39m styled-line [90m[2m›[22m[39m StyledLine optimization: legacyCreateStyledLine avoids initializing charData and spans for unstyled 1-width strings
  [32m✔[39m styled-line [90m[2m›[22m[39m StyledLine optimization: clone, slice, and combine preserve undefined charData and spans
  [32m✔[39m styled-line [90m[2m›[22m[39m StyledLine optimization: equals fast paths
  [32m✔[39m styled-line-truncation [90m[2m›[22m[39m StyledLine.empty does not cap length
  [32m✔[39m styled-line-truncation [90m[2m›[22m[39m StyledLine constructor does not truncate massive input
  [32m✔[39m styled-line-truncation [90m[2m›[22m[39m pushChar does not truncate
  [32m✔[39m styled-line-truncation [90m[2m›[22m[39m setChar does not truncate
  [32m✔[39m styled-line-truncation [90m[2m›[22m[39m combine does not truncate
(node:30827) ExperimentalWarning: `--experimental-loader` may be removed in the future; instead use `register()`:
--import 'data:text/javascript,import { register } from "node:module"; import { pathToFileURL } from "node:url"; register("ts-node/esm", pathToFileURL("./"));'
(Use `node --trace-warnings ...` to show where the warning was created)
(node:30827) [DEP0180] DeprecationWarning: fs.Stats constructor is deprecated.
(Use `node --trace-deprecation ...` to show where the warning was created)
  [32m✔[39m sticky-scroll-optimization [90m[2m›[22m[39m TerminalBufferWorker handles stuck headers with more lines than natural
  [32m✔[39m sticky-scroll-optimization [90m[2m›[22m[39m TerminalBufferWorker avoids rerendering stuck headers during scroll
  [32m✔[39m sticky-scroll-optimization [90m[2m›[22m[39m TerminalBufferWorker handles sticky footers during scroll
  [32m✔[39m sticky-scroll-optimization [90m[2m›[22m[39m TerminalBufferWorker handles headers scrolling off when stickyHeadersInBackbuffer is false
  [32m✔[39m sticky-scroll-optimization [90m[2m›[22m[39m TerminalBufferWorker switches to stuckLines when stuck
(node:30829) ExperimentalWarning: `--experimental-loader` may be removed in the future; instead use `register()`:
--import 'data:text/javascript,import { register } from "node:module"; import { pathToFileURL } from "node:url"; register("ts-node/esm", pathToFileURL("./"));'
(Use `node --trace-warnings ...` to show where the warning was created)
(node:30829) [DEP0180] DeprecationWarning: fs.Stats constructor is deprecated.
(Use `node --trace-deprecation ...` to show where the warning was created)
(node:30828) ExperimentalWarning: `--experimental-loader` may be removed in the future; instead use `register()`:
--import 'data:text/javascript,import { register } from "node:module"; import { pathToFileURL } from "node:url"; register("ts-node/esm", pathToFileURL("./"));'
(Use `node --trace-warnings ...` to show where the warning was created)
(node:30828) [DEP0180] DeprecationWarning: fs.Stats constructor is deprecated.
(Use `node --trace-deprecation ...` to show where the warning was created)
  [32m✔[39m static-render [90m[2m›[22m[39m StaticRender renders children
    [35mℹ[39m [90mCall count: [33m1[39m[90m[39m
  [32m✔[39m static-render [90m[2m›[22m[39m StaticRender with Box and multiple children
  [32m✔[39m static-render [90m[2m›[22m[39m StaticRender respects style prop
(node:30830) ExperimentalWarning: `--experimental-loader` may be removed in the future; instead use `register()`:
--import 'data:text/javascript,import { register } from "node:module"; import { pathToFileURL } from "node:url"; register("ts-node/esm", pathToFileURL("./"));'
(Use `node --trace-warnings ...` to show where the warning was created)
(node:30830) [DEP0180] DeprecationWarning: fs.Stats constructor is deprecated.
(Use `node --trace-deprecation ...` to show where the warning was created)
(node:30831) ExperimentalWarning: `--experimental-loader` may be removed in the future; instead use `register()`:
--import 'data:text/javascript,import { register } from "node:module"; import { pathToFileURL } from "node:url"; register("ts-node/esm", pathToFileURL("./"));'
(Use `node --trace-warnings ...` to show where the warning was created)
(node:30831) [DEP0180] DeprecationWarning: fs.Stats constructor is deprecated.
(Use `node --trace-deprecation ...` to show where the warning was created)
(node:30832) ExperimentalWarning: `--experimental-loader` may be removed in the future; instead use `register()`:
--import 'data:text/javascript,import { register } from "node:module"; import { pathToFileURL } from "node:url"; register("ts-node/esm", pathToFileURL("./"));'
(Use `node --trace-warnings ...` to show where the warning was created)
(node:30832) [DEP0180] DeprecationWarning: fs.Stats constructor is deprecated.
(Use `node --trace-deprecation ...` to show where the warning was created)
  [32m✔[39m static-render-mixed-children [90m[2m›[22m[39m StaticRender output matches normal output for mixed children (simple stdout) [90m[2m(1.1s)[22m[39m
    [35mℹ[39m [90mNormal Output:[39m
      [90m┌──────────────────────────────────────────────────────────────────────────────┐[39m
      [90m│Scrollable 1 Scrollable 1 Scrollable 1 Scrollable 1 Scrollable 1 Scrollable 1 │[39m
      [90m│Line 1       Line 2       Line 3       Line 4       Line 5       Line 6       │[39m
      [90m│                                                                              │[39m
      [90m└──────────────────────────────────────────────────────────────────────────────┘[39m
      [90m  Non-scrollable child 1[39m
      [90m╭──────────────────────────────────────────────────────────────────────────────╮[39m
      [90m│Scrollable 2   Scrollable 2 LinScrollable 2   Scrollable 2 LinScrollable 2    │[39m
      [90m│Line 1         2               Line 3         4               Line 5          │[39m
      [90m╰──────────────────────────────────────────────────────────────────────────────╯[39m
      [90mNon-scrollable child 2[39m
    [35mℹ[39m [90mStatic Output:[39m
      [90m┌──────────────────────────────────────────────────────────────────────────────┐[39m
      [90m│Scrollable 1 Scrollable 1 Scrollable 1 Scrollable 1 Scrollable 1 Scrollable 1 │[39m
      [90m│Line 1       Line 2       Line 3       Line 4       Line 5       Line 6       │[39m
      [90m│                                                                              │[39m
      [90m└──────────────────────────────────────────────────────────────────────────────┘[39m
      [90m  Non-scrollable child 1[39m
      [90m╭──────────────────────────────────────────────────────────────────────────────╮[39m
      [90m│Scrollable 2   Scrollable 2 LinScrollable 2   Scrollable 2 LinScrollable 2    │[39m
      [90m│Line 1         2               Line 3         4               Line 5          │[39m
      [90m╰──────────────────────────────────────────────────────────────────────────────╯[39m
      [90mNon-scrollable child 2[39m
  [32m✔[39m sticky-backbuffer-overlap [90m[2m›[22m[39m sticky header should not overlap with bottom border when pushed out [90m[2m(175ms)[22m[39m
    [35mℹ[39m [90mTerminal row 0: "╰CONTENT───────────╯"[39m
[?25h
(node:30833) ExperimentalWarning: `--experimental-loader` may be removed in the future; instead use `register()`:
--import 'data:text/javascript,import { register } from "node:module"; import { pathToFileURL } from "node:url"; register("ts-node/esm", pathToFileURL("./"));'
(Use `node --trace-warnings ...` to show where the warning was created)
(node:30833) [DEP0180] DeprecationWarning: fs.Stats constructor is deprecated.
(Use `node --trace-deprecation ...` to show where the warning was created)
  [32m✔[39m terminal-buffer-in-process [90m[2m›[22m[39m TerminalBuffer uses fork by default
  [32m✔[39m terminal-buffer-in-process [90m[2m›[22m[39m TerminalBuffer uses in-process worker when renderInProcess is true
(node:30834) ExperimentalWarning: `--experimental-loader` may be removed in the future; instead use `register()`:
--import 'data:text/javascript,import { register } from "node:module"; import { pathToFileURL } from "node:url"; register("ts-node/esm", pathToFileURL("./"));'
(Use `node --trace-warnings ...` to show where the warning was created)
(node:30834) [DEP0180] DeprecationWarning: fs.Stats constructor is deprecated.
(Use `node --trace-deprecation ...` to show where the warning was created)
(node:30836) ExperimentalWarning: `--experimental-loader` may be removed in the future; instead use `register()`:
--import 'data:text/javascript,import { register } from "node:module"; import { pathToFileURL } from "node:url"; register("ts-node/esm", pathToFileURL("./"));'
(Use `node --trace-warnings ...` to show where the warning was created)
(node:30836) [DEP0180] DeprecationWarning: fs.Stats constructor is deprecated.
(Use `node --trace-deprecation ...` to show where the warning was created)
  [32m✔[39m terminal-buffer [90m[2m›[22m[39m update - correctly diffs sequential updates
(node:30838) ExperimentalWarning: `--experimental-loader` may be removed in the future; instead use `register()`:
--import 'data:text/javascript,import { register } from "node:module"; import { pathToFileURL } from "node:url"; register("ts-node/esm", pathToFileURL("./"));'
(Use `node --trace-warnings ...` to show where the warning was created)
(node:30838) [DEP0180] DeprecationWarning: fs.Stats constructor is deprecated.
(Use `node --trace-deprecation ...` to show where the warning was created)
  [32m✔[39m sticky-inline-bug [90m[2m›[22m[39m sticky header should be visible when rendered inline within StaticRender
  [32m✔[39m sticky-inline-bug [90m[2m›[22m[39m sticky footer should be visible when rendered inline within StaticRender
  [32m✔[39m sticky-inline-bug [90m[2m›[22m[39m sticky header should be sticky when scrolled within StaticRender
  [32m✔[39m terminal-writer-rainbow [90m[2m›[22m[39m rainbow debug counts actual terminal updates
  [32m✔[39m terminal-writer-consistency [90m[2m›[22m[39m TerminalBufferWorker matches xterm state exactly after oscillation with StaticRender-like structure
  [32m✔[39m terminal-writer-slow-flush [90m[2m›[22m[39m slowFlush is cancelled by another slowFlush
(node:30839) ExperimentalWarning: `--experimental-loader` may be removed in the future; instead use `register()`:
--import 'data:text/javascript,import { register } from "node:module"; import { pathToFileURL } from "node:url"; register("ts-node/esm", pathToFileURL("./"));'
(Use `node --trace-warnings ...` to show where the warning was created)
(node:30839) [DEP0180] DeprecationWarning: fs.Stats constructor is deprecated.
(Use `node --trace-deprecation ...` to show where the warning was created)
(node:30840) ExperimentalWarning: `--experimental-loader` may be removed in the future; instead use `register()`:
--import 'data:text/javascript,import { register } from "node:module"; import { pathToFileURL } from "node:url"; register("ts-node/esm", pathToFileURL("./"));'
(Use `node --trace-warnings ...` to show where the warning was created)
(node:30840) [DEP0180] DeprecationWarning: fs.Stats constructor is deprecated.
(Use `node --trace-deprecation ...` to show where the warning was created)
(node:30841) ExperimentalWarning: `--experimental-loader` may be removed in the future; instead use `register()`:
--import 'data:text/javascript,import { register } from "node:module"; import { pathToFileURL } from "node:url"; register("ts-node/esm", pathToFileURL("./"));'
(Use `node --trace-warnings ...` to show where the warning was created)
(node:30841) [DEP0180] DeprecationWarning: fs.Stats constructor is deprecated.
(Use `node --trace-deprecation ...` to show where the warning was created)
  [32m✔[39m terminal-writer-xterm [90m[2m›[22m[39m TerminalWriter output matches xterm expectations for writeLines
  [32m✔[39m terminal-writer-xterm [90m[2m›[22m[39m TerminalWriter output matches xterm expectations for syncLine (update)
  [32m✔[39m terminal-writer-xterm [90m[2m›[22m[39m TerminalWriter output matches xterm expectations for scrollLines (up)
  [32m✔[39m terminal-writer-xterm [90m[2m›[22m[39m appendLinesBackbuffer pushes lines to xterm scrollback
  [32m✔[39m terminal-writer-xterm [90m[2m›[22m[39m syncLine on first render moves cursor to row 0
  [32m✔[39m terminal-writer-xterm [90m[2m›[22m[39m TerminalWriter.done() moves cursor to the bottom of the viewport
  [32m✔[39m terminal-writer-slow-flush [90m[2m›[22m[39m slowFlush is cancelled by flush [90m[2m(334ms)[22m[39m
(node:30842) ExperimentalWarning: `--experimental-loader` may be removed in the future; instead use `register()`:
--import 'data:text/javascript,import { register } from "node:module"; import { pathToFileURL } from "node:url"; register("ts-node/esm", pathToFileURL("./"));'
(Use `node --trace-warnings ...` to show where the warning was created)
(node:30842) [DEP0180] DeprecationWarning: fs.Stats constructor is deprecated.
(Use `node --trace-deprecation ...` to show where the warning was created)
  [32m✔[39m sticky [90m[2m›[22m[39m parameterized sticky header states [90m[2m(444ms)[22m[39m
  [32m✔[39m sticky [90m[2m›[22m[39m sticky header with alternate content with larger height
  [32m✔[39m sticky [90m[2m›[22m[39m sticky header ignores parent padding when stuck
  [32m✔[39m sticky [90m[2m›[22m[39m sticky footer transition boundary
(node:30843) ExperimentalWarning: `--experimental-loader` may be removed in the future; instead use `register()`:
--import 'data:text/javascript,import { register } from "node:module"; import { pathToFileURL } from "node:url"; register("ts-node/esm", pathToFileURL("./"));'
(Use `node --trace-warnings ...` to show where the warning was created)
(node:30843) [DEP0180] DeprecationWarning: fs.Stats constructor is deprecated.
(Use `node --trace-deprecation ...` to show where the warning was created)
(node:30844) ExperimentalWarning: `--experimental-loader` may be removed in the future; instead use `register()`:
--import 'data:text/javascript,import { register } from "node:module"; import { pathToFileURL } from "node:url"; register("ts-node/esm", pathToFileURL("./"));'
(Use `node --trace-warnings ...` to show where the warning was created)
(node:30844) [DEP0180] DeprecationWarning: fs.Stats constructor is deprecated.
(Use `node --trace-deprecation ...` to show where the warning was created)
  [32m✔[39m text-wrap-regression [90m[2m›[22m[39m does not add trailing spaces when wrapping at a space with styles
  [32m✔[39m text-wrap-regression [90m[2m›[22m[39m does not add trailing spaces when wrapping at a space without styles
(node:30848) ExperimentalWarning: `--experimental-loader` may be removed in the future; instead use `register()`:
--import 'data:text/javascript,import { register } from "node:module"; import { pathToFileURL } from "node:url"; register("ts-node/esm", pathToFileURL("./"));'
(Use `node --trace-warnings ...` to show where the warning was created)
(node:30848) [DEP0180] DeprecationWarning: fs.Stats constructor is deprecated.
(Use `node --trace-deprecation ...` to show where the warning was created)
  [32m✔[39m terminal-cursor [90m[2m›[22m[39m Output.get() returns undefined cursorPosition when no focus [90m[2m(159ms)[22m[39m
  [32m✔[39m terminal-cursor [90m[2m›[22m[39m Output.get() returns cursor at text end when terminalCursorPosition is undefined [90m[2m(158ms)[22m[39m
  [32m✔[39m terminal-cursor [90m[2m›[22m[39m Output.get() returns cursor at position 0 [90m[2m(157ms)[22m[39m
  [32m✔[39m terminal-cursor [90m[2m›[22m[39m Output.get() returns cursor at middle position [90m[2m(157ms)[22m[39m
  [32m✔[39m terminal-cursor [90m[2m›[22m[39m Output.get() clamps cursor position when exceeds text length [90m[2m(156ms)[22m[39m
  [32m✔[39m terminal-cursor [90m[2m›[22m[39m Output.get() handles empty text with cursor focus [90m[2m(156ms)[22m[39m
  [32m✔[39m terminal-cursor [90m[2m›[22m[39m Output.get() handles empty text alone (edge case - cursor clamped) [90m[2m(156ms)[22m[39m
  [32m✔[39m terminal-cursor [90m[2m›[22m[39m Output.get() handles multiline text cursor at first line [90m[2m(156ms)[22m[39m
  [32m✔[39m terminal-cursor [90m[2m›[22m[39m Output.get() handles multiline text cursor at second line [90m[2m(156ms)[22m[39m
  [32m✔[39m terminal-cursor [90m[2m›[22m[39m Output.get() handles multiline text cursor at newline position [90m[2m(155ms)[22m[39m
  [32m✔[39m terminal-cursor [90m[2m›[22m[39m Output.get() handles multiline text cursor right after newline [90m[2m(155ms)[22m[39m
  [32m✔[39m terminal-cursor [90m[2m›[22m[39m Output.get() handles wide characters (Korean) [90m[2m(155ms)[22m[39m
  [32m✔[39m terminal-cursor [90m[2m›[22m[39m Output.get() handles emoji characters
  [32m✔[39m terminal-cursor [90m[2m›[22m[39m Output.get() handles emoji at middle of string
  [32m✔[39m terminal-cursor [90m[2m›[22m[39m Output.get() handles x offset
  [32m✔[39m terminal-cursor [90m[2m›[22m[39m Output.get() handles y offset
  [32m✔[39m terminal-cursor [90m[2m›[22m[39m Output.get() handles both x and y offset with multiline
  [32m✔[39m terminal-cursor [90m[2m›[22m[39m Output.get() cursor position respects trimEnd
  [32m✔[39m terminal-cursor [90m[2m›[22m[39m Output.get() backward compatible - no terminalCursorPosition uses text end
  [32m✔[39m terminal-cursor [90m[2m›[22m[39m Output.get() backward compatible - multiline without terminalCursorPosition
  [32m✔[39m terminal-cursor [90m[2m›[22m[39m renderer returns correct cursorPosition for multiline Text
  [32m✔[39m terminal-cursor [90m[2m›[22m[39m renderer returns correct cursorPosition for wrapped Text
  [32m✔[39m terminal-cursor [90m[2m›[22m[39m renderer returns correct cursorPosition for Text with padding
  [32m✔[39m terminal-cursor [90m[2m›[22m[39m renderer returns correct cursorPosition for wrapped Text with dropped spaces
  [32m✔[39m terminal-cursor [90m[2m›[22m[39m renderer returns correct cursorPosition for wrapped Text with dropped spaces - after gap
  [32m✔[39m terminal-cursor [90m[2m›[22m[39m renderer returns correct cursorPosition when first line is empty
  [32m✔[39m terminal-cursor [90m[2m›[22m[39m renderer returns correct cursorPosition when first line is empty - cursor on second line
  [32m✔[39m terminal-cursor [90m[2m›[22m[39m renderer handles multiple leading newlines
  [32m✔[39m terminal-cursor [90m[2m›[22m[39m renderer handles cursor in middle of second line after empty first
  [32m✔[39m terminal-cursor [90m[2m›[22m[39m Text with terminalCursorFocus returns cursor position
  [32m✔[39m terminal-cursor [90m[2m›[22m[39m Text with terminalCursorFocus and terminalCursorPosition
  [32m✔[39m terminal-cursor [90m[2m›[22m[39m Text with undefined children and cursor focus
  [32m✔[39m terminal-cursor [90m[2m›[22m[39m Text with null children and cursor focus
  [32m✔[39m terminal-cursor [90m[2m›[22m[39m Multiple Text components - only focused one affects cursor
  [32m✔[39m terminal-cursor [90m[2m›[22m[39m Switching focus between Text components
  [32m✔[39m terminal-cursor [90m[2m›[22m[39m Output handles negative terminalCursorPosition gracefully
  [32m✔[39m terminal-cursor [90m[2m›[22m[39m Output handles very large width/height
  [32m✔[39m terminal-cursor [90m[2m›[22m[39m Output handles only newlines
  [32m✔[39m terminal-cursor [90m[2m›[22m[39m Output handles mixed content with emojis and Korean
  [32m✔[39m terminal-cursor [90m[2m›[22m[39m Output cursorFocusInfo is replaced by subsequent focused write
  [32m✔[39m terminal-cursor [90m[2m›[22m[39m Output non-focused write after focused write preserves cursor
(node:30866) ExperimentalWarning: `--experimental-loader` may be removed in the future; instead use `register()`:
--import 'data:text/javascript,import { register } from "node:module"; import { pathToFileURL } from "node:url"; register("ts-node/esm", pathToFileURL("./"));'
(Use `node --trace-warnings ...` to show where the warning was created)
(node:30866) [DEP0180] DeprecationWarning: fs.Stats constructor is deprecated.
(Use `node --trace-deprecation ...` to show where the warning was created)
  [32m✔[39m terminal-cursor-render-buffer [90m[2m›[22m[39m terminal cursor position with terminalBuffer enabled [90m[2m(564ms)[22m[39m
  [32m✔[39m terminal-cursor-render-buffer [90m[2m›[22m[39m terminal cursor position with scrolling in terminalBuffer [90m[2m(507ms)[22m[39m
(node:30867) ExperimentalWarning: `--experimental-loader` may be removed in the future; instead use `register()`:
--import 'data:text/javascript,import { register } from "node:module"; import { pathToFileURL } from "node:url"; register("ts-node/esm", pathToFileURL("./"));'
(Use `node --trace-warnings ...` to show where the warning was created)
(node:30867) [DEP0180] DeprecationWarning: fs.Stats constructor is deprecated.
(Use `node --trace-deprecation ...` to show where the warning was created)
ACTUAL 1: "\u001b[1m\u001b[2mTest\u001b[22m"
ACTUAL 2: "\u001b[1m\u001b[32mTest\u001b[39m\u001b[22m"
CHALK LEVEL: [33m3[39m
  [32m✔[39m script2 [90m[2m›[22m[39m print output
ACTUAL: "\u001b[1m\u001b[2mTest\u001b[22m"
  [32m✔[39m script [90m[2m›[22m[39m print output
ACTUAL: "\u001b[1m\u001b[2mTest\u001b[22m"
  [32m✔[39m script3 [90m[2m›[22m[39m print output
(node:30868) ExperimentalWarning: `--experimental-loader` may be removed in the future; instead use `register()`:
--import 'data:text/javascript,import { register } from "node:module"; import { pathToFileURL } from "node:url"; register("ts-node/esm", pathToFileURL("./"));'
(Use `node --trace-warnings ...` to show where the warning was created)
(node:30868) [DEP0180] DeprecationWarning: fs.Stats constructor is deprecated.
(Use `node --trace-deprecation ...` to show where the warning was created)
  [32m✔[39m worker-vscode-reset [90m[2m›[22m[39m TerminalWriter.clear() does NOT use ris in VSCode by default
  [32m✔[39m worker-vscode-reset [90m[2m›[22m[39m TerminalWriter.clear() DOES use ris in VSCode when forceScrollToBottomOnBackbufferRefresh is true
  [32m✔[39m text-width [90m[2m›[22m[39m wide characters do not add extra space inside fixed-width Box
  [32m✔[39m text-wrap [90m[2m›[22m[39m text wrap - width 14 [90m[2m(191ms)[22m[39m
  [32m✔[39m text-wrap [90m[2m›[22m[39m text wrap - width 15 [90m[2m(160ms)[22m[39m
  [32m✔[39m text-wrap [90m[2m›[22m[39m text wrap - width 30 [90m[2m(131ms)[22m[39m
  [32m✔[39m text-wrap [90m[2m›[22m[39m text wrap - width 45 [90m[2m(126ms)[22m[39m
  [32m✔[39m text-wrap [90m[2m›[22m[39m text wrap - width 60 [90m[2m(115ms)[22m[39m
  [32m✔[39m text-wrap [90m[2m›[22m[39m text wrap - width 75
  [32m✔[39m text-wrap [90m[2m›[22m[39m text wrap with line numbers - width 14
  [32m✔[39m text-wrap [90m[2m›[22m[39m text wrap with line numbers - width 15
  [32m✔[39m text-wrap [90m[2m›[22m[39m text wrap with line numbers - width 30
  [32m✔[39m text-wrap [90m[2m›[22m[39m text wrap with line numbers - width 45
  [32m✔[39m text-wrap [90m[2m›[22m[39m text wrap with line numbers - width 60
  [32m✔[39m text-wrap [90m[2m›[22m[39m text wrap with line numbers - width 75
  [32m✔[39m text-wrap [90m[2m›[22m[39m preserves leading spaces after newline when wrapping
  [32m✔[39m text-wrap [90m[2m›[22m[39m preserves leading spaces when wrapping occurs naturally
  [32m✔[39m text-wrap [90m[2m›[22m[39m preserves space before long word that wraps
  [32m✔[39m text-wrap [90m[2m›[22m[39m avoids leading spaces and does not preserve trailing styled spaces when wrapping
#abcdefghijklmnopqrs
 tuvwxyzABCDEFGHIJKL
 MNOPQRSTUVWXYZ01234
 56789abcdefghijklmn
 opqrstuvwxyzABCDEFG
 HIJKLMNOPQRSTUVWXYZ
 0123456789abcdefghi
 jklmnopqrstuvwxyzAB
 CDEFGHIJKLMNOPQRSTU
 VWXYZ0123456789
  [32m✔[39m text-wrap-truncation [90m[2m›[22m[39m nested Text: wrapped lines are not truncated after per-line child offset
  [32m✔[39m unicode-marks [90m[2m›[22m[39m Latin text with combining diacritics
  [32m✔[39m unicode-marks [90m[2m›[22m[39m Thai text with combining vowels
  [32m✔[39m unicode-marks [90m[2m›[22m[39m Thai text with tone marks
  [32m✔[39m unicode-marks [90m[2m›[22m[39m Arabic text with combining marks
  [32m✔[39m unicode-marks [90m[2m›[22m[39m Hebrew text with combining marks
  [32m✔[39m unicode-marks [90m[2m›[22m[39m mixed scripts with combining marks
  [32m✔[39m unicode-marks [90m[2m›[22m[39m Thai text with sara am
  [32m✔[39m unicode-marks [90m[2m›[22m[39m Unicode marks in bordered box
  [32m✔[39m unicode-marks [90m[2m›[22m[39m Unicode marks wrapping in narrow box
  [32m✔[39m text [90m[2m›[22m[39m <Text> with undefined children
  [32m✔[39m text [90m[2m›[22m[39m <Text> with null children
  [32m✔[39m text [90m[2m›[22m[39m text with standard color
  [32m✔[39m text [90m[2m›[22m[39m text with bold
  [32m✔[39m text [90m[2m›[22m[39m text with bold+color
  [32m✔[39m text [90m[2m›[22m[39m text with dim+bold
  [32m✔[39m text [90m[2m›[22m[39m text with dimmed color
  [32m✔[39m text [90m[2m›[22m[39m text with hex color
  [32m✔[39m text [90m[2m›[22m[39m text with rgb color
  [32m✔[39m text [90m[2m›[22m[39m text with ansi256 color
  [32m✔[39m text [90m[2m›[22m[39m text with standard background color
  [32m✔[39m text [90m[2m›[22m[39m text with hex background color
  [32m✔[39m text [90m[2m›[22m[39m text with rgb background color
  [32m✔[39m text [90m[2m›[22m[39m text with ansi256 background color
  [32m✔[39m text [90m[2m›[22m[39m text with inversion
  [32m✔[39m text [90m[2m›[22m[39m remeasure text when text is changed
  [32m✔[39m text [90m[2m›[22m[39m remeasure text when text nodes are changed
  [32m✔[39m text [90m[2m›[22m[39m text with content "constructor" wraps correctly
  [32m✔[39m width-height [90m[2m›[22m[39m set width
  [32m✔[39m width-height [90m[2m›[22m[39m set width in percent
  [32m✔[39m width-height [90m[2m›[22m[39m set min width
  [31m✔ [expected fail][39m width-height [90m[2m›[22m[39m set min width in percent
  [32m✔[39m width-height [90m[2m›[22m[39m set height
  [32m✔[39m width-height [90m[2m›[22m[39m set height in percent
  [32m✔[39m width-height [90m[2m›[22m[39m cut text over the set height
  [32m✔[39m width-height [90m[2m›[22m[39m set min height
[?2026h[?25l[2J[3J[H[rLine 1
[36m┌─────────────────────────────────────────────────────────────────────────────────────────────────────────────────────────────────────────────────────[39m
[36m│┌──────────────────────────────────┐[39m
[36m││Sticky Inner Header 0 (sticky top)│[39m
[36m│└──────────────────────────────────┘[39m
[36m│[90m[body line for header 0] 43[39m
[36m│[90m[body line for header 0] 44[39m
[36m│[90m[body line for header 0] 45[39m
[36m│[90m[body line for header 0] 46[39m
[36m│[90m[body line for header 0] 47[39m
[36m└─────────────────────────────────────────────────────────────────────────────────────────────────────────────────────────────────────────────────────[39m
 Sticky Header 1
 [38;2;153;153;153m[body line for header 1] Line 20 - Lorem ipsum dolor sit amet, consectetur adipiscing elit. Lorem ipsum dolor sit amet, consectetur adipiscing elit. [39m
 [38;2;153;153;153mconsectetur adipiscing elit. Lorem ipsum dolor sit amet, consectetur adipiscing elit. [39m
 [38;2;153;153;153m[body line for header 1] Line 21 - Lorem ipsum dolor sit amet, consectetur adipiscing elit. Lorem ipsum dolor sit amet, consectetur adipiscing elit. [39m
 [38;2;153;153;153mconsectetur adipiscing elit. [39m
 [38;2;153;153;153m[body line for header 1] Line 22 - Lorem ipsum dolor sit amet, consectetur adipiscing elit. Lorem ipsum dolor sit amet, consectetur adipiscing elit. [39m
Line 1
[36m┌─────────────────────────────────────────────────────────────────────────────────────────────────────────────────────────────────────────────────────[39m
[36m│┌──────────────────────────────────┐[39m
[36m││Sticky Inner Header 0 (sticky top)│[39m
[36m│└──────────────────────────────────┘[39m
[36m│[90m[body line for header 0] 43[39m
[36m│[90m[body line for header 0] 44[39m
[36m│[90m[body line for header 0] 45[39m
[36m│[90m[body line for header 0] 46[39m
[36m│[90m[body line for header 0] 47[39m
[36m└─────────────────────────────────────────────────────────────────────────────────────────────────────────────────────────────────────────────────────[39m
 Sticky Header 1
 [38;2;153;153;153m[body line for header 1] Line 20 - Lorem ipsum dolor sit amet, consectetur adipiscing elit. Lorem ipsum dolor sit amet, consectetur adipiscing elit. [39m
 [38;2;153;153;153mconsectetur adipiscing elit. Lorem ipsum dolor sit amet, consectetur adipiscing elit. [39m
 [38;2;153;153;153m[body line for header 1] Line 21 - Lorem ipsum dolor sit amet, consectetur adipiscing elit. Lorem ipsum dolor sit amet, consectetur adipiscing elit. [39m
 [38;2;153;153;153mconsectetur adipiscing elit. [39m
 [38;2;153;153;153m[body line for header 1] Line 22 - Lorem ipsum dolor sit amet, consectetur adipiscing elit. Lorem ipsum dolor sit amet, consectetur adipiscing elit. [39m
 [38;2;153;153;153m[body line for header 1] Line 23 - Lorem ipsum dolor sit amet, consectetur adipiscing elit. [39m
 [38;2;153;153;153m[body line for header 1] Line 24 - [39m
 [38;2;153;153;153m[body line for header 1] Line 25 - Lorem ipsum dolor sit amet, consectetur adipiscing elit. Lorem ipsum dolor sit amet, consectetur adipiscing elit. [39m
 [38;2;153;153;153mconsectetur adipiscing elit. Lorem ipsum dolor sit amet, consectetur adipiscing elit. Lorem ipsum dolor sit amet, consectetur adipiscing elit. [39m
 [38;2;153;153;153m[body line for header 1] Line 26 - Lorem ipsum dolor sit amet, consectetur adipiscing elit. Lorem ipsum dolor sit amet, consectetur adipiscing elit. [39m
 [38;2;153;153;153mconsectetur adipiscing elit. Lorem ipsum dolor sit amet, consectetur adipiscing elit. [39m
 [38;2;153;153;153m[body line for header 1] Line 27 - Lorem ipsum dolor sit amet, consectetur adipiscing elit. Lorem ipsum dolor sit amet, consectetur adipiscing elit. [39m
 [38;2;153;153;153mconsectetur adipiscing elit. [39m
 [38;2;153;153;153m[body line for header 1] Line 28 - Lorem ipsum dolor sit amet, consectetur adipiscing elit. Lorem ipsum dolor sit amet, consectetur adipiscing elit. [39m
 [38;2;153;153;153m[body line for header 1] Line 29 - Lorem ipsum dolor sit amet, consectetur adipiscing elit. [39m
 [body line for header 1] last element matching header (sticky footer naturally here)
 [38;2;153;153;153m[body line for header 1] Line 30 - [39m
 [38;2;153;153;153m[body line for header 1] Line 31 - Lorem ipsum dolor sit amet, consectetur adipiscing elit. Lorem ipsum dolor sit amet, consectetur adipiscing elit. [39m
 [38;2;153;153;153mconsectetur adipiscing elit. Lorem ipsum dolor sit amet, consectetur adipiscing elit. Lorem ipsum dolor sit amet, consectetur adipiscing elit. [39m
 [38;2;153;153;153m[body line for header 1] Line 32 - Lorem ipsum dolor sit amet, consectetur adipiscing elit. Lorem ipsum dolor sit amet, consectetur adipiscing elit. [39m
 [38;2;153;153;153mconsectetur adipiscing elit. Lorem ipsum dolor sit amet, consectetur adipiscing elit. [39m
 [38;2;153;153;153m[body line for header 1] Line 33 - Lorem ipsum dolor sit amet, consectetur adipiscing elit. Lorem ipsum dolor sit amet, consectetur adipiscing elit. [39m
 [38;2;153;153;153mconsectetur adipiscing elit. [39m
 [38;2;153;153;153m[body line for header 1] Line 34 - Lorem ipsum dolor sit amet, consectetur adipiscing elit. Lorem ipsum dolor sit amet, consectetur adipiscing elit. [39m
 [38;2;153;153;153m[body line for header 1] Line 35 - Lorem ipsum dolor sit amet, consectetur adipiscing elit. [39m
 [38;2;153;153;153m[body line for header 1] Line 36 - [39m
 [38;2;153;153;153m[body line for header 1] Line 37 - Lorem ipsum dolor sit amet, consectetur adipiscing elit. Lorem ipsum dolor sit amet, consectetur adipiscing elit. [39m
 [38;2;153;153;153mconsectetur adipiscing elit. Lorem ipsum dolor sit amet, consectetur adipiscing elit. Lorem ipsum dolor sit amet, consectetur adipiscing elit. [39m
 [38;2;153;153;153m[body line for header 2] Line 49 - Lorem ipsum dolor sit amet, consectetur adipiscing elit. Lorem ipsum dolor sit amet, consectetur adipiscing elit. [39m
 [38;2;153;153;153mconsectetur adipiscing elit. Lorem ipsum dolor sit amet, consectetur adipiscing elit. Lorem ipsum dolor sit amet, consectetur adipiscing elit. [39m[K
 [body line for header 2] last element matching header (sticky footer naturally here)[K
 [38;2;153;153;153m[body line for header 2] Line 50 - Lorem ipsum dolor sit amet, consectetur adipiscing elit. Lorem ipsum dolor sit amet, consectetur adipiscing elit. [39m
 [38;2;153;153;153mconsectetur adipiscing elit. Lorem ipsum dolor sit amet, consectetur adipiscing elit. [39m[K
 [38;2;153;153;153m[body line for header 2] Line 51 - Lorem ipsum dolor sit amet, consectetur adipiscing elit. Lorem ipsum dolor sit amet, consectetur adipiscing elit. [39m
 [38;2;153;153;153mconsectetur adipiscing elit. [39m[K
 [38;2;153;153;153m[body line for header 2] Line 52 - Lorem ipsum dolor sit amet, consectetur adipiscing elit. Lorem ipsum dolor sit amet, consectetur adipiscing elit. [39m
 [38;2;153;153;153m[body line for header 2] Line 53 - Lorem ipsum dolor sit amet, consectetur adipiscing elit. [39m[K
 [38;2;153;153;153m[body line for header 2] Line 54 - [39m[K
 [38;2;153;153;153m[body line for header 2] Line 55 - Lorem ipsum dolor sit amet, consectetur adipiscing elit. Lorem ipsum dolor sit amet, consectetur adipiscing elit. [39m
 [38;2;153;153;153mconsectetur adipiscing elit. Lorem ipsum dolor sit amet, consectetur adipiscing elit. Lorem ipsum dolor sit amet, consectetur adipiscing elit. [39m[K
 [38;2;153;153;153m[body line for header 2] Line 56 - Lorem ipsum dolor sit amet, consectetur adipiscing elit. Lorem ipsum dolor sit amet, consectetur adipiscing elit. [39m
 [38;2;153;153;153mconsectetur adipiscing elit. Lorem ipsum dolor sit amet, consectetur adipiscing elit. [39m[K
 [38;2;153;153;153m[body line for header 2] Line 57 - Lorem ipsum dolor sit amet, consectetur adipiscing elit. Lorem ipsum dolor sit amet, consectetur adipiscing elit. [39m
 [38;2;153;153;153mconsectetur adipiscing elit. [39m[K
 [38;2;153;153;153m[body line for header 2] Line 58 - Lorem ipsum dolor sit amet, consectetur adipiscing elit. Lorem ipsum dolor sit amet, consectetur adipiscing elit. [39m
 [38;2;153;153;153m[body line for header 2] Line 59 - Lorem ipsum dolor sit amet, consectetur adipiscing elit. [39m[K
[36m┌─────────────────────────────────────────────────────────────────────────────────────────────────────────────────────────────────────────────────────[39m
[36m│┌──────────────────────────────────┐[39m[K
[36m││Sticky Inner Header 3 (sticky top)│[39m[K
[36m│└──────────────────────────────────┘[39m[K
[36m│[90m[body line for header 3] 43[39m[K
[36m│[90m[body line for header 3] 44[39m[K
[36m│[90m[body line for header 3] 45[39m[K
[36m│[90m[body line for header 3] 46[39m[K
[36m│[90m[body line for header 3] 47[39m[K
[36m└─────────────────────────────────────────────────────────────────────────────────────────────────────────────────────────────────────────────────────[39m
 Sticky Header 4[K
 [38;2;153;153;153m[body line for header 4] Line 80 - Lorem ipsum dolor sit amet, consectetur adipiscing elit. Lorem ipsum dolor sit amet, consectetur adipiscing elit. [39m
 [38;2;153;153;153mconsectetur adipiscing elit. Lorem ipsum dolor sit amet, consectetur adipiscing elit. [39m[K
 [38;2;153;153;153m[body line for header 4] Line 81 - Lorem ipsum dolor sit amet, consectetur adipiscing elit. Lorem ipsum dolor sit amet, consectetur adipiscing elit. [39m
 [38;2;153;153;153mconsectetur adipiscing elit. [39m[K
 [38;2;153;153;153m[body line for header 4] Line 82 - Lorem ipsum dolor sit amet, consectetur adipiscing elit. Lorem ipsum dolor sit amet, consectetur adipiscing elit. [39m
 [38;2;153;153;153m[body line for header 4] Line 83 - Lorem ipsum dolor sit amet, consectetur adipiscing elit. [39m[K
 [38;2;153;153;153m[body line for header 4] Line 84 - [39m[K
 [38;2;153;153;153m[body line for header 4] Line 85 - Lorem ipsum dolor sit amet, consectetur adipiscing elit. Lorem ipsum dolor sit amet, consectetur adipiscing elit. [39m
 [38;2;153;153;153mconsectetur adipiscing elit. Lorem ipsum dolor sit amet, consectetur adipiscing elit. Lorem ipsum dolor sit amet, consectetur adipiscing elit. [39m[K
 [38;2;153;153;153m[body line for header 4] Line 86 - Lorem ipsum dolor sit amet, consectetur adipiscing elit. Lorem ipsum dolor sit amet, consectetur adipiscing elit. [39m
 [38;2;153;153;153mconsectetur adipiscing elit. Lorem ipsum dolor sit amet, consectetur adipiscing elit. [39m[K
 [38;2;153;153;153m[body line for header 4] Line 87 - Lorem ipsum dolor sit amet, consectetur adipiscing elit. Lorem ipsum dolor sit amet, consectetur adipiscing elit. [39m
 [38;2;153;153;153mconsectetur adipiscing elit. [39m[K
 [38;2;153;153;153m[body line for header 4] Line 88 - Lorem ipsum dolor sit amet, consectetur adipiscing elit. Lorem ipsum dolor sit amet, consectetur adipiscing elit. [39m
 [38;2;153;153;153m[body line for header 4] Line 89 - Lorem ipsum dolor sit amet, consectetur adipiscing elit. [39m[K
 [body line for header 4] last element matching header (sticky footer naturally here)[K
 [38;2;153;153;153m[body line for header 4] Line 90 - [39m[K
 [38;2;153;153;153m[body line for header 4] Line 91 - Lorem ipsum dolor sit amet, consectetur adipiscing elit. Lorem ipsum dolor sit amet, consectetur adipiscing elit. [39m
 [38;2;153;153;153mconsectetur adipiscing elit. Lorem ipsum dolor sit amet, consectetur adipiscing elit. Lorem ipsum dolor sit amet, consectetur adipiscing elit. [39m[K
 [38;2;153;153;153m[body line for header 4] Line 92 - Lorem ipsum dolor sit amet, consectetur adipiscing elit. Lorem ipsum dolor sit amet, consectetur adipiscing elit. [39m
 [38;2;153;153;153mconsectetur adipiscing elit. Lorem ipsum dolor sit amet, consectetur adipiscing elit. [39m[K
 [38;2;153;153;153m[body line for header 4] Line 93 - Lorem ipsum dolor sit amet, consectetur adipiscing elit. Lorem ipsum dolor sit amet, consectetur adipiscing elit. [39m
This is a demo showing a scrollable box with sticky headers.[K
Press up/down arrow or w/s to scroll vertically (w/s for 30 lines, Shift for 10).[K
Press 'space' to add a block, 'c' to clear list.[K
Press 'b' to toggle scrollbar (on), 't' to toggle border.[K
Press 'f' to collapse footer, 'a' to toggle alternate buffer + sticky headers (current: off)[K
Press 'h' to toggle sticky headers in backbuffer (current: off)[K
Press 'v' to toggle stable scrollback (on)[K
Press 'e' to export current frame, 'r' to toggle recording (OFF)[K
ScrollTop: 40, Size: 68, Content: 298, Added Scroll: 0[K[?2026l
  [32m✔[39m replay [90m[2m›[22m[39m sticky-regression [90m[2m›[22m[39m sticky headers should not appear in backbuffer when stickyHeadersInBackbuffer is false
  [32m✔[39m replay [90m[2m›[22m[39m render-worker-scroll [90m[2m›[22m[39m Scroll snapshot: sticky-on [90m[2m(405ms)[22m[39m
  [32m✔[39m replay [90m[2m›[22m[39m render-worker-scroll [90m[2m›[22m[39m Scroll snapshot: sticky-off [90m[2m(382ms)[22m[39m
  [32m✔[39m replay [90m[2m›[22m[39m render-worker-scroll [90m[2m›[22m[39m Scroll snapshot: narrow-sticky-on [90m[2m(377ms)[22m[39m
  [32m✔[39m replay [90m[2m›[22m[39m render-worker-scroll [90m[2m›[22m[39m Scroll snapshot: narrow-sticky-off [90m[2m(373ms)[22m[39m
  [32m✔[39m replay [90m[2m›[22m[39m render-worker-scroll [90m[2m›[22m[39m Scroll snapshot: alternate-sticky [90m[2m(370ms)[22m[39m
  [32m✔[39m replay [90m[2m›[22m[39m render-worker-replay [90m[2m›[22m[39m Replay snapshot: cli-snapshot.json [90m[2m(137ms)[22m[39m
  [32m✔[39m replay [90m[2m›[22m[39m render-worker-replay [90m[2m›[22m[39m Replay snapshot: clipping-issue.json [90m[2m(116ms)[22m[39m
  [31m✘ [fail]:[39m replay [90m[2m›[22m[39m render-worker-replay [90m[2m›[22m[39m Replay snapshot: scroll-blue-background.json
  [32m✔[39m replay [90m[2m›[22m[39m render-worker-replay [90m[2m›[22m[39m Replay snapshot: scroll-demo.json
  [32m✔[39m replay [90m[2m›[22m[39m render-worker-replay [90m[2m›[22m[39m Replay snapshot: sticky-1item.json
  [32m✔[39m replay [90m[2m›[22m[39m render-worker-replay [90m[2m›[22m[39m Replay snapshot: sticky-bug.json
  [32m✔[39m replay [90m[2m›[22m[39m render-worker-replay [90m[2m›[22m[39m Replay snapshot: sticky-fullwidth.json
  [32m✔[39m replay [90m[2m›[22m[39m render-worker-replay [90m[2m›[22m[39m Replay snapshot: sticky-inner-bug.json
  [32m✔[39m replay [90m[2m›[22m[39m render-worker-replay [90m[2m›[22m[39m Replay snapshot: sticky-inner.json
  [32m✔[39m replay [90m[2m›[22m[39m render-worker-replay [90m[2m›[22m[39m Replay snapshot: sticky-issue.json
  [32m✔[39m replay [90m[2m›[22m[39m render-worker-replay [90m[2m›[22m[39m Replay snapshot: sticky-regression.json
  [32m✔[39m replay [90m[2m›[22m[39m render-worker-replay [90m[2m›[22m[39m Replay snapshot: sticky-scroll-demo.json
  [90m─[39m

  [1malternate-buffer-already-active [90m[2m›[22m[1m[39m does not enter alternate buffer when already active[22m

  [90mtest/alternate-buffer-already-active.tsx:6[39m

   [90m5:[39m test('does not enter alternate buffer when already active', async t => {
  [41m[1m 6:   const output = await run('alternate-buffer-already-active');          [22m[49m
   [90m7:[39m                                                                         

  Rejected promise returned by test. Reason:

  [35mError[39m [90m{[39m
    message: [34m'[39m[34mposix_spawnp failed.[39m[34m'[39m[90m,[39m
  [90m}[39m

  [90m› new UnixTerminal (node_modules/node-pty/src/unixTerminal.ts:106:22)[39m
  [90m› spawn (node_modules/node-pty/src/index.ts:31:10)[39m
  [90m› <anonymous> (test/helpers/run.ts:37:16)[39m
  [90m› run (test/helpers/run.ts:36:9)[39m
  [90m› <anonymous> (test/alternate-buffer-already-active.tsx:6:23)[39m



  [1malternate-buffer [90m[2m›[22m[1m[39m (non-iTerm) renders in alternate buffer and leaves it on exit[22m

  [90mtest/alternate-buffer.tsx:35[39m

   [90m34:[39m   test(`(${name}) renders in alternate buffer and leaves it on exit`, as…
  [41m[1m 35:     const output = await run('alternate-buffer', {                       [22m[49m
   [90m36:[39m       env,                                                               

  Rejected promise returned by test. Reason:

  [35mError[39m [90m{[39m
    message: [34m'[39m[34mposix_spawnp failed.[39m[34m'[39m[90m,[39m
  [90m}[39m

  [90m› new UnixTerminal (node_modules/node-pty/src/unixTerminal.ts:106:22)[39m
  [90m› spawn (node_modules/node-pty/src/index.ts:31:10)[39m
  [90m› <anonymous> (test/helpers/run.ts:37:16)[39m
  [90m› run (test/helpers/run.ts:36:9)[39m
  [90m› <anonymous> (test/alternate-buffer.tsx:35:24)[39m



  [1malternate-buffer [90m[2m›[22m[1m[39m (iTerm) renders in alternate buffer and leaves it on exit[22m

  [90mtest/alternate-buffer.tsx:35[39m

   [90m34:[39m   test(`(${name}) renders in alternate buffer and leaves it on exit`, as…
  [41m[1m 35:     const output = await run('alternate-buffer', {                       [22m[49m
   [90m36:[39m       env,                                                               

  Rejected promise returned by test. Reason:

  [35mError[39m [90m{[39m
    message: [34m'[39m[34mposix_spawnp failed.[39m[34m'[39m[90m,[39m
  [90m}[39m

  [90m› new UnixTerminal (node_modules/node-pty/src/unixTerminal.ts:106:22)[39m
  [90m› spawn (node_modules/node-pty/src/index.ts:31:10)[39m
  [90m› <anonymous> (test/helpers/run.ts:37:16)[39m
  [90m› run (test/helpers/run.ts:36:9)[39m
  [90m› <anonymous> (test/alternate-buffer.tsx:35:24)[39m



  [1malternate-buffer [90m[2m›[22m[1m[39m does not use alternate buffer when disabled[22m

  [90mtest/alternate-buffer.tsx:57[39m

   [90m56:[39m test('does not use alternate buffer when disabled', async t => {
  [41m[1m 57:   const output = await run('alternate-buffer-off');             [22m[49m
   [90m58:[39m                                                                 

  Rejected promise returned by test. Reason:

  [35mError[39m [90m{[39m
    message: [34m'[39m[34mposix_spawnp failed.[39m[34m'[39m[90m,[39m
  [90m}[39m

  [90m› new UnixTerminal (node_modules/node-pty/src/unixTerminal.ts:106:22)[39m
  [90m› spawn (node_modules/node-pty/src/index.ts:31:10)[39m
  [90m› <anonymous> (test/helpers/run.ts:37:16)[39m
  [90m› run (test/helpers/run.ts:36:9)[39m
  [90m› <anonymous> (test/alternate-buffer.tsx:57:23)[39m



  [1malternate-buffer [90m[2m›[22m[1m[39m (non-iTerm) renders final frame on exit outside of alternate buffer[22m

  [90mtest/alternate-buffer.tsx:68[39m

   [90m67:[39m   test(`(${name}) renders final frame on exit outside of alternate buffe…
  [41m[1m 68:     const output = await run('alternate-buffer', {env});                 [22m[49m
   [90m69:[39m                                                                          

  Rejected promise returned by test. Reason:

  [35mError[39m [90m{[39m
    message: [34m'[39m[34mposix_spawnp failed.[39m[34m'[39m[90m,[39m
  [90m}[39m

  [90m› new UnixTerminal (node_modules/node-pty/src/unixTerminal.ts:106:22)[39m
  [90m› spawn (node_modules/node-pty/src/index.ts:31:10)[39m
  [90m› <anonymous> (test/helpers/run.ts:37:16)[39m
  [90m› run (test/helpers/run.ts:36:9)[39m
  [90m› <anonymous> (test/alternate-buffer.tsx:68:24)[39m



  [1malternate-buffer [90m[2m›[22m[1m[39m (non-iTerm) does not render more lines than terminal height until exit[22m

  [90mtest/alternate-buffer.tsx:79[39m

   [90m78:[39m   test(`(${name}) does not render more lines than terminal height until …
  [41m[1m 79:     const output = await run('alternate-buffer-long', {rows: 3, env});   [22m[49m
   [90m80:[39m                                                                          

  Rejected promise returned by test. Reason:

  [35mError[39m [90m{[39m
    message: [34m'[39m[34mposix_spawnp failed.[39m[34m'[39m[90m,[39m
  [90m}[39m

  [90m› new UnixTerminal (node_modules/node-pty/src/unixTerminal.ts:106:22)[39m
  [90m› spawn (node_modules/node-pty/src/index.ts:31:10)[39m
  [90m› <anonymous> (test/helpers/run.ts:37:16)[39m
  [90m› run (test/helpers/run.ts:36:9)[39m
  [90m› <anonymous> (test/alternate-buffer.tsx:79:24)[39m



  [1malternate-buffer [90m[2m›[22m[1m[39m (iTerm) renders final frame on exit outside of alternate buffer[22m

  [90mtest/alternate-buffer.tsx:68[39m

   [90m67:[39m   test(`(${name}) renders final frame on exit outside of alternate buffe…
  [41m[1m 68:     const output = await run('alternate-buffer', {env});                 [22m[49m
   [90m69:[39m                                                                          

  Rejected promise returned by test. Reason:

  [35mError[39m [90m{[39m
    message: [34m'[39m[34mposix_spawnp failed.[39m[34m'[39m[90m,[39m
  [90m}[39m

  [90m› new UnixTerminal (node_modules/node-pty/src/unixTerminal.ts:106:22)[39m
  [90m› spawn (node_modules/node-pty/src/index.ts:31:10)[39m
  [90m› <anonymous> (test/helpers/run.ts:37:16)[39m
  [90m› run (test/helpers/run.ts:36:9)[39m
  [90m› <anonymous> (test/alternate-buffer.tsx:68:24)[39m



  [1malternate-buffer [90m[2m›[22m[1m[39m (iTerm) does not render more lines than terminal height until exit[22m

  [90mtest/alternate-buffer.tsx:79[39m

   [90m78:[39m   test(`(${name}) does not render more lines than terminal height until …
  [41m[1m 79:     const output = await run('alternate-buffer-long', {rows: 3, env});   [22m[49m
   [90m80:[39m                                                                          

  Rejected promise returned by test. Reason:

  [35mError[39m [90m{[39m
    message: [34m'[39m[34mposix_spawnp failed.[39m[34m'[39m[90m,[39m
  [90m}[39m

  [90m› new UnixTerminal (node_modules/node-pty/src/unixTerminal.ts:106:22)[39m
  [90m› spawn (node_modules/node-pty/src/index.ts:31:10)[39m
  [90m› <anonymous> (test/helpers/run.ts:37:16)[39m
  [90m› run (test/helpers/run.ts:36:9)[39m
  [90m› <anonymous> (test/alternate-buffer.tsx:79:24)[39m



  [1mexit-cursor [90m[2m›[22m[1m[39m cursor is moved to the last line on exit[22m

  [90mtest/exit-cursor.tsx:6[39m

   [90m5:[39m test('cursor is moved to the last line on exit', async t => {
  [41m[1m 6:   const output = await run('exit-cursor-position');          [22m[49m
   [90m7:[39m                                                              

  Rejected promise returned by test. Reason:

  [35mError[39m [90m{[39m
    message: [34m'[39m[34mposix_spawnp failed.[39m[34m'[39m[90m,[39m
  [90m}[39m

  [90m› new UnixTerminal (node_modules/node-pty/src/unixTerminal.ts:106:22)[39m
  [90m› spawn (node_modules/node-pty/src/index.ts:31:10)[39m
  [90m› <anonymous> (test/helpers/run.ts:37:16)[39m
  [90m› run (test/helpers/run.ts:36:9)[39m
  [90m› <anonymous> (test/exit-cursor.tsx:6:23)[39m



  [1mexit [90m[2m›[22m[1m[39m exit normally without unmount() or exit()[22m

  [90mtest/exit.tsx:16[39m

   [90m15:[39m test.serial('exit normally without unmount() or exit()', async t => {
  [41m[1m 16:   const output = await run('exit-normally');                         [22m[49m
   [90m17:[39m   t.true(output.includes('exited'));                                 

  Rejected promise returned by test. Reason:

  [35mError[39m [90m{[39m
    message: [34m'[39m[34mposix_spawnp failed.[39m[34m'[39m[90m,[39m
  [90m}[39m

  [90m› new UnixTerminal (node_modules/node-pty/src/unixTerminal.ts:106:22)[39m
  [90m› spawn (node_modules/node-pty/src/index.ts:31:10)[39m
  [90m› <anonymous> (test/helpers/run.ts:37:16)[39m
  [90m› run (test/helpers/run.ts:36:9)[39m
  [90m› <anonymous> (test/exit.tsx:16:23)[39m



  [1mexit [90m[2m›[22m[1m[39m exit on unmount()[22m

  [90mtest/exit.tsx:21[39m

   [90m20:[39m test.serial('exit on unmount()', async t => { 
  [41m[1m 21:   const output = await run('exit-on-unmount');[22m[49m
   [90m22:[39m   t.true(output.includes('exited'));          

  Rejected promise returned by test. Reason:

  [35mError[39m [90m{[39m
    message: [34m'[39m[34mposix_spawnp failed.[39m[34m'[39m[90m,[39m
  [90m}[39m

  [90m› new UnixTerminal (node_modules/node-pty/src/unixTerminal.ts:106:22)[39m
  [90m› spawn (node_modules/node-pty/src/index.ts:31:10)[39m
  [90m› <anonymous> (test/helpers/run.ts:37:16)[39m
  [90m› run (test/helpers/run.ts:36:9)[39m
  [90m› <anonymous> (test/exit.tsx:21:23)[39m



  [1mexit [90m[2m›[22m[1m[39m exit when app finishes execution[22m

  [90mtest/exit.tsx:27[39m

   [90m26:[39m   const ps = run('exit-on-finish');
  [41m[1m 27:   await t.notThrowsAsync(ps);      [22m[49m
   [90m28:[39m });                                

  Promise rejected with:

  [35mError[39m [90m{[39m
    message: [34m'[39m[34mposix_spawnp failed.[39m[34m'[39m[90m,[39m
  [90m}[39m

  [90m› <anonymous> (test/exit.tsx:27:10)[39m



  [1mexit [90m[2m›[22m[1m[39m exit on exit()[22m

  [90mtest/exit.tsx:31[39m

   [90m30:[39m test.serial('exit on exit()', async t => { 
  [41m[1m 31:   const output = await run('exit-on-exit');[22m[49m
   [90m32:[39m   t.true(output.includes('exited'));       

  Rejected promise returned by test. Reason:

  [35mError[39m [90m{[39m
    message: [34m'[39m[34mposix_spawnp failed.[39m[34m'[39m[90m,[39m
  [90m}[39m

  [90m› new UnixTerminal (node_modules/node-pty/src/unixTerminal.ts:106:22)[39m
  [90m› spawn (node_modules/node-pty/src/index.ts:31:10)[39m
  [90m› <anonymous> (test/helpers/run.ts:37:16)[39m
  [90m› run (test/helpers/run.ts:36:9)[39m
  [90m› <anonymous> (test/exit.tsx:31:23)[39m



  [1mexit [90m[2m›[22m[1m[39m exit on exit() with error[22m

  [90mtest/exit.tsx:36[39m

   [90m35:[39m test.serial('exit on exit() with error', async t => { 
  [41m[1m 36:   const output = await run('exit-on-exit-with-error');[22m[49m
   [90m37:[39m   t.true(output.includes('errored'));                 

  Rejected promise returned by test. Reason:

  [35mError[39m [90m{[39m
    message: [34m'[39m[34mposix_spawnp failed.[39m[34m'[39m[90m,[39m
  [90m}[39m

  [90m› new UnixTerminal (node_modules/node-pty/src/unixTerminal.ts:106:22)[39m
  [90m› spawn (node_modules/node-pty/src/index.ts:31:10)[39m
  [90m› <anonymous> (test/helpers/run.ts:37:16)[39m
  [90m› run (test/helpers/run.ts:36:9)[39m
  [90m› <anonymous> (test/exit.tsx:36:23)[39m



  [1mexit [90m[2m›[22m[1m[39m exit on exit() with raw mode[22m

  [90mtest/exit.tsx:41[39m

   [90m40:[39m test.serial('exit on exit() with raw mode', async t => {
  [41m[1m 41:   const output = await run('exit-raw-on-exit');         [22m[49m
   [90m42:[39m   t.true(output.includes('exited'));                    

  Rejected promise returned by test. Reason:

  [35mError[39m [90m{[39m
    message: [34m'[39m[34mposix_spawnp failed.[39m[34m'[39m[90m,[39m
  [90m}[39m

  [90m› new UnixTerminal (node_modules/node-pty/src/unixTerminal.ts:106:22)[39m
  [90m› spawn (node_modules/node-pty/src/index.ts:31:10)[39m
  [90m› <anonymous> (test/helpers/run.ts:37:16)[39m
  [90m› run (test/helpers/run.ts:36:9)[39m
  [90m› <anonymous> (test/exit.tsx:41:23)[39m



  [1mexit [90m[2m›[22m[1m[39m exit on exit() with raw mode with error[22m

  [90mtest/exit.tsx:46[39m

   [90m45:[39m test.serial('exit on exit() with raw mode with error', async t => {
  [41m[1m 46:   const output = await run('exit-raw-on-exit-with-error');         [22m[49m
   [90m47:[39m   t.true(output.includes('errored'));                              

  Rejected promise returned by test. Reason:

  [35mError[39m [90m{[39m
    message: [34m'[39m[34mposix_spawnp failed.[39m[34m'[39m[90m,[39m
  [90m}[39m

  [90m› new UnixTerminal (node_modules/node-pty/src/unixTerminal.ts:106:22)[39m
  [90m› spawn (node_modules/node-pty/src/index.ts:31:10)[39m
  [90m› <anonymous> (test/helpers/run.ts:37:16)[39m
  [90m› run (test/helpers/run.ts:36:9)[39m
  [90m› <anonymous> (test/exit.tsx:46:23)[39m



  [1mexit [90m[2m›[22m[1m[39m exit on unmount() with raw mode[22m

  [90mtest/exit.tsx:51[39m

   [90m50:[39m test.serial('exit on unmount() with raw mode', async t => {
  [41m[1m 51:   const output = await run('exit-raw-on-unmount');         [22m[49m
   [90m52:[39m   t.true(output.includes('exited'));                       

  Rejected promise returned by test. Reason:

  [35mError[39m [90m{[39m
    message: [34m'[39m[34mposix_spawnp failed.[39m[34m'[39m[90m,[39m
  [90m}[39m

  [90m› new UnixTerminal (node_modules/node-pty/src/unixTerminal.ts:106:22)[39m
  [90m› spawn (node_modules/node-pty/src/index.ts:31:10)[39m
  [90m› <anonymous> (test/helpers/run.ts:37:16)[39m
  [90m› run (test/helpers/run.ts:36:9)[39m
  [90m› <anonymous> (test/exit.tsx:51:23)[39m



  [1mexit [90m[2m›[22m[1m[39m exit with thrown error[22m

  [90mtest/exit.tsx:56[39m

   [90m55:[39m test.serial('exit with thrown error', async t => {   
  [41m[1m 56:   const output = await run('exit-with-thrown-error');[22m[49m
   [90m57:[39m   t.true(output.includes('errored'));                

  Rejected promise returned by test. Reason:

  [35mError[39m [90m{[39m
    message: [34m'[39m[34mposix_spawnp failed.[39m[34m'[39m[90m,[39m
  [90m}[39m

  [90m› new UnixTerminal (node_modules/node-pty/src/unixTerminal.ts:106:22)[39m
  [90m› spawn (node_modules/node-pty/src/index.ts:31:10)[39m
  [90m› <anonymous> (test/helpers/run.ts:37:16)[39m
  [90m› run (test/helpers/run.ts:36:9)[39m
  [90m› <anonymous> (test/exit.tsx:56:23)[39m



  [1mexit [90m[2m›[22m[1m[39m don’t exit while raw mode is active[22m

  [90mtest/exit.tsx:68[39m

   [90m67:[39m                        
  [41m[1m 68:     const term = spawn([22m[49m
   [90m69:[39m       'node',          

  Rejected promise returned by test. Reason:

  [35mError[39m [90m{[39m
    message: [34m'[39m[34mposix_spawnp failed.[39m[34m'[39m[90m,[39m
  [90m}[39m

  [90m› new UnixTerminal (node_modules/node-pty/src/unixTerminal.ts:106:22)[39m
  [90m› spawn (node_modules/node-pty/src/index.ts:31:10)[39m
  [90m› <anonymous> (test/exit.tsx:68:16)[39m
  [90m› <anonymous> (test/exit.tsx:61:8)[39m



  [1mcomponents [90m[2m›[22m[1m[39m render only last frame when run in CI[22m

  [90mtest/components.tsx:601[39m

   [90m600:[39m test('render only last frame when run in CI', async t => {
  [41m[1m 601:   const output = await run('ci', {                        [22m[49m
   [90m602:[39m     env: {CI: 'true'},                                    

  Rejected promise returned by test. Reason:

  [35mError[39m [90m{[39m
    message: [34m'[39m[34mposix_spawnp failed.[39m[34m'[39m[90m,[39m
  [90m}[39m

  [90m› new UnixTerminal (node_modules/node-pty/src/unixTerminal.ts:106:22)[39m
  [90m› spawn (node_modules/node-pty/src/index.ts:31:10)[39m
  [90m› <anonymous> (test/helpers/run.ts:37:16)[39m
  [90m› run (test/helpers/run.ts:36:9)[39m
  [90m› <anonymous> (test/components.tsx:601:23)[39m



  [1mcomponents [90m[2m›[22m[1m[39m render all frames if CI environment variable equals false[22m

  [90mtest/components.tsx:614[39m

   [90m613:[39m test('render all frames if CI environment variable equals false', async…
  [41m[1m 614:   const output = await run('ci', {                                      [22m[49m
   [90m615:[39m     env: {CI: 'false'},                                                 

  Rejected promise returned by test. Reason:

  [35mError[39m [90m{[39m
    message: [34m'[39m[34mposix_spawnp failed.[39m[34m'[39m[90m,[39m
  [90m}[39m

  [90m› new UnixTerminal (node_modules/node-pty/src/unixTerminal.ts:106:22)[39m
  [90m› spawn (node_modules/node-pty/src/index.ts:31:10)[39m
  [90m› <anonymous> (test/helpers/run.ts:37:16)[39m
  [90m› run (test/helpers/run.ts:36:9)[39m
  [90m› <anonymous> (test/components.tsx:614:23)[39m



  [1mhooks [90m[2m›[22m[1m[39m useInput - handle lowercase character[22m

  [90mtest/hooks.tsx:28[39m

   [90m27:[39m                    
  [41m[1m 28:   const ps = spawn([22m[49m
   [90m29:[39m     'node',        

  Rejected promise returned by test. Reason:

  [35mError[39m [90m{[39m
    message: [34m'[39m[34mposix_spawnp failed.[39m[34m'[39m[90m,[39m
  [90m}[39m

  [90m› new UnixTerminal (node_modules/node-pty/src/unixTerminal.ts:106:22)[39m
  [90m› spawn (node_modules/node-pty/src/index.ts:31:10)[39m
  [90m› term (test/hooks.tsx:28:13)[39m
  [90m› <anonymous> (test/hooks.tsx:72:13)[39m



  [1mhooks [90m[2m›[22m[1m[39m useInput - handle uppercase character[22m

  [90mtest/hooks.tsx:28[39m

   [90m27:[39m                    
  [41m[1m 28:   const ps = spawn([22m[49m
   [90m29:[39m     'node',        

  Rejected promise returned by test. Reason:

  [35mError[39m [90m{[39m
    message: [34m'[39m[34mposix_spawnp failed.[39m[34m'[39m[90m,[39m
  [90m}[39m

  [90m› new UnixTerminal (node_modules/node-pty/src/unixTerminal.ts:106:22)[39m
  [90m› spawn (node_modules/node-pty/src/index.ts:31:10)[39m
  [90m› term (test/hooks.tsx:28:13)[39m
  [90m› <anonymous> (test/hooks.tsx:79:13)[39m



  [1mhooks [90m[2m›[22m[1m[39m useInput - should not count as an uppercase character[22m

  [90mtest/hooks.tsx:28[39m

   [90m27:[39m                    
  [41m[1m 28:   const ps = spawn([22m[49m
   [90m29:[39m     'node',        

  Rejected promise returned by test. Reason:

  [35mError[39m [90m{[39m
    message: [34m'[39m[34mposix_spawnp failed.[39m[34m'[39m[90m,[39m
  [90m}[39m

  [90m› new UnixTerminal (node_modules/node-pty/src/unixTerminal.ts:106:22)[39m
  [90m› spawn (node_modules/node-pty/src/index.ts:31:10)[39m
  [90m› term (test/hooks.tsx:28:13)[39m
  [90m› <anonymous> (test/hooks.tsx:88:14)[39m



  [1mhooks [90m[2m›[22m[1m[39m useInput - pasted carriage return[22m

  [90mtest/hooks.tsx:28[39m

   [90m27:[39m                    
  [41m[1m 28:   const ps = spawn([22m[49m
   [90m29:[39m     'node',        

  Rejected promise returned by test. Reason:

  [35mError[39m [90m{[39m
    message: [34m'[39m[34mposix_spawnp failed.[39m[34m'[39m[90m,[39m
  [90m}[39m

  [90m› new UnixTerminal (node_modules/node-pty/src/unixTerminal.ts:106:22)[39m
  [90m› spawn (node_modules/node-pty/src/index.ts:31:10)[39m
  [90m› term (test/hooks.tsx:28:13)[39m
  [90m› <anonymous> (test/hooks.tsx:96:13)[39m



  [1mhooks [90m[2m›[22m[1m[39m useInput - pasted tab[22m

  [90mtest/hooks.tsx:28[39m

   [90m27:[39m                    
  [41m[1m 28:   const ps = spawn([22m[49m
   [90m29:[39m     'node',        

  Rejected promise returned by test. Reason:

  [35mError[39m [90m{[39m
    message: [34m'[39m[34mposix_spawnp failed.[39m[34m'[39m[90m,[39m
  [90m}[39m

  [90m› new UnixTerminal (node_modules/node-pty/src/unixTerminal.ts:106:22)[39m
  [90m› spawn (node_modules/node-pty/src/index.ts:31:10)[39m
  [90m› term (test/hooks.tsx:28:13)[39m
  [90m› <anonymous> (test/hooks.tsx:103:13)[39m



  [1mhooks [90m[2m›[22m[1m[39m useInput - handle escape[22m

  [90mtest/hooks.tsx:28[39m

   [90m27:[39m                    
  [41m[1m 28:   const ps = spawn([22m[49m
   [90m29:[39m     'node',        

  Rejected promise returned by test. Reason:

  [35mError[39m [90m{[39m
    message: [34m'[39m[34mposix_spawnp failed.[39m[34m'[39m[90m,[39m
  [90m}[39m

  [90m› new UnixTerminal (node_modules/node-pty/src/unixTerminal.ts:106:22)[39m
  [90m› spawn (node_modules/node-pty/src/index.ts:31:10)[39m
  [90m› term (test/hooks.tsx:28:13)[39m
  [90m› <anonymous> (test/hooks.tsx:110:13)[39m



  [1mhooks [90m[2m›[22m[1m[39m useInput - handle ctrl[22m

  [90mtest/hooks.tsx:28[39m

   [90m27:[39m                    
  [41m[1m 28:   const ps = spawn([22m[49m
   [90m29:[39m     'node',        

  Rejected promise returned by test. Reason:

  [35mError[39m [90m{[39m
    message: [34m'[39m[34mposix_spawnp failed.[39m[34m'[39m[90m,[39m
  [90m}[39m

  [90m› new UnixTerminal (node_modules/node-pty/src/unixTerminal.ts:106:22)[39m
  [90m› spawn (node_modules/node-pty/src/index.ts:31:10)[39m
  [90m› term (test/hooks.tsx:28:13)[39m
  [90m› <anonymous> (test/hooks.tsx:117:13)[39m



  [1mhooks [90m[2m›[22m[1m[39m useInput - handle meta[22m

  [90mtest/hooks.tsx:28[39m

   [90m27:[39m                    
  [41m[1m 28:   const ps = spawn([22m[49m
   [90m29:[39m     'node',        

  Rejected promise returned by test. Reason:

  [35mError[39m [90m{[39m
    message: [34m'[39m[34mposix_spawnp failed.[39m[34m'[39m[90m,[39m
  [90m}[39m

  [90m› new UnixTerminal (node_modules/node-pty/src/unixTerminal.ts:106:22)[39m
  [90m› spawn (node_modules/node-pty/src/index.ts:31:10)[39m
  [90m› term (test/hooks.tsx:28:13)[39m
  [90m› <anonymous> (test/hooks.tsx:124:13)[39m



  [1mhooks [90m[2m›[22m[1m[39m useInput - handle up arrow[22m

  [90mtest/hooks.tsx:28[39m

   [90m27:[39m                    
  [41m[1m 28:   const ps = spawn([22m[49m
   [90m29:[39m     'node',        

  Rejected promise returned by test. Reason:

  [35mError[39m [90m{[39m
    message: [34m'[39m[34mposix_spawnp failed.[39m[34m'[39m[90m,[39m
  [90m}[39m

  [90m› new UnixTerminal (node_modules/node-pty/src/unixTerminal.ts:106:22)[39m
  [90m› spawn (node_modules/node-pty/src/index.ts:31:10)[39m
  [90m› term (test/hooks.tsx:28:13)[39m
  [90m› <anonymous> (test/hooks.tsx:131:13)[39m



  [1mhooks [90m[2m›[22m[1m[39m useInput - handle down arrow[22m

  [90mtest/hooks.tsx:28[39m

   [90m27:[39m                    
  [41m[1m 28:   const ps = spawn([22m[49m
   [90m29:[39m     'node',        

  Rejected promise returned by test. Reason:

  [35mError[39m [90m{[39m
    message: [34m'[39m[34mposix_spawnp failed.[39m[34m'[39m[90m,[39m
  [90m}[39m

  [90m› new UnixTerminal (node_modules/node-pty/src/unixTerminal.ts:106:22)[39m
  [90m› spawn (node_modules/node-pty/src/index.ts:31:10)[39m
  [90m› term (test/hooks.tsx:28:13)[39m
  [90m› <anonymous> (test/hooks.tsx:138:13)[39m



  [1mhooks [90m[2m›[22m[1m[39m useInput - handle left arrow[22m

  [90mtest/hooks.tsx:28[39m

   [90m27:[39m                    
  [41m[1m 28:   const ps = spawn([22m[49m
   [90m29:[39m     'node',        

  Rejected promise returned by test. Reason:

  [35mError[39m [90m{[39m
    message: [34m'[39m[34mposix_spawnp failed.[39m[34m'[39m[90m,[39m
  [90m}[39m

  [90m› new UnixTerminal (node_modules/node-pty/src/unixTerminal.ts:106:22)[39m
  [90m› spawn (node_modules/node-pty/src/index.ts:31:10)[39m
  [90m› term (test/hooks.tsx:28:13)[39m
  [90m› <anonymous> (test/hooks.tsx:145:13)[39m



  [1mhooks [90m[2m›[22m[1m[39m useInput - handle right arrow[22m

  [90mtest/hooks.tsx:28[39m

   [90m27:[39m                    
  [41m[1m 28:   const ps = spawn([22m[49m
   [90m29:[39m     'node',        

  Rejected promise returned by test. Reason:

  [35mError[39m [90m{[39m
    message: [34m'[39m[34mposix_spawnp failed.[39m[34m'[39m[90m,[39m
  [90m}[39m

  [90m› new UnixTerminal (node_modules/node-pty/src/unixTerminal.ts:106:22)[39m
  [90m› spawn (node_modules/node-pty/src/index.ts:31:10)[39m
  [90m› term (test/hooks.tsx:28:13)[39m
  [90m› <anonymous> (test/hooks.tsx:152:13)[39m



  [1mhooks [90m[2m›[22m[1m[39m useInput - handle meta + up arrow[22m

  [90mtest/hooks.tsx:28[39m

   [90m27:[39m                    
  [41m[1m 28:   const ps = spawn([22m[49m
   [90m29:[39m     'node',        

  Rejected promise returned by test. Reason:

  [35mError[39m [90m{[39m
    message: [34m'[39m[34mposix_spawnp failed.[39m[34m'[39m[90m,[39m
  [90m}[39m

  [90m› new UnixTerminal (node_modules/node-pty/src/unixTerminal.ts:106:22)[39m
  [90m› spawn (node_modules/node-pty/src/index.ts:31:10)[39m
  [90m› term (test/hooks.tsx:28:13)[39m
  [90m› <anonymous> (test/hooks.tsx:159:13)[39m



  [1mhooks [90m[2m›[22m[1m[39m useInput - handle meta + down arrow[22m

  [90mtest/hooks.tsx:28[39m

   [90m27:[39m                    
  [41m[1m 28:   const ps = spawn([22m[49m
   [90m29:[39m     'node',        

  Rejected promise returned by test. Reason:

  [35mError[39m [90m{[39m
    message: [34m'[39m[34mposix_spawnp failed.[39m[34m'[39m[90m,[39m
  [90m}[39m

  [90m› new UnixTerminal (node_modules/node-pty/src/unixTerminal.ts:106:22)[39m
  [90m› spawn (node_modules/node-pty/src/index.ts:31:10)[39m
  [90m› term (test/hooks.tsx:28:13)[39m
  [90m› <anonymous> (test/hooks.tsx:166:13)[39m



  [1mhooks [90m[2m›[22m[1m[39m useInput - handle meta + left arrow[22m

  [90mtest/hooks.tsx:28[39m

   [90m27:[39m                    
  [41m[1m 28:   const ps = spawn([22m[49m
   [90m29:[39m     'node',        

  Rejected promise returned by test. Reason:

  [35mError[39m [90m{[39m
    message: [34m'[39m[34mposix_spawnp failed.[39m[34m'[39m[90m,[39m
  [90m}[39m

  [90m› new UnixTerminal (node_modules/node-pty/src/unixTerminal.ts:106:22)[39m
  [90m› spawn (node_modules/node-pty/src/index.ts:31:10)[39m
  [90m› term (test/hooks.tsx:28:13)[39m
  [90m› <anonymous> (test/hooks.tsx:173:13)[39m



  [1mhooks [90m[2m›[22m[1m[39m useInput - handle meta + right arrow[22m

  [90mtest/hooks.tsx:28[39m

   [90m27:[39m                    
  [41m[1m 28:   const ps = spawn([22m[49m
   [90m29:[39m     'node',        

  Rejected promise returned by test. Reason:

  [35mError[39m [90m{[39m
    message: [34m'[39m[34mposix_spawnp failed.[39m[34m'[39m[90m,[39m
  [90m}[39m

  [90m› new UnixTerminal (node_modules/node-pty/src/unixTerminal.ts:106:22)[39m
  [90m› spawn (node_modules/node-pty/src/index.ts:31:10)[39m
  [90m› term (test/hooks.tsx:28:13)[39m
  [90m› <anonymous> (test/hooks.tsx:180:13)[39m



  [1mhooks [90m[2m›[22m[1m[39m useInput - handle ctrl + up arrow[22m

  [90mtest/hooks.tsx:28[39m

   [90m27:[39m                    
  [41m[1m 28:   const ps = spawn([22m[49m
   [90m29:[39m     'node',        

  Rejected promise returned by test. Reason:

  [35mError[39m [90m{[39m
    message: [34m'[39m[34mposix_spawnp failed.[39m[34m'[39m[90m,[39m
  [90m}[39m

  [90m› new UnixTerminal (node_modules/node-pty/src/unixTerminal.ts:106:22)[39m
  [90m› spawn (node_modules/node-pty/src/index.ts:31:10)[39m
  [90m› term (test/hooks.tsx:28:13)[39m
  [90m› <anonymous> (test/hooks.tsx:187:13)[39m



  [1mhooks [90m[2m›[22m[1m[39m useInput - handle ctrl + down arrow[22m

  [90mtest/hooks.tsx:28[39m

   [90m27:[39m                    
  [41m[1m 28:   const ps = spawn([22m[49m
   [90m29:[39m     'node',        

  Rejected promise returned by test. Reason:

  [35mError[39m [90m{[39m
    message: [34m'[39m[34mposix_spawnp failed.[39m[34m'[39m[90m,[39m
  [90m}[39m

  [90m› new UnixTerminal (node_modules/node-pty/src/unixTerminal.ts:106:22)[39m
  [90m› spawn (node_modules/node-pty/src/index.ts:31:10)[39m
  [90m› term (test/hooks.tsx:28:13)[39m
  [90m› <anonymous> (test/hooks.tsx:194:13)[39m



  [1mhooks [90m[2m›[22m[1m[39m useInput - handle ctrl + left arrow[22m

  [90mtest/hooks.tsx:28[39m

   [90m27:[39m                    
  [41m[1m 28:   const ps = spawn([22m[49m
   [90m29:[39m     'node',        

  Rejected promise returned by test. Reason:

  [35mError[39m [90m{[39m
    message: [34m'[39m[34mposix_spawnp failed.[39m[34m'[39m[90m,[39m
  [90m}[39m

  [90m› new UnixTerminal (node_modules/node-pty/src/unixTerminal.ts:106:22)[39m
  [90m› spawn (node_modules/node-pty/src/index.ts:31:10)[39m
  [90m› term (test/hooks.tsx:28:13)[39m
  [90m› <anonymous> (test/hooks.tsx:201:13)[39m



  [1mhooks [90m[2m›[22m[1m[39m useInput - handle ctrl + right arrow[22m

  [90mtest/hooks.tsx:28[39m

   [90m27:[39m                    
  [41m[1m 28:   const ps = spawn([22m[49m
   [90m29:[39m     'node',        

  Rejected promise returned by test. Reason:

  [35mError[39m [90m{[39m
    message: [34m'[39m[34mposix_spawnp failed.[39m[34m'[39m[90m,[39m
  [90m}[39m

  [90m› new UnixTerminal (node_modules/node-pty/src/unixTerminal.ts:106:22)[39m
  [90m› spawn (node_modules/node-pty/src/index.ts:31:10)[39m
  [90m› term (test/hooks.tsx:28:13)[39m
  [90m› <anonymous> (test/hooks.tsx:208:13)[39m



  [1mhooks [90m[2m›[22m[1m[39m useInput - handle page down[22m

  [90mtest/hooks.tsx:28[39m

   [90m27:[39m                    
  [41m[1m 28:   const ps = spawn([22m[49m
   [90m29:[39m     'node',        

  Rejected promise returned by test. Reason:

  [35mError[39m [90m{[39m
    message: [34m'[39m[34mposix_spawnp failed.[39m[34m'[39m[90m,[39m
  [90m}[39m

  [90m› new UnixTerminal (node_modules/node-pty/src/unixTerminal.ts:106:22)[39m
  [90m› spawn (node_modules/node-pty/src/index.ts:31:10)[39m
  [90m› term (test/hooks.tsx:28:13)[39m
  [90m› <anonymous> (test/hooks.tsx:215:13)[39m



  [1mhooks [90m[2m›[22m[1m[39m useInput - handle page up[22m

  [90mtest/hooks.tsx:28[39m

   [90m27:[39m                    
  [41m[1m 28:   const ps = spawn([22m[49m
   [90m29:[39m     'node',        

  Rejected promise returned by test. Reason:

  [35mError[39m [90m{[39m
    message: [34m'[39m[34mposix_spawnp failed.[39m[34m'[39m[90m,[39m
  [90m}[39m

  [90m› new UnixTerminal (node_modules/node-pty/src/unixTerminal.ts:106:22)[39m
  [90m› spawn (node_modules/node-pty/src/index.ts:31:10)[39m
  [90m› term (test/hooks.tsx:28:13)[39m
  [90m› <anonymous> (test/hooks.tsx:222:13)[39m



  [1mhooks [90m[2m›[22m[1m[39m useInput - handle tab[22m

  [90mtest/hooks.tsx:28[39m

   [90m27:[39m                    
  [41m[1m 28:   const ps = spawn([22m[49m
   [90m29:[39m     'node',        

  Rejected promise returned by test. Reason:

  [35mError[39m [90m{[39m
    message: [34m'[39m[34mposix_spawnp failed.[39m[34m'[39m[90m,[39m
  [90m}[39m

  [90m› new UnixTerminal (node_modules/node-pty/src/unixTerminal.ts:106:22)[39m
  [90m› spawn (node_modules/node-pty/src/index.ts:31:10)[39m
  [90m› term (test/hooks.tsx:28:13)[39m
  [90m› <anonymous> (test/hooks.tsx:229:13)[39m



  [1mhooks [90m[2m›[22m[1m[39m useInput - handle shift + tab[22m

  [90mtest/hooks.tsx:28[39m

   [90m27:[39m                    
  [41m[1m 28:   const ps = spawn([22m[49m
   [90m29:[39m     'node',        

  Rejected promise returned by test. Reason:

  [35mError[39m [90m{[39m
    message: [34m'[39m[34mposix_spawnp failed.[39m[34m'[39m[90m,[39m
  [90m}[39m

  [90m› new UnixTerminal (node_modules/node-pty/src/unixTerminal.ts:106:22)[39m
  [90m› spawn (node_modules/node-pty/src/index.ts:31:10)[39m
  [90m› term (test/hooks.tsx:28:13)[39m
  [90m› <anonymous> (test/hooks.tsx:236:13)[39m



  [1mhooks [90m[2m›[22m[1m[39m useInput - handle backspace[22m

  [90mtest/hooks.tsx:28[39m

   [90m27:[39m                    
  [41m[1m 28:   const ps = spawn([22m[49m
   [90m29:[39m     'node',        

  Rejected promise returned by test. Reason:

  [35mError[39m [90m{[39m
    message: [34m'[39m[34mposix_spawnp failed.[39m[34m'[39m[90m,[39m
  [90m}[39m

  [90m› new UnixTerminal (node_modules/node-pty/src/unixTerminal.ts:106:22)[39m
  [90m› spawn (node_modules/node-pty/src/index.ts:31:10)[39m
  [90m› term (test/hooks.tsx:28:13)[39m
  [90m› <anonymous> (test/hooks.tsx:243:13)[39m



  [1mhooks [90m[2m›[22m[1m[39m useInput - handle delete[22m

  [90mtest/hooks.tsx:28[39m

   [90m27:[39m                    
  [41m[1m 28:   const ps = spawn([22m[49m
   [90m29:[39m     'node',        

  Rejected promise returned by test. Reason:

  [35mError[39m [90m{[39m
    message: [34m'[39m[34mposix_spawnp failed.[39m[34m'[39m[90m,[39m
  [90m}[39m

  [90m› new UnixTerminal (node_modules/node-pty/src/unixTerminal.ts:106:22)[39m
  [90m› spawn (node_modules/node-pty/src/index.ts:31:10)[39m
  [90m› term (test/hooks.tsx:28:13)[39m
  [90m› <anonymous> (test/hooks.tsx:250:13)[39m



  [1mhooks [90m[2m›[22m[1m[39m useInput - handle remove (delete)[22m

  [90mtest/hooks.tsx:28[39m

   [90m27:[39m                    
  [41m[1m 28:   const ps = spawn([22m[49m
   [90m29:[39m     'node',        

  Rejected promise returned by test. Reason:

  [35mError[39m [90m{[39m
    message: [34m'[39m[34mposix_spawnp failed.[39m[34m'[39m[90m,[39m
  [90m}[39m

  [90m› new UnixTerminal (node_modules/node-pty/src/unixTerminal.ts:106:22)[39m
  [90m› spawn (node_modules/node-pty/src/index.ts:31:10)[39m
  [90m› term (test/hooks.tsx:28:13)[39m
  [90m› <anonymous> (test/hooks.tsx:257:13)[39m



  [1mhooks [90m[2m›[22m[1m[39m useInput - ignore input if not active[22m

  [90mtest/hooks.tsx:28[39m

   [90m27:[39m                    
  [41m[1m 28:   const ps = spawn([22m[49m
   [90m29:[39m     'node',        

  Rejected promise returned by test. Reason:

  [35mError[39m [90m{[39m
    message: [34m'[39m[34mposix_spawnp failed.[39m[34m'[39m[90m,[39m
  [90m}[39m

  [90m› new UnixTerminal (node_modules/node-pty/src/unixTerminal.ts:106:22)[39m
  [90m› spawn (node_modules/node-pty/src/index.ts:31:10)[39m
  [90m› term (test/hooks.tsx:28:13)[39m
  [90m› <anonymous> (test/hooks.tsx:264:13)[39m



  [1mhooks [90m[2m›[22m[1m[39m useInput - handle Ctrl+C when `exitOnCtrlC` is `false`[22m

  [90mtest/hooks.tsx:28[39m

   [90m27:[39m                    
  [41m[1m 28:   const ps = spawn([22m[49m
   [90m29:[39m     'node',        

  Rejected promise returned by test. Reason:

  [35mError[39m [90m{[39m
    message: [34m'[39m[34mposix_spawnp failed.[39m[34m'[39m[90m,[39m
  [90m}[39m

  [90m› new UnixTerminal (node_modules/node-pty/src/unixTerminal.ts:106:22)[39m
  [90m› spawn (node_modules/node-pty/src/index.ts:31:10)[39m
  [90m› term (test/hooks.tsx:28:13)[39m
  [90m› run (test/hooks.tsx:277:15)[39m
  [90m› <anonymous> (test/hooks.tsx:301:31)[39m



  [1mhooks [90m[2m›[22m[1m[39m useStdout - write to stdout[22m

  [90mtest/hooks.tsx:28[39m

   [90m27:[39m                    
  [41m[1m 28:   const ps = spawn([22m[49m
   [90m29:[39m     'node',        

  Rejected promise returned by test. Reason:

  [35mError[39m [90m{[39m
    message: [34m'[39m[34mposix_spawnp failed.[39m[34m'[39m[90m,[39m
  [90m}[39m

  [90m› new UnixTerminal (node_modules/node-pty/src/unixTerminal.ts:106:22)[39m
  [90m› spawn (node_modules/node-pty/src/index.ts:31:10)[39m
  [90m› term (test/hooks.tsx:28:13)[39m
  [90m› <anonymous> (test/hooks.tsx:307:13)[39m



  [1mrender [90m[2m›[22m[1m[39m do not erase screen[22m

  [90mtest/render.tsx:64[39m

   [90m63:[39m                    
  [41m[1m 64:   const ps = spawn([22m[49m
   [90m65:[39m     'node',        

  Rejected promise returned by test. Reason:

  [35mError[39m [90m{[39m
    message: [34m'[39m[34mposix_spawnp failed.[39m[34m'[39m[90m,[39m
  [90m}[39m

  [90m› new UnixTerminal (node_modules/node-pty/src/unixTerminal.ts:106:22)[39m
  [90m› spawn (node_modules/node-pty/src/index.ts:31:10)[39m
  [90m› term (test/render.tsx:64:13)[39m
  [90m› <anonymous> (test/render.tsx:104:13)[39m



  [1mrender [90m[2m›[22m[1m[39m do not erase screen where <Static> is taller than viewport[22m

  [90mtest/render.tsx:64[39m

   [90m63:[39m                    
  [41m[1m 64:   const ps = spawn([22m[49m
   [90m65:[39m     'node',        

  Rejected promise returned by test. Reason:

  [35mError[39m [90m{[39m
    message: [34m'[39m[34mposix_spawnp failed.[39m[34m'[39m[90m,[39m
  [90m}[39m

  [90m› new UnixTerminal (node_modules/node-pty/src/unixTerminal.ts:106:22)[39m
  [90m› spawn (node_modules/node-pty/src/index.ts:31:10)[39m
  [90m› term (test/render.tsx:64:13)[39m
  [90m› <anonymous> (test/render.tsx:116:14)[39m



  [1mrender [90m[2m›[22m[1m[39m erase screen[22m

  [90mtest/render.tsx:64[39m

   [90m63:[39m                    
  [41m[1m 64:   const ps = spawn([22m[49m
   [90m65:[39m     'node',        

  Rejected promise returned by test. Reason:

  [35mError[39m [90m{[39m
    message: [34m'[39m[34mposix_spawnp failed.[39m[34m'[39m[90m,[39m
  [90m}[39m

  [90m› new UnixTerminal (node_modules/node-pty/src/unixTerminal.ts:106:22)[39m
  [90m› spawn (node_modules/node-pty/src/index.ts:31:10)[39m
  [90m› term (test/render.tsx:64:13)[39m
  [90m› <anonymous> (test/render.tsx:128:13)[39m



  [1mrender [90m[2m›[22m[1m[39m erase screen where <Static> exists but interactive part is taller than viewport[22m

  [90mtest/render.tsx:64[39m

   [90m63:[39m                    
  [41m[1m 64:   const ps = spawn([22m[49m
   [90m65:[39m     'node',        

  Rejected promise returned by test. Reason:

  [35mError[39m [90m{[39m
    message: [34m'[39m[34mposix_spawnp failed.[39m[34m'[39m[90m,[39m
  [90m}[39m

  [90m› new UnixTerminal (node_modules/node-pty/src/unixTerminal.ts:106:22)[39m
  [90m› spawn (node_modules/node-pty/src/index.ts:31:10)[39m
  [90m› term (test/render.tsx:64:13)[39m
  [90m› <anonymous> (test/render.tsx:140:14)[39m



  [1mrender [90m[2m›[22m[1m[39m erase screen where state changes[22m

  [90mtest/render.tsx:64[39m

   [90m63:[39m                    
  [41m[1m 64:   const ps = spawn([22m[49m
   [90m65:[39m     'node',        

  Rejected promise returned by test. Reason:

  [35mError[39m [90m{[39m
    message: [34m'[39m[34mposix_spawnp failed.[39m[34m'[39m[90m,[39m
  [90m}[39m

  [90m› new UnixTerminal (node_modules/node-pty/src/unixTerminal.ts:106:22)[39m
  [90m› spawn (node_modules/node-pty/src/index.ts:31:10)[39m
  [90m› term (test/render.tsx:64:13)[39m
  [90m› <anonymous> (test/render.tsx:151:13)[39m



  [1mrender [90m[2m›[22m[1m[39m erase screen where state changes in small viewport[22m

  [90mtest/render.tsx:64[39m

   [90m63:[39m                    
  [41m[1m 64:   const ps = spawn([22m[49m
   [90m65:[39m     'node',        

  Rejected promise returned by test. Reason:

  [35mError[39m [90m{[39m
    message: [34m'[39m[34mposix_spawnp failed.[39m[34m'[39m[90m,[39m
  [90m}[39m

  [90m› new UnixTerminal (node_modules/node-pty/src/unixTerminal.ts:106:22)[39m
  [90m› spawn (node_modules/node-pty/src/index.ts:31:10)[39m
  [90m› term (test/render.tsx:64:13)[39m
  [90m› <anonymous> (test/render.tsx:180:13)[39m



  [1mrender [90m[2m›[22m[1m[39m fullscreen mode should not add extra newline at the bottom[22m

  [90mtest/render.tsx:64[39m

   [90m63:[39m                    
  [41m[1m 64:   const ps = spawn([22m[49m
   [90m65:[39m     'node',        

  Rejected promise returned by test. Reason:

  [35mError[39m [90m{[39m
    message: [34m'[39m[34mposix_spawnp failed.[39m[34m'[39m[90m,[39m
  [90m}[39m

  [90m› new UnixTerminal (node_modules/node-pty/src/unixTerminal.ts:106:22)[39m
  [90m› spawn (node_modules/node-pty/src/index.ts:31:10)[39m
  [90m› term (test/render.tsx:64:13)[39m
  [90m› <anonymous> (test/render.tsx:194:14)[39m



  [1mrender [90m[2m›[22m[1m[39m clear output[22m

  [90mtest/render.tsx:64[39m

   [90m63:[39m                    
  [41m[1m 64:   const ps = spawn([22m[49m
   [90m65:[39m     'node',        

  Rejected promise returned by test. Reason:

  [35mError[39m [90m{[39m
    message: [34m'[39m[34mposix_spawnp failed.[39m[34m'[39m[90m,[39m
  [90m}[39m

  [90m› new UnixTerminal (node_modules/node-pty/src/unixTerminal.ts:106:22)[39m
  [90m› spawn (node_modules/node-pty/src/index.ts:31:10)[39m
  [90m› term (test/render.tsx:64:13)[39m
  [90m› <anonymous> (test/render.tsx:218:13)[39m



  [1mrender [90m[2m›[22m[1m[39m intercept console methods and display result above output[22m

  [90mtest/render.tsx:64[39m

   [90m63:[39m                    
  [41m[1m 64:   const ps = spawn([22m[49m
   [90m65:[39m     'node',        

  Rejected promise returned by test. Reason:

  [35mError[39m [90m{[39m
    message: [34m'[39m[34mposix_spawnp failed.[39m[34m'[39m[90m,[39m
  [90m}[39m

  [90m› new UnixTerminal (node_modules/node-pty/src/unixTerminal.ts:106:22)[39m
  [90m› spawn (node_modules/node-pty/src/index.ts:31:10)[39m
  [90m› term (test/render.tsx:64:13)[39m
  [90m› <anonymous> (test/render.tsx:231:14)[39m



  [1mscroll-integration [90m[2m›[22m[1m[39m scroll integration - verify repaint efficiency[22m

  [90mtest/scroll-integration.tsx:155[39m

   [90m154:[39m   );                                       
  [41m[1m 155:   t.true(                                  [22m[49m
   [90m156:[39m     repaintedIndices.length < termRows / 2,

  Should not repaint the whole screen for a 1-line scroll

  Value is not `true`:

  [33mfalse[39m

  [90m› <anonymous> (test/scroll-integration.tsx:155:8)[39m



  [1mselection-snapshot [90m[2m›[22m[1m[39m selection example renders correctly[22m

  [90mtest/selection-snapshot.tsx:54[39m

   [90m53:[39m     const expected = fs.readFileSync(snapshotPath, 'utf8');
  [41m[1m 54:     t.is(svg, expected);                                   [22m[49m
   [90m55:[39m   }                                                        

  Difference ([31m-[39m [31mactual[39m, [32m+[39m [32mexpected[39m):

  [31m-[39m [34m`[39m[34m<svg xmlns="http://www.w3.org/2000/svg" width="380" height="10[39m[41m[30m23[39m[49m[34m" viewBox="0 0 380 10[39m[41m[30m23[39m[49m[34m">[39m[90m␊[39m[34m[39m
  [32m+[39m [34m`[39m[34m<svg xmlns="http://www.w3.org/2000/svg" width="380" height="10[39m[42m[30m40[39m[49m[34m" viewBox="0 0 380 10[39m[42m[30m40[39m[49m[34m">[39m[90m␊[39m[34m[39m
    [34m  <style>[39m[90m␊[39m[34m[39m
    [34m    text { font-family: Consolas, "Courier New", monospace; font-size: 14px; dominant-baseline: text-before-edge; white-space: pre; }[39m[90m␊[39m[34m[39m
    [34m  </style>[39m[90m␊[39m[34m[39m
  [31m-[39m [34m  <rect width="380" height="10[39m[41m[30m23[39m[49m[34m" fill="#000000" />[39m[90m␊[39m[34m[39m
  [32m+[39m [34m  <rect width="380" height="10[39m[42m[30m40[39m[49m[34m" fill="#000000" />[39m[90m␊[39m[34m[39m
    [34m  <g transform="translate(10, 10)">[39m[90m␊[39m[34m[39m
    [34m    <text x="0" y="2" fill="#ffffff" textLength="9" lengthAdjust="spacingAndGlyphs">│</text>[39m[90m␊[39m[34m[39m
    [34m    <rect x="9" y="0" width="216" height="17" fill="#ffffff" />[39m[90m␊[39m[34m[39m
  [31m-[39m [34m    <text x="9" y="2" fill="#000000" textLength="216" lengthAdjust="spacingAndGlyphs">[39m[41m[30mt[39m[49m[34mh[39m[41m[30mat[39m[49m[34m is [39m[41m[30mintend[39m[49m[34me[39m[41m[30md[39m[49m[34m [39m[41m[30mt[39m[49m[34mo[39m[34m [39m[41m[30mwrap[39m[49m[34m</text>[39m[90m␊[39m[34m[39m
  [32m+[39m [34m    <text x="9" y="2" fill="#000000" textLength="216" lengthAdjust="spacingAndGlyphs">[39m[42m[30mT[39m[49m[34mh[39m[42m[30mis[39m[49m[34m is [39m[42m[30ma v[39m[49m[34me[39m[42m[30mry[39m[49m[34m [39m[42m[30ml[39m[49m[34mo[39m[42m[30mng[39m[49m[34m [39m[42m[30mtext[39m[49m[34m</text>[39m[90m␊[39m[34m[39m
    [34m    <text x="225" y="2" fill="#ffffff" textLength="135" lengthAdjust="spacingAndGlyphs">    │          </text>[39m[90m␊[39m[34m[39m
    [34m    <text x="0" y="19" fill="#ffffff" textLength="9" lengthAdjust="spacingAndGlyphs">│</text>[39m[90m␊[39m[34m[39m
  [31m-[39m [34m    <rect x="9" y="17" width="2[39m[41m[30m43[39m[49m[34m" height="17" fill="#ffffff" />[39m[90m␊[39m[34m[39m
  [31m-[39m [34m    <text x="9" y="19" fill="#000000" textLength="2[39m[41m[30m43[39m[49m[34m" lengthAdjust="spacingAndGlyphs">[39m[41m[30mbec[39m[49m[34ma[39m[41m[30mu[39m[49m[34ms[39m[41m[30me[39m[49m[34m [39m[34mt[39m[41m[30mh[39m[49m[34me[39m[34m [39m[41m[30mcon[39m[49m[34mt[39m[41m[30mainer[39m[49m[34m w[39m[41m[30midth[39m[49m[34m</text>[39m[90m␊[39m[34m[39m
  [31m-[39m [34m    <text x="2[39m[41m[30m5[39m[49m[34m2[39m[34m" y="19" fill="#ffffff" textLength="1[39m[41m[30m08[39m[49m[34m" lengthAdjust="spacingAndGlyphs">[39m[34m │          </text>[39m[90m␊[39m[34m[39m
  [32m+[39m [34m    <rect x="9" y="17" width="2[39m[42m[30m16[39m[49m[34m" height="17" fill="#ffffff" />[39m[90m␊[39m[34m[39m
  [32m+[39m [34m    <text x="9" y="19" fill="#000000" textLength="2[39m[42m[30m16[39m[49m[34m" lengthAdjust="spacingAndGlyphs">[39m[42m[30mth[39m[49m[34ma[39m[42m[30mt i[39m[49m[34ms[39m[34m [39m[42m[30min[39m[49m[34mt[39m[34me[39m[42m[30mnded[39m[49m[34m [39m[34mt[39m[42m[30mo[39m[49m[34m w[39m[42m[30mrap[39m[49m[34m</text>[39m[90m␊[39m[34m[39m
  [32m+[39m [34m    <text x="2[39m[34m2[39m[42m[30m5[39m[49m[34m" y="19" fill="#ffffff" textLength="1[39m[42m[30m35[39m[49m[34m" lengthAdjust="spacingAndGlyphs">[39m[42m[30m   [39m[49m[34m │          </text>[39m[90m␊[39m[34m[39m
    [34m    <text x="0" y="36" fill="#ffffff" textLength="9" lengthAdjust="spacingAndGlyphs">│</text>[39m[90m␊[39m[34m[39m
  [31m-[39m [34m    <rect x="9" y="34" width="[39m[41m[30m15[39m[49m[34m3" height="17" fill="#ffffff" />[39m[90m␊[39m[34m[39m
  [31m-[39m [34m    <text x="9" y="36" fill="#000000" textLength="[39m[41m[30m15[39m[49m[34m3" lengthAdjust="spacingAndGlyphs">[39m[41m[30mi[39m[49m[34ms[39m[41m[30m fix[39m[49m[34me[39m[41m[30md[39m[49m[34m t[39m[41m[30mo 20[39m[49m[34m c[39m[34mh</text>[39m[90m␊[39m[34m[39m
  [31m-[39m [34m    <text x="[39m[41m[30m16[39m[49m[34m2" y="36" fill="#ffffff" textLength="1[39m[41m[30m9[39m[49m[34m8" lengthAdjust="spacingAndGlyphs">[39m[41m[30m          [39m[49m[34m │          </text>[39m[90m␊[39m[34m[39m
  [31m-[39m [34m    <text x="0" y="53" fill="#ffffff" textLength="[39m[41m[30m360[39m[49m[34m" lengthAdjust="spacingAndGlyphs">│[39m[41m[30m                            │          [39m[49m[34m</text>[39m[90m␊[39m[34m[39m
  [31m-[39m [34m    <[39m[41m[30mt[39m[49m[34me[39m[41m[30mx[39m[49m[34mt x="[39m[41m[30m0[39m[49m[34m" y="[39m[41m[30m70[39m[49m[34m" [39m[41m[30mf[39m[49m[34mi[39m[41m[30mll="#ffffff" textLeng[39m[49m[34mth="[39m[34m3[39m[41m[30m60[39m[49m[34m" [39m[41m[30ml[39m[49m[34me[39m[41m[30mn[39m[49m[34mg[39m[41m[30mt[39m[49m[34mh[39m[41m[30mAdjus[39m[49m[34mt="[39m[41m[30mspac[39m[49m[34mi[39m[41m[30mngAndG[39m[49m[34ml[39m[41m[30myphs[39m[49m[34m"[39m[41m[30m>│┌──────────────────────────┐│       [39m[49m[34m [39m[41m[30m  <[39m[49m[34m/[39m[41m[30mtext[39m[49m[34m>[39m[90m␊[39m[34m[39m
  [31m-[39m [34m    <text x="[39m[41m[30m0[39m[49m[34m" y="[39m[41m[30m87[39m[49m[34m" fill="#[39m[41m[30mffffff[39m[49m[34m" textLength="[39m[41m[30m4[39m[49m[34m5[39m[34m" lengthAdjust="spacingAndGlyphs">[39m[41m[30m││1[39m[49m[34m [39m[34m [39m[34m</text>[39m[90m␊[39m[34m[39m
  [31m-[39m [34m    <[39m[41m[30mr[39m[49m[34me[39m[41m[30mc[39m[49m[34mt x="[39m[41m[30m45[39m[49m[34m" y="[39m[41m[30m8[39m[49m[34m5[39m[34m" [39m[41m[30mw[39m[49m[34mi[39m[41m[30mdth[39m[49m[34m="[39m[41m[30m45[39m[49m[34m" [39m[41m[30mh[39m[49m[34me[39m[41m[30mi[39m[49m[34mg[39m[41m[30mh[39m[49m[34mt[39m[34m="1[39m[41m[30m7[39m[49m[34m" [39m[41m[30mfi[39m[49m[34ml[39m[41m[30ml[39m[49m[34m="[39m[41m[30m#[39m[49m[34mc[39m[34md[39m[41m[30m00cd[39m[49m[34m"[39m[34m [39m[34m/[39m[34m>[39m[90m␊[39m[34m[39m
  [31m-[39m [34m    <text x="[39m[41m[30m45[39m[49m[34m" y="[39m[41m[30m8[39m[49m[34m7[39m[34m" fill="#[39m[41m[30m000000[39m[49m[34m" textLength="[39m[41m[30m45[39m[49m[34m" lengthAdjust="spacingAndGlyphs">[39m[41m[30mconst[39m[49m[34m</text>[39m[90m␊[39m[34m[39m
  [31m-[39m [34m    <[39m[41m[30mr[39m[49m[34me[39m[41m[30mc[39m[49m[34mt x="[39m[41m[30m9[39m[49m[34m0" y="8[39m[41m[30m5[39m[49m[34m" [39m[41m[30mw[39m[49m[34mi[39m[41m[30md[39m[49m[34mth="[39m[41m[30m9[39m[49m[34m" [39m[41m[30mh[39m[49m[34me[39m[41m[30mi[39m[49m[34mg[39m[34mh[39m[34mt="[39m[41m[30m17" f[39m[49m[34mi[39m[34ml[39m[41m[30ml=[39m[49m[34m"[39m[41m[30m#ffffff"[39m[49m[34m [39m[34m/[39m[34m>[39m[90m␊[39m[34m[39m
  [31m-[39m [34m    <[39m[41m[30mr[39m[49m[34me[39m[41m[30mc[39m[49m[34mt x="[39m[41m[30m99[39m[49m[34m" y="[39m[41m[30m85[39m[49m[34m" [39m[41m[30mw[39m[49m[34mi[39m[41m[30mdth[39m[49m[34m="[39m[41m[30m72[39m[49m[34m" [39m[41m[30mh[39m[49m[34me[39m[41m[30mi[39m[49m[34mg[39m[41m[30mh[39m[49m[34mt[39m[34m="[39m[41m[30m17[39m[49m[34m" [39m[41m[30mfi[39m[49m[34ml[39m[41m[30ml[39m[49m[34m="[39m[41m[30m#00cd[39m[49m[34mc[39m[34md[39m[34m"[39m[34m [39m[34m/[39m[34m>[39m[90m␊[39m[34m[39m
  [31m-[39m [34m    <[39m[41m[30mt[39m[49m[34me[39m[41m[30mx[39m[49m[34mt x="[39m[41m[30m99[39m[49m[34m" y="[39m[41m[30m87[39m[49m[34m" [39m[41m[30mf[39m[49m[34mi[39m[41m[30mll[39m[49m[34m="[39m[41m[30m#000000[39m[49m[34m" [39m[41m[30mtextL[39m[49m[34me[39m[41m[30mn[39m[49m[34mg[39m[41m[30mt[39m[49m[34mh[39m[34m="[39m[34m7[39m[41m[30m2[39m[49m[34m" [39m[34ml[39m[41m[30mengthAdjust[39m[49m[34m="[39m[41m[30mspa[39m[49m[34mc[39m[41m[30mingAn[39m[49m[34md[39m[41m[30mGlyphs[39m[49m[34m"[39m[41m[30m>greeting<[39m[49m[34m/[39m[41m[30mtext[39m[49m[34m>[39m[90m␊[39m[34m[39m
  [31m-[39m [34m    <[39m[41m[30mr[39m[49m[34me[39m[41m[30mc[39m[49m[34mt x="[39m[41m[30m171[39m[49m[34m" y="[39m[41m[30m85[39m[49m[34m" [39m[41m[30mw[39m[49m[34mi[39m[41m[30md[39m[49m[34mth="[39m[41m[30m18[39m[49m[34m" [39m[41m[30mh[39m[49m[34me[39m[41m[30mi[39m[49m[34mg[39m[34mh[39m[34mt="[39m[41m[30m17" f[39m[49m[34mi[39m[41m[30ml[39m[49m[34ml[39m[41m[30m="#ffffff[39m[49m[34m"[39m[41m[30m [39m[49m[34m/[39m[34m>[39m[90m␊[39m[34m[39m
  [31m-[39m [34m    <[39m[41m[30mt[39m[49m[34me[39m[41m[30mx[39m[49m[34mt x="[39m[41m[30m171[39m[49m[34m" y="[39m[41m[30m87[39m[49m[34m" [39m[41m[30mf[39m[49m[34mi[39m[41m[30mll[39m[49m[34m="[39m[41m[30m#000000[39m[49m[34m" [39m[41m[30mt[39m[49m[34me[39m[41m[30mxtLen[39m[49m[34mg[39m[41m[30mt[39m[49m[34mh[39m[34m="1[39m[41m[30m8[39m[49m[34m" [39m[34ml[39m[41m[30mengthAdjust[39m[49m[34m="[39m[41m[30mspacingAndGlyphs[39m[49m[34m"[39m[41m[30m>[39m[49m[34m [39m[41m[30m=<[39m[49m[34m/[39m[41m[30mtext[39m[49m[34m>[39m[90m␊[39m[34m[39m
  [31m-[39m [34m    <[39m[41m[30mt[39m[49m[34me[39m[41m[30mx[39m[49m[34mt x="[39m[41m[30m18[39m[49m[34m9" y="[39m[41m[30m87[39m[49m[34m" [39m[41m[30mf[39m[49m[34mi[39m[41m[30mll[39m[49m[34m="[39m[41m[30m#ffffff[39m[49m[34m" [39m[41m[30mtextL[39m[49m[34me[39m[41m[30mn[39m[49m[34mg[39m[41m[30mt[39m[49m[34mh[39m[34m="17[39m[41m[30m1[39m[49m[34m" [39m[34ml[39m[41m[30mengthAdjust[39m[49m[34m="[39m[41m[30mspa[39m[49m[34mc[39m[41m[30mingAn[39m[49m[34md[39m[41m[30mGlyphs[39m[49m[34m"[39m[41m[30m>       ││  [39m[49m[34m [39m[41m[30m       <[39m[49m[34m/[39m[41m[30mtext[39m[49m[34m>[39m[90m␊[39m[34m[39m
  [31m-[39m [34m    <text x="[39m[41m[30m0[39m[49m[34m" y="104" fill="#[39m[41m[30mffffff[39m[49m[34m" textLength="[39m[41m[30m45[39m[49m[34m" lengthAdjust="spacingAndGlyphs">[39m[41m[30m││   [39m[49m[34m</text>[39m[90m␊[39m[34m[39m
  [31m-[39m [34m    <rect x="[39m[41m[30m45[39m[49m[34m" y="102" width="[39m[41m[30m63[39m[49m[34m" height="17" fill="#[39m[41m[30m00cd00[39m[49m[34m" />[39m[90m␊[39m[34m[39m
  [31m-[39m [34m    <text x="[39m[41m[30m45[39m[49m[34m" y="104" fill="#000000" textLength="[39m[41m[30m63[39m[49m[34m" lengthAdjust="spacingAndGlyphs">[39m[41m[30m&quot;Hello&quot;[39m[49m[34m</text>[39m[90m␊[39m[34m[39m
  [31m-[39m [34m    <[39m[41m[30mr[39m[49m[34me[39m[41m[30mc[39m[49m[34mt x="1[39m[41m[30m0[39m[49m[34m8[39m[34m" y="10[39m[41m[30m2[39m[49m[34m" [39m[41m[30mw[39m[49m[34mi[39m[41m[30mdth[39m[49m[34m="[39m[41m[30m9[39m[49m[34m" [39m[41m[30mh[39m[49m[34me[39m[41m[30mi[39m[49m[34mg[39m[34mh[39m[41m[30mt[39m[49m[34m="17[39m[34m" [39m[41m[30mfi[39m[49m[34ml[39m[41m[30ml[39m[49m[34m="[39m[41m[30m#ffffff[39m[49m[34m"[39m[34m [39m[34m/[39m[34m>[39m[90m␊[39m[34m[39m
  [31m-[39m [34m    <text x="[39m[41m[30m1[39m[49m[34m0[39m[41m[30m8[39m[49m[34m" y="1[39m[41m[30m04[39m[49m[34m" fill="#[39m[41m[30m000000[39m[49m[34m" textLength="[39m[41m[30m9[39m[49m[34m" lengthAdjust="spacingAndGlyphs">[39m[41m[30m;[39m[49m[34m</text>[39m[90m␊[39m[34m[39m
  [31m-[39m [34m    <[39m[41m[30mt[39m[49m[34me[39m[41m[30mx[39m[49m[34mt x="[39m[41m[30m117[39m[49m[34m" y="1[39m[41m[30m04[39m[49m[34m" [39m[41m[30mf[39m[49m[34mi[39m[41m[30mll[39m[49m[34m="[39m[41m[30m#ffffff[39m[49m[34m" [39m[41m[30mtextL[39m[49m[34me[39m[41m[30mn[39m[49m[34mg[39m[41m[30mt[39m[49m[34mh[39m[34m="[39m[41m[30m243[39m[49m[34m" [39m[34ml[39m[41m[30mengthAdjust[39m[49m[34m="[39m[41m[30mspa[39m[49m[34mc[39m[41m[30mingAn[39m[49m[34md[39m[41m[30mGlyphs[39m[49m[34m"[39m[41m[30m>    [39m[49m[34m [39m[41m[30m          ││          <[39m[49m[34m/[39m[41m[30mtext[39m[49m[34m>[39m[90m␊[39m[34m[39m
  [31m-[39m [34m    <text x="[39m[41m[30m0[39m[49m[34m" y="121" fill="#[39m[41m[30mffffff[39m[49m[34m" textLength="[39m[41m[30m45[39m[49m[34m" lengthAdjust="spacingAndGlyphs">[39m[41m[30m││2  [39m[49m[34m</text>[39m[90m␊[39m[34m[39m
  [31m-[39m [34m    <rect x="[39m[41m[30m45[39m[49m[34m" y="119" width="[39m[41m[30m45[39m[49m[34m" height="17" fill="#[39m[41m[30mcd00cd[39m[49m[34m" />[39m[90m␊[39m[34m[39m
  [31m-[39m [34m    <text x="[39m[41m[30m45[39m[49m[34m" y="121" fill="#000000" textLength="[39m[41m[30m45[39m[49m[34m" lengthAdjust="spacingAndGlyphs">[39m[41m[30mconst[39m[49m[34m</text>[39m[90m␊[39m[34m[39m
  [31m-[39m [34m    <[39m[41m[30mr[39m[49m[34me[39m[41m[30mc[39m[49m[34mt x="[39m[41m[30m90[39m[49m[34m" y="1[39m[34m1[39m[41m[30m9[39m[49m[34m" [39m[41m[30mw[39m[49m[34mi[39m[41m[30mdth[39m[49m[34m="[39m[41m[30m9[39m[49m[34m" [39m[41m[30mh[39m[49m[34me[39m[41m[30mi[39m[49m[34mg[39m[41m[30mh[39m[49m[34mt[39m[34m="[39m[41m[30m17[39m[49m[34m" [39m[41m[30mfi[39m[49m[34ml[39m[41m[30ml[39m[49m[34m="[39m[41m[30m#ffffff[39m[49m[34m"[39m[34m [39m[34m/[39m[34m>[39m[90m␊[39m[34m[39m
  [31m-[39m [34m    <[39m[41m[30mr[39m[49m[34me[39m[41m[30mc[39m[49m[34mt x="[39m[41m[30m99[39m[49m[34m" y="1[39m[41m[30m19[39m[49m[34m" [39m[41m[30mw[39m[49m[34mi[39m[41m[30mdth[39m[49m[34m="[39m[41m[30m36[39m[49m[34m" [39m[41m[30mh[39m[49m[34me[39m[41m[30mi[39m[49m[34mg[39m[41m[30mh[39m[49m[34mt[39m[34m="[39m[41m[30m17[39m[49m[34m" [39m[41m[30mfi[39m[49m[34ml[39m[41m[30ml[39m[49m[34m="[39m[41m[30m#00cd[39m[49m[34mc[39m[34md[39m[34m"[39m[34m [39m[34m/[39m[34m>[39m[90m␊[39m[34m[39m
  [31m-[39m [34m    <[39m[41m[30mt[39m[49m[34me[39m[41m[30mx[39m[49m[34mt x="[39m[41m[30m99[39m[49m[34m" y="1[39m[41m[30m21[39m[49m[34m" [39m[41m[30mf[39m[49m[34mi[39m[41m[30mll[39m[49m[34m="[39m[41m[30m#000000[39m[49m[34m" [39m[41m[30mt[39m[49m[34me[39m[41m[30mxtLen[39m[49m[34mg[39m[41m[30mt[39m[49m[34mh[39m[34m="[39m[41m[30m36[39m[49m[34m" [39m[34ml[39m[41m[30mengthAdjust[39m[49m[34m="[39m[41m[30mspa[39m[49m[34mc[39m[41m[30mingAn[39m[49m[34md[39m[41m[30mGlyphs[39m[49m[34m"[39m[41m[30m>name<[39m[49m[34m/[39m[41m[30mtext[39m[49m[34m>[39m[90m␊[39m[34m[39m
  [31m-[39m [34m    <[39m[41m[30mr[39m[49m[34me[39m[41m[30mc[39m[49m[34mt x="[39m[41m[30m13[39m[49m[34m5" y="1[39m[41m[30m19[39m[49m[34m" [39m[41m[30mw[39m[49m[34mi[39m[41m[30mdth[39m[49m[34m="[39m[41m[30m27[39m[49m[34m" [39m[41m[30mh[39m[49m[34me[39m[41m[30mi[39m[49m[34mg[39m[34mh[39m[41m[30mt[39m[49m[34m="[39m[41m[30m17[39m[49m[34m" [39m[41m[30mfi[39m[49m[34ml[39m[41m[30ml[39m[49m[34m="[39m[41m[30m#ffffff[39m[49m[34m"[39m[41m[30m [39m[49m[34m/[39m[34m>[39m[90m␊[39m[34m[39m
  [31m-[39m [34m    <[39m[41m[30mt[39m[49m[34me[39m[41m[30mx[39m[49m[34mt x="[39m[41m[30m135[39m[49m[34m" y="1[39m[41m[30m21[39m[49m[34m" [39m[41m[30mf[39m[49m[34mi[39m[41m[30mll[39m[49m[34m="[39m[41m[30m#000000[39m[49m[34m" [39m[41m[30mt[39m[49m[34me[39m[41m[30mxtLen[39m[49m[34mg[39m[41m[30mt[39m[49m[34mh[39m[34m="[39m[41m[30m2[39m[49m[34m7" [39m[34ml[39m[41m[30mengthAdjust[39m[49m[34m="[39m[41m[30mspacingAndGlyphs[39m[49m[34m"[39m[41m[30m> =[39m[49m[34m [39m[41m[30m<[39m[49m[34m/[39m[41m[30mtext[39m[49m[34m>[39m[90m␊[39m[34m[39m
  [31m-[39m [34m    <rect x="[39m[41m[30m162[39m[49m[34m" y="1[39m[41m[30m19[39m[49m[34m" width="[39m[41m[30m6[39m[49m[34m3[39m[34m" height="17" fill="#00cd[39m[41m[30m00[39m[49m[34m" />[39m[90m␊[39m[34m[39m
  [31m-[39m [34m    <text x="[39m[41m[30m162[39m[49m[34m" y="1[39m[41m[30m21[39m[49m[34m" fill="#000000" textLength="[39m[41m[30m6[39m[49m[34m3[39m[34m" lengthAdjust="spacingAndGlyphs">[39m[41m[30m&quot;World&quot;[39m[49m[34m</text>[39m[90m␊[39m[34m[39m
  [31m-[39m [34m    <rect x="[39m[41m[30m22[39m[49m[34m5" y="1[39m[41m[30m19[39m[49m[34m" width="[39m[41m[30m9[39m[49m[34m" height="17" fill="#ffffff" />[39m[90m␊[39m[34m[39m
  [31m-[39m [34m    <text x="[39m[41m[30m22[39m[49m[34m5" y="1[39m[41m[30m21[39m[49m[34m" fill="#000000" textLength="[39m[41m[30m9[39m[49m[34m" lengthAdjust="spacingAndGlyphs">[39m[41m[30m;[39m[49m[34m</text>[39m[90m␊[39m[34m[39m
  [31m-[39m [34m    <[39m[41m[30mt[39m[49m[34me[39m[41m[30mx[39m[49m[34mt x="[39m[34m2[39m[41m[30m34[39m[49m[34m" y="1[39m[41m[30m21[39m[49m[34m" [39m[41m[30mf[39m[49m[34mi[39m[41m[30mll[39m[49m[34m="[39m[41m[30m#ffffff[39m[49m[34m" [39m[41m[30mtextL[39m[49m[34me[39m[41m[30mn[39m[49m[34mg[39m[41m[30mt[39m[49m[34mh[39m[34m="1[39m[41m[30m26[39m[49m[34m" [39m[34ml[39m[41m[30mengthAdjust[39m[49m[34m="[39m[41m[30mspa[39m[49m[34mc[39m[41m[30mingAn[39m[49m[34md[39m[41m[30mGlyphs[39m[49m[34m"[39m[41m[30m>  ││   [39m[49m[34m [39m[41m[30m      <[39m[49m[34m/[39m[41m[30mtext[39m[49m[34m>[39m[90m␊[39m[34m[39m
  [31m-[39m [34m    <text x="[39m[41m[30m0[39m[49m[34m" y="138" fill="#[39m[41m[30mffffff[39m[49m[34m" textLength="[39m[41m[30m45[39m[49m[34m" lengthAdjust="spacingAndGlyphs">[39m[41m[30m││3  [39m[49m[34m</text>[39m[90m␊[39m[34m[39m
  [31m-[39m [34m    <rect x="[39m[41m[30m4[39m[49m[34m5" y="136" width="[39m[41m[30m63[39m[49m[34m" height="17" fill="#[39m[41m[30mcdcd00[39m[49m[34m" />[39m[90m␊[39m[34m[39m
  [31m-[39m [34m    <text x="[39m[41m[30m4[39m[49m[34m5" y="138" fill="#000000" textLength="[39m[41m[30m63[39m[49m[34m" lengthAdjust="spacingAndGlyphs">[39m[41m[30mconsole[39m[49m[34m</text>[39m[90m␊[39m[34m[39m
  [31m-[39m [34m    <[39m[41m[30mr[39m[49m[34me[39m[41m[30mc[39m[49m[34mt x="[39m[41m[30m108[39m[49m[34m" y="13[39m[41m[30m6[39m[49m[34m" [39m[41m[30mw[39m[49m[34mi[39m[41m[30mdth[39m[49m[34m="[39m[41m[30m9[39m[49m[34m" [39m[41m[30mh[39m[49m[34me[39m[41m[30mi[39m[49m[34mg[39m[41m[30mh[39m[49m[34mt[39m[34m="1[39m[41m[30m7[39m[49m[34m" [39m[41m[30mfi[39m[49m[34ml[39m[41m[30ml[39m[49m[34m="[39m[41m[30m#ffffff[39m[49m[34m"[39m[34m [39m[34m/[39m[34m>[39m[90m␊[39m[34m[39m
  [31m-[39m [34m    <text x="[39m[41m[30m1[39m[49m[34m0[39m[41m[30m8[39m[49m[34m" y="1[39m[41m[30m38[39m[49m[34m" fill="#[39m[41m[30m000000[39m[49m[34m" textLength="[39m[41m[30m9[39m[49m[34m" lengthAdjust="spacingAndGlyphs">[39m[41m[30m.[39m[49m[34m</text>[39m[90m␊[39m[34m[39m
  [31m-[39m [34m    <rect x="[39m[41m[30m117[39m[49m[34m" y="1[39m[34m3[39m[41m[30m6[39m[49m[34m" width="[39m[41m[30m27[39m[49m[34m" height="17" fill="#cdcd00" />[39m[90m␊[39m[34m[39m
  [31m-[39m [34m    <text x="[39m[41m[30m117[39m[49m[34m" y="1[39m[41m[30m38[39m[49m[34m" fill="#000000" textLength="[39m[41m[30m27[39m[49m[34m" lengthAdjust="spacingAndGlyphs">[39m[41m[30ml[39m[49m[34mo[39m[41m[30mg[39m[49m[34m</text>[39m[90m␊[39m[34m[39m
  [31m-[39m [34m    <rect x="1[39m[41m[30m44[39m[49m[34m" y="1[39m[34m3[39m[41m[30m6[39m[49m[34m" width="9" height="17" fill="#ffffff" />[39m[90m␊[39m[34m[39m
  [31m-[39m [34m    <text x="1[39m[41m[30m44[39m[49m[34m" y="1[39m[41m[30m38[39m[49m[34m" fill="#000000" textLength="9" lengthAdjust="spacingAndGlyphs">[39m[41m[30m([39m[49m[34m</text>[39m[90m␊[39m[34m[39m
  [31m-[39m [34m    <[39m[41m[30mt[39m[49m[34me[39m[41m[30mx[39m[49m[34mt x="1[39m[41m[30m53[39m[49m[34m" y="1[39m[34m3[39m[41m[30m8[39m[49m[34m" [39m[41m[30mf[39m[49m[34mi[39m[41m[30mll[39m[49m[34m="[39m[41m[30m#ffffff[39m[49m[34m" [39m[41m[30mt[39m[49m[34me[39m[41m[30mxtLen[39m[49m[34mg[39m[41m[30mt[39m[49m[34mh[39m[34m="[39m[41m[30m20[39m[49m[34m7" [39m[34ml[39m[41m[30mengthAdjust[39m[49m[34m="[39m[41m[30mspa[39m[49m[34mc[39m[41m[30mingAn[39m[49m[34md[39m[41m[30mGlyphs[39m[49m[34m"[39m[41m[30m>  [39m[49m[34m [39m[41m[30m        ││          <[39m[49m[34m/[39m[41m[30mtext[39m[49m[34m>[39m[90m␊[39m[34m[39m
  [31m-[39m [34m    <text x="[39m[41m[30m0[39m[49m[34m" y="155" fill="#[39m[41m[30mffffff[39m[49m[34m" textLength="[39m[41m[30m45[39m[49m[34m" lengthAdjust="spacingAndGlyphs">[39m[41m[30m││4  [39m[49m[34m</text>[39m[90m␊[39m[34m[39m
  [31m-[39m [34m    <rect x="[39m[34m4[39m[41m[30m5[39m[49m[34m" y="153" width="[39m[41m[30m18[39m[49m[34m" height="17" fill="#ffffff" />[39m[90m␊[39m[34m[39m
  [31m-[39m [34m    <[39m[41m[30mr[39m[49m[34me[39m[41m[30mc[39m[49m[34mt x="[39m[41m[30m63[39m[49m[34m" y="15[39m[41m[30m3[39m[49m[34m" [39m[41m[30mw[39m[49m[34mi[39m[41m[30mdth[39m[49m[34m="[39m[41m[30m72[39m[49m[34m" [39m[41m[30mh[39m[49m[34me[39m[41m[30mi[39m[49m[34mg[39m[41m[30mh[39m[49m[34mt[39m[34m="[39m[41m[30m17[39m[49m[34m" [39m[41m[30mfi[39m[49m[34ml[39m[41m[30ml[39m[49m[34m="[39m[41m[30m#00cd[39m[49m[34mc[39m[34md[39m[34m"[39m[41m[30m [39m[49m[34m/[39m[34m>[39m[90m␊[39m[34m[39m
  [31m-[39m [34m    <text x="[39m[41m[30m6[39m[49m[34m3" y="155" fill="#[39m[41m[30m000000[39m[49m[34m" textLength="[39m[34m7[39m[41m[30m2[39m[49m[34m" lengthAdjust="spacingAndGlyphs">[39m[41m[30mgreeting[39m[49m[34m</text>[39m[90m␊[39m[34m[39m
  [31m-[39m [34m    <[39m[41m[30mr[39m[49m[34me[39m[41m[30mc[39m[49m[34mt x="[39m[41m[30m135[39m[49m[34m" y="1[39m[41m[30m53[39m[49m[34m" [39m[41m[30mw[39m[49m[34mi[39m[41m[30md[39m[49m[34mth="[39m[41m[30m27[39m[49m[34m" [39m[41m[30mh[39m[49m[34me[39m[41m[30mi[39m[49m[34mg[39m[34mh[39m[34mt="[39m[41m[30m17" f[39m[49m[34mi[39m[34ml[39m[41m[30ml="#ffffff[39m[49m[34m"[39m[34m [39m[34m/[39m[34m>[39m[90m␊[39m[34m[39m
  [31m-[39m [34m    <[39m[41m[30mt[39m[49m[34me[39m[41m[30mx[39m[49m[34mt x="[39m[41m[30m13[39m[49m[34m5" y="1[39m[41m[30m55[39m[49m[34m" [39m[41m[30mf[39m[49m[34mi[39m[41m[30mll[39m[49m[34m="[39m[41m[30m#000000[39m[49m[34m" [39m[41m[30mt[39m[49m[34me[39m[41m[30mxtLen[39m[49m[34mg[39m[41m[30mt[39m[49m[34mh[39m[34m="[39m[41m[30m2[39m[49m[34m7" [39m[34ml[39m[41m[30mengthAdjust[39m[49m[34m="[39m[41m[30mspacingAndGlyphs[39m[49m[34m"[39m[41m[30m> +[39m[49m[34m [39m[41m[30m<[39m[49m[34m/[39m[41m[30mtext[39m[49m[34m>[39m[90m␊[39m[34m[39m
  [31m-[39m [34m    <rect x="[39m[41m[30m1[39m[49m[34m6[39m[41m[30m2[39m[49m[34m" y="1[39m[41m[30m53[39m[49m[34m" width="[39m[41m[30m36[39m[49m[34m" height="17" fill="#00cd[39m[41m[30m00[39m[49m[34m" />[39m[90m␊[39m[34m[39m
  [31m-[39m [34m    <text x="[39m[41m[30m1[39m[49m[34m6[39m[41m[30m2[39m[49m[34m" y="1[39m[41m[30m55[39m[49m[34m" fill="#000000" textLength="[39m[41m[30m36[39m[49m[34m" lengthAdjust="spacingAndGlyphs">[39m[41m[30m&quo[39m[49m[34mt[39m[41m[30m;, &quot;[39m[49m[34m</text>[39m[90m␊[39m[34m[39m
  [31m-[39m [34m    <rect x="1[39m[41m[30m98[39m[49m[34m" y="1[39m[41m[30m53[39m[49m[34m" width="[39m[41m[30m18[39m[49m[34m" height="17" fill="#ffffff" />[39m[90m␊[39m[34m[39m
  [31m-[39m [34m    <text x="1[39m[41m[30m98[39m[49m[34m" y="1[39m[41m[30m55[39m[49m[34m" fill="#000000" textLength="[39m[41m[30m18[39m[49m[34m" lengthAdjust="spacingAndGlyphs"> +[39m[34m</text>[39m[90m␊[39m[34m[39m
  [31m-[39m [34m    <[39m[41m[30mt[39m[49m[34me[39m[41m[30mx[39m[49m[34mt x="[39m[41m[30m2[39m[49m[34m16[39m[34m" y="1[39m[41m[30m55[39m[49m[34m" [39m[41m[30mf[39m[49m[34mi[39m[41m[30mll[39m[49m[34m="[39m[41m[30m#ffffff[39m[49m[34m" [39m[41m[30mtextL[39m[49m[34me[39m[41m[30mn[39m[49m[34mg[39m[34mt[39m[41m[30mh[39m[49m[34m="1[39m[41m[30m44[39m[49m[34m" [39m[34ml[39m[41m[30mengthAdjust[39m[49m[34m="[39m[41m[30mspa[39m[49m[34mc[39m[41m[30mingAn[39m[49m[34md[39m[41m[30mGlyphs[39m[49m[34m"[39m[41m[30m>    ││   [39m[49m[34m [39m[41m[30m      <[39m[49m[34m/[39m[41m[30mtext[39m[49m[34m>[39m[90m␊[39m[34m[39m
  [31m-[39m [34m    <text x="[39m[41m[30m0[39m[49m[34m" y="172" fill="#[39m[41m[30mffffff[39m[49m[34m" textLength="[39m[41m[30m45[39m[49m[34m" lengthAdjust="spacingAndGlyphs">[39m[41m[30m││[39m[49m[34m [39m[41m[30m  [39m[49m[34m</text>[39m[90m␊[39m[34m[39m
  [31m-[39m [34m    <rect x="[39m[41m[30m45[39m[49m[34m" y="170" width="[39m[41m[30m36[39m[49m[34m" height="17" fill="#[39m[41m[30m00cdcd[39m[49m[34m" />[39m[90m␊[39m[34m[39m
  [31m-[39m [34m    <text x="[39m[41m[30m45[39m[49m[34m" y="172" fill="#000000" textLength="[39m[41m[30m36[39m[49m[34m" lengthAdjust="spacingAndGlyphs">[39m[41m[30mname[39m[49m[34m</text>[39m[90m␊[39m[34m[39m
  [31m-[39m [34m    <[39m[41m[30mr[39m[49m[34me[39m[41m[30mc[39m[49m[34mt x="[39m[41m[30m8[39m[49m[34m1[39m[34m" y="17[39m[41m[30m0[39m[49m[34m" [39m[41m[30mw[39m[49m[34mi[39m[41m[30mdth[39m[49m[34m="[39m[41m[30m27[39m[49m[34m" [39m[41m[30mh[39m[49m[34me[39m[41m[30mi[39m[49m[34mg[39m[41m[30mh[39m[49m[34mt[39m[34m="1[39m[41m[30m7[39m[49m[34m" [39m[41m[30mfi[39m[49m[34ml[39m[41m[30ml[39m[49m[34m="[39m[41m[30m#ffffff[39m[49m[34m"[39m[34m [39m[34m/[39m[34m>[39m[90m␊[39m[34m[39m
  [31m-[39m [34m    <text x="[39m[41m[30m81[39m[49m[34m" y="1[39m[41m[30m72[39m[49m[34m" fill="#[39m[41m[30m000000[39m[49m[34m" textLength="[39m[41m[30m27[39m[49m[34m" lengthAdjust="spacingAndGlyphs">[39m[34m [39m[41m[30m+[39m[49m[34m </text>[39m[90m␊[39m[34m[39m
  [31m-[39m [34m    <rect x="[39m[41m[30m108[39m[49m[34m" y="1[39m[34m7[39m[41m[30m0[39m[49m[34m" width="[39m[41m[30m81[39m[49m[34m" height="17" fill="#00cd[39m[41m[30m00[39m[49m[34m" />[39m[90m␊[39m[34m[39m
  [31m-[39m [34m    <text x="[39m[41m[30m108[39m[49m[34m" y="1[39m[41m[30m72[39m[49m[34m" fill="#000000" textLength="[39m[41m[30m81[39m[49m[34m" lengthAdjust="spacingAndGlyphs">[39m[41m[30m&quot; (wr[39m[49m[34ma[39m[41m[30mp)&quot;[39m[49m[34m</text>[39m[90m␊[39m[34m[39m
  [31m-[39m [34m    <[39m[41m[30mt[39m[49m[34me[39m[41m[30mx[39m[49m[34mt x="[39m[41m[30m1[39m[49m[34m8[39m[41m[30m9[39m[49m[34m" y="1[39m[34m7[39m[41m[30m2[39m[49m[34m" [39m[41m[30mf[39m[49m[34mi[39m[41m[30mll[39m[49m[34m="[39m[41m[30m#ffffff[39m[49m[34m" [39m[41m[30mtextL[39m[49m[34me[39m[41m[30mn[39m[49m[34mg[39m[41m[30mt[39m[49m[34mh[39m[34m="17[39m[41m[30m1[39m[49m[34m" [39m[34ml[39m[41m[30mengthAdjust[39m[49m[34m="[39m[41m[30mspacingAndGlyphs[39m[49m[34m"[39m[41m[30m>       ││  [39m[49m[34m [39m[41m[30m       <[39m[49m[34m/[39m[41m[30mtext[39m[49m[34m>[39m[90m␊[39m[34m[39m
  [31m-[39m [34m    <text x="[39m[41m[30m0[39m[49m[34m" y="189" fill="#[39m[41m[30mffffff[39m[49m[34m" textLength="[39m[41m[30m45[39m[49m[34m" lengthAdjust="spacingAndGlyphs">[39m[41m[30m││5[39m[49m[34m [39m[34m </text>[39m[90m␊[39m[34m[39m
  [31m-[39m [34m    <rect x="[39m[41m[30m45[39m[49m[34m" y="187" width="[39m[41m[30m1[39m[49m[34m8[39m[34m" height="17" fill="#[39m[41m[30mffffff[39m[49m[34m" />[39m[90m␊[39m[34m[39m
  [31m-[39m [34m    <text x="[39m[41m[30m45[39m[49m[34m" y="189" fill="#000000" textLength="[39m[41m[30m1[39m[49m[34m8[39m[34m" lengthAdjust="spacingAndGlyphs">[39m[34m)[39m[34m;</text>[39m[90m␊[39m[34m[39m
  [31m-[39m [34m    <text x="[39m[41m[30m63[39m[49m[34m" y="189" fill="#ffffff" textLength="[39m[41m[30m29[39m[49m[34m7[39m[34m" lengthAdjust="spacingAndGlyphs">[39m[41m[30m              [39m[49m[34m       ││          </text>[39m[90m␊[39m[34m[39m
  [31m-[39m [34m    <text x="0" y="206" fill="#ffffff" textLength="[39m[41m[30m360[39m[49m[34m" lengthAdjust="spacingAndGlyphs">│[39m[41m[30m└──────────────────────────┘[39m[49m[34m│[39m[41m[30m        [39m[49m[34m  </text>[39m[90m␊[39m[34m[39m
  [31m-[39m [34m    <[39m[41m[30mt[39m[49m[34me[39m[41m[30mx[39m[49m[34mt x="[39m[41m[30m0[39m[49m[34m" y="2[39m[41m[30m23[39m[49m[34m" [39m[41m[30mf[39m[49m[34mi[39m[41m[30mll="#ffffff" textLeng[39m[49m[34mth="[39m[41m[30m360[39m[49m[34m" [39m[41m[30ml[39m[49m[34me[39m[41m[30mn[39m[49m[34mg[39m[41m[30mt[39m[49m[34mh[39m[41m[30mAdjus[39m[49m[34mt="[39m[41m[30mspac[39m[49m[34mi[39m[41m[30mngAndG[39m[49m[34ml[39m[41m[30myphs[39m[49m[34m"[39m[41m[30m>└────────────────────────────┘       [39m[49m[34m [39m[41m[30m  <[39m[49m[34m/[39m[41m[30mtext[39m[49m[34m>[39m[90m␊[39m[34m[39m
  [31m-[39m [34m    <text x="[39m[41m[30m0[39m[49m[34m" y="2[39m[41m[30m57[39m[49m[34m" fill="#[39m[41m[30mffffff[39m[49m[34m" textLength="[39m[41m[30m360[39m[49m[34m" lengthAdjust="spacingAndGlyphs">[39m[41m[30mCursor: 0, 24                           [39m[49m[34m</text>[39m[90m␊[39m[34m[39m
  [31m-[39m [34m    <text x="[39m[41m[30m0[39m[49m[34m" y="2[39m[41m[30m74[39m[49m[34m" fill="#ffffff" textLength="[39m[41m[30m360[39m[49m[34m" lengthAdjust="spacingAndGlyphs">[39m[41m[30mFull[39m[49m[34m [39m[41m[30mText[39m[49m[34m [39m[41m[30mLength: 340[39m[49m[34m         [39m[34m          </text>[39m[90m␊[39m[34m[39m
  [31m-[39m [34m    <text x="0" y="2[39m[41m[30m91[39m[49m[34m" fill="#ffffff" textLength="360" lengthAdjust="spacingAndGlyphs">[39m[41m[30mFull[39m[49m[34m [39m[41m[30mText[39m[49m[34m [39m[41m[30mJSON:[39m[49m[34m [39m[41m[30m&quot;Hello[39m[49m[34m [39m[41m[30mWorld\\nThis[39m[49m[34m [39m[41m[30mis[39m[49m[34m [39m[41m[30ma[39m[49m[34m </text>[39m[90m␊[39m[34m[39m
  [31m-[39m [34m    <text x="0" y="[39m[41m[30m3[39m[49m[34m0[39m[41m[30m8[39m[49m[34m" fill="#ffffff" textLength="360" lengthAdjust="spacingAndGlyphs">[39m[41m[30mtest\\nRow[39m[49m[34m [39m[41m[30mARow[39m[49m[34m [39m[41m[30mB\\nThis[39m[49m[34m [39m[41m[30mis[39m[49m[34m [39m[41m[30ma[39m[49m[34m [39m[41m[30mvery[39m[49m[34m [39m[41m[30mlong[39m[49m[34m   </text>[39m[90m␊[39m[34m[39m
  [31m-[39m [34m    <text x="0" y="[39m[41m[30m3[39m[49m[34m2[39m[41m[30m5[39m[49m[34m" fill="#ffffff" textLength="360" lengthAdjust="spacingAndGlyphs">[39m[41m[30mtext[39m[49m[34m [39m[41m[30mthat[39m[49m[34m [39m[41m[30mis[39m[49m[34m [39m[41m[30mintended[39m[49m[34m [39m[41m[30mto[39m[49m[34m [39m[41m[30mwrap[39m[49m[34m [39m[41m[30mbecause[39m[49m[34m   </text>[39m[90m␊[39m[34m[39m
  [31m-[39m [34m    <text x="0" y="[39m[41m[30m34[39m[49m[34m2[39m[34m" fill="#ffffff" textLength="360" lengthAdjust="spacingAndGlyphs">[39m[34mt[39m[41m[30mhe[39m[49m[34m [39m[41m[30mco[39m[49m[34mn[39m[41m[30mtainer wid[39m[49m[34mth[39m[34m [39m[41m[30mis[39m[49m[34m [39m[41m[30mfixed[39m[49m[34m [39m[41m[30mto[39m[49m[34m [39m[41m[30m20[39m[49m[34m      </text>[39m[90m␊[39m[34m[39m
  [31m-[39m [34m    <text x="0" y="3[39m[41m[30m59[39m[49m[34m" fill="#ffffff" textLength="360" lengthAdjust="spacingAndGlyphs">[39m[41m[30mcharac[39m[49m[34mt[39m[34me[39m[34mr[39m[41m[30ms.[39m[49m[34m\\nThis is a[39m[41m[30m very long text  [39m[49m[34m </text>[39m[90m␊[39m[34m[39m
  [31m-[39m [34m    <text x="0" y="3[39m[41m[30m76[39m[49m[34m" fill="#ffffff" textLength="360" lengthAdjust="spacingAndGlyphs">t[39m[41m[30mhat i[39m[49m[34ms[39m[41m[30m in[39m[49m[34mt[39m[41m[30me[39m[49m[34mn[39m[41m[30mded[39m[49m[34m [39m[41m[30mt[39m[49m[34mo[39m[41m[30m [39m[49m[34mw[39m[41m[30mrap[39m[49m[34m [39m[41m[30mbecau[39m[49m[34ms[39m[41m[30me[39m[49m[34m [39m[41m[30mth[39m[49m[34me[39m[34m [39m[34m   </text>[39m[90m␊[39m[34m[39m
  [31m-[39m [34m    <text x="0" y="3[39m[41m[30m93[39m[49m[34m" fill="#ffffff" textLength="360" lengthAdjust="spacingAndGlyphs">[39m[41m[30mcon[39m[49m[34mt[39m[41m[30main[39m[49m[34me[39m[41m[30mr[39m[49m[34m [39m[41m[30mwid[39m[49m[34mth[39m[34m is [39m[41m[30mf[39m[49m[34mi[39m[41m[30mx[39m[49m[34med to [39m[41m[30m20      [39m[49m[34m [39m[34m   </text>[39m[90m␊[39m[34m[39m
  [31m-[39m [34m    <text x="0" y="[39m[41m[30m410[39m[49m[34m" fill="#ffffff" textLength="360" lengthAdjust="spacingAndGlyphs">[39m[41m[30mc[39m[49m[34mh[39m[41m[30m\\n\\n[39m[49m[34mcon[39m[41m[30ms[39m[49m[34mt[39m[41m[30m gre[39m[49m[34me[39m[34mt[39m[34mi[39m[41m[30mng[39m[49m[34m [39m[41m[30m=[39m[49m[34m [39m[41m[30m\\&quo[39m[49m[34mt[39m[41m[30m;Hell[39m[49m[34mo[39m[41m[30m\\&quot;;\\nconst[39m[49m[34m</text>[39m[90m␊[39m[34m[39m
  [31m-[39m [34m    <text x="0" y="[39m[41m[30m42[39m[49m[34m7[39m[34m" fill="#ffffff" textLength="360" lengthAdjust="spacingAndGlyphs">[39m[41m[30mn[39m[49m[34ma[39m[41m[30mm[39m[49m[34me[39m[41m[30m = \\&quot;Wo[39m[49m[34mr[39m[41m[30mld\[39m[49m[34m\[39m[41m[30m&quot;;[39m[49m[34m\[39m[41m[30m\nco[39m[49m[34mn[39m[34ms[39m[41m[30mol[39m[49m[34me[39m[41m[30m.[39m[49m[34mlo[39m[41m[30mg(\\[39m[49m[34mn[39m[41m[30m   [39m[49m[34m [39m[34m   </text>[39m[90m␊[39m[34m[39m
  [31m-[39m [34m    <text x="0" y="[39m[41m[30m444[39m[49m[34m" fill="#ffffff" textLength="360" lengthAdjust="spacingAndGlyphs">[39m[41m[30mgree[39m[49m[34mt[39m[34mi[39m[41m[30mng +[39m[49m[34m [39m[41m[30m\\&quo[39m[49m[34mt[39m[41m[30m;,[39m[49m[34m [39m[41m[30m\\&quo[39m[49m[34mt[39m[41m[30m;[39m[49m[34m [39m[41m[30m+[39m[49m[34m [39m[41m[30mn[39m[49m[34ma[39m[41m[30mm[39m[49m[34me [39m[41m[30m+ \\&quo[39m[49m[34mt[39m[41m[30m;       [39m[49m[34m    </text>[39m[90m␊[39m[34m[39m
  [31m-[39m [34m    <text x="0" y="4[39m[41m[30m6[39m[49m[34m1[39m[34m" fill="#ffffff" textLength="360" lengthAdjust="spacingAndGlyphs">[39m[41m[30m(wrap)\\&qu[39m[49m[34mo[39m[41m[30mt;\\[39m[49m[34mn[39m[41m[30m);&quo[39m[49m[34mt[39m[41m[30m;            [39m[49m[34m [39m[34m [39m[34m [39m[34m [39m[34m [39m[34m          </text>[39m[90m␊[39m[34m[39m
  [31m-[39m [34m    <text x="0" y="4[39m[34m7[39m[41m[30m8[39m[49m[34m" fill="#ffffff" textLength="360" lengthAdjust="spacingAndGlyphs">[39m[41m[30ma[39m[49m[34mnc[39m[41m[30mh[39m[49m[34mo[39m[34mr[39m[41m[30mPo[39m[49m[34min[39m[41m[30mt:[39m[49m[34m [39m[41m[30m0,[39m[49m[34m [39m[34mHello[39m[41m[30m                   [39m[49m[34m</text>[39m[90m␊[39m[34m[39m
  [31m-[39m [34m    <text x="0" y="4[39m[41m[30m95[39m[49m[34m" fill="#ffffff" textLength="360" lengthAdjust="spacingAndGlyphs">[39m[41m[30mf[39m[49m[34mo[39m[41m[30mc[39m[49m[34mu[39m[41m[30msP[39m[49m[34mo[39m[41m[30min[39m[49m[34mt[39m[41m[30m: 2, )[39m[49m[34m;[39m[41m[30m                [39m[49m[34m       </text>[39m[90m␊[39m[34m[39m
  [31m-[39m [34m    <text x="0" y="[39m[41m[30m5[39m[49m[34m1[39m[41m[30m2[39m[49m[34m" fill="#ffffff" textLength="360" lengthAdjust="spacingAndGlyphs">[39m[41m[30m┌──────────────────────────────────────┐[39m[49m[34m</text>[39m[90m␊[39m[34m[39m
  [31m-[39m [34m    <text x="0" y="[39m[41m[30m529[39m[49m[34m" fill="#ffffff" textLength="360" lengthAdjust="spacingAndGlyphs">[39m[41m[30m│Selec[39m[49m[34mt[39m[41m[30med[39m[49m[34m [39m[41m[30mText:[39m[49m[34m                        [39m[41m[30m│[39m[49m[34m</text>[39m[90m␊[39m[34m[39m
  [31m-[39m [34m    <text x="0" y="[39m[41m[30m5[39m[49m[34m4[39m[41m[30m6[39m[49m[34m" fill="#ffffff" textLength="360" lengthAdjust="spacingAndGlyphs">[39m[41m[30m│[39m[49m[34mHello[39m[41m[30m World [39m[49m[34m                   [39m[41m[30m       │[39m[49m[34m</text>[39m[90m␊[39m[34m[39m
  [31m-[39m [34m    <text x="0" y="5[39m[41m[30m63[39m[49m[34m" fill="#ffffff" textLength="360" lengthAdjust="spacingAndGlyphs">[39m[41m[30m│Thi[39m[49m[34ms[39m[41m[30m [39m[49m[34mi[39m[41m[30ms[39m[49m[34m [39m[41m[30ma[39m[49m[34m [39m[41m[30mtest[39m[49m[34m                       [39m[41m[30m │[39m[49m[34m</text>[39m[90m␊[39m[34m[39m
  [31m-[39m [34m    <text x="0" y="5[39m[41m[30m80[39m[49m[34m" fill="#ffffff" textLength="360" lengthAdjust="spacingAndGlyphs">[39m[41m[30m│Row ARow B                            │[39m[49m[34m</text>[39m[90m␊[39m[34m[39m
  [31m-[39m [34m    <text x="0" y="5[39m[41m[30m97[39m[49m[34m" fill="#ffffff" textLength="360" lengthAdjust="spacingAndGlyphs">│[39m[41m[30mThis is a v[39m[49m[34me[39m[41m[30mry [39m[49m[34ml[39m[41m[30mong [39m[49m[34mte[39m[34mxt[39m[34m [39m[41m[30mthat[39m[49m[34m [39m[41m[30mis[39m[49m[34m      │</text>[39m[90m␊[39m[34m[39m
  [31m-[39m [34m    <text x="0" y="[39m[34m6[39m[41m[30m14[39m[49m[34m" fill="#ffffff" textLength="360" lengthAdjust="spacingAndGlyphs">│[39m[41m[30mintend[39m[49m[34me[39m[41m[30md t[39m[49m[34mo [39m[41m[30mw[39m[49m[34mr[39m[41m[30map[39m[49m[34m [39m[41m[30mbecause[39m[49m[34m [39m[41m[30mthe[39m[49m[34m [39m[41m[30mcontainer[39m[49m[34m│</text>[39m[90m␊[39m[34m[39m
  [31m-[39m [34m    <text x="0" y="[39m[41m[30m631[39m[49m[34m" fill="#ffffff" textLength="360" lengthAdjust="spacingAndGlyphs">│[39m[41m[30mwidt[39m[49m[34mh[39m[41m[30m [39m[49m[34mis [39m[41m[30mf[39m[49m[34mi[39m[41m[30mxed to 20[39m[49m[34m [39m[41m[30mch[39m[49m[34ma[39m[41m[30mrac[39m[49m[34mte[39m[41m[30mr[39m[49m[34ms[39m[41m[30m.[39m[49m[34m      │</text>[39m[90m␊[39m[34m[39m
  [31m-[39m [34m    <text x="0" y="[39m[41m[30m648[39m[49m[34m" fill="#ffffff" textLength="360" lengthAdjust="spacingAndGlyphs">│[39m[41m[30mThis[39m[49m[34m [39m[41m[30mis[39m[49m[34m [39m[41m[30ma[39m[49m[34m [39m[41m[30mvery[39m[49m[34m [39m[41m[30mlong[39m[49m[34m [39m[41m[30mtext[39m[49m[34m [39m[41m[30mthat[39m[49m[34m [39m[41m[30mis[39m[49m[34m      │</text>[39m[90m␊[39m[34m[39m
  [31m-[39m [34m    <text x="0" y="6[39m[41m[30m65[39m[49m[34m" fill="#ffffff" textLength="360" lengthAdjust="spacingAndGlyphs">│[39m[34mi[39m[41m[30mntended[39m[49m[34m [39m[41m[30mto[39m[49m[34m [39m[41m[30mwr[39m[49m[34ma[39m[41m[30mp[39m[49m[34m [39m[41m[30mbecaus[39m[49m[34me[39m[34m t[39m[41m[30mh[39m[49m[34me[39m[34m [39m[41m[30mcon[39m[49m[34mt[39m[34ma[39m[34mi[39m[41m[30mner[39m[49m[34m│</text>[39m[90m␊[39m[34m[39m
  [31m-[39m [34m    <text x="0" y="6[39m[41m[30m82[39m[49m[34m" fill="#ffffff" textLength="360" lengthAdjust="spacingAndGlyphs">│[39m[41m[30mw[39m[49m[34mi[39m[41m[30md[39m[49m[34mt[39m[41m[30mh is fix[39m[49m[34med to [39m[41m[30m20[39m[49m[34m [39m[34mc[39m[41m[30mh             [39m[49m[34m [39m[34m [39m[34m│</text>[39m[90m␊[39m[34m[39m
  [31m-[39m [34m    <text x="0" y="6[39m[41m[30m99[39m[49m[34m" fill="#ffffff" textLength="360" lengthAdjust="spacingAndGlyphs">│[39m[41m[30m                           [39m[49m[34m [39m[34m [39m[34m [39m[34m [39m[34m [39m[34m      │</text>[39m[90m␊[39m[34m[39m
  [31m-[39m [34m    <text x="0" y="[39m[41m[30m71[39m[49m[34m6[39m[34m" fill="#ffffff" textLength="360" lengthAdjust="spacingAndGlyphs">│[39m[41m[30mcon[39m[49m[34ms[39m[41m[30mt[39m[49m[34m [39m[41m[30mgreet[39m[49m[34mi[39m[41m[30mng[39m[49m[34m [39m[41m[30m=[39m[49m[34m [39m[41m[30m&quot;H[39m[49m[34me[39m[41m[30ml[39m[49m[34mlo[39m[41m[30m&quot;;   [39m[49m[34m [39m[34m [39m[41m[30m [39m[49m[34m [39m[34m      │</text>[39m[90m␊[39m[34m[39m
  [31m-[39m [34m    <text x="0" y="[39m[41m[30m733[39m[49m[34m" fill="#ffffff" textLength="360" lengthAdjust="spacingAndGlyphs">│[39m[41m[30mco[39m[49m[34mn[39m[41m[30ms[39m[49m[34mt[39m[41m[30m [39m[49m[34mn[39m[41m[30mam[39m[49m[34me[39m[41m[30m =[39m[49m[34m [39m[41m[30m&quo[39m[49m[34mt[39m[41m[30m;W[39m[49m[34mo[39m[41m[30mrld&quot;;    [39m[49m[34m [39m[41m[30m         [39m[49m[34m [39m[34m [39m[34m [39m[34m│</text>[39m[90m␊[39m[34m[39m
  [31m-[39m [34m    <text x="0" y="[39m[41m[30m750[39m[49m[34m" fill="#ffffff" textLength="360" lengthAdjust="spacingAndGlyphs">│[39m[41m[30mconsole.log(      [39m[49m[34m [39m[34m [39m[34m [39m[34m [39m[34m [39m[34m               │</text>[39m[90m␊[39m[34m[39m
  [31m-[39m [34m    <text x="0" y="7[39m[34m6[39m[41m[30m7[39m[49m[34m" fill="#ffffff" textLength="360" lengthAdjust="spacingAndGlyphs">│  [39m[41m[30mgreeting[39m[49m[34m [39m[41m[30m+[39m[49m[34m [39m[41m[30m&quot;,[39m[49m[34m [39m[41m[30m&quot;[39m[49m[34m [39m[41m[30m+[39m[49m[34m [39m[41m[30mname[39m[49m[34m [39m[41m[30m+[39m[49m[34m [39m[41m[30m&quot;[39m[49m[34m [39m[41m[30m(wrap)&quot;[39m[49m[34m  │</text>[39m[90m␊[39m[34m[39m
  [31m-[39m [34m    <text x="0" y="7[39m[41m[30m84[39m[49m[34m" fill="#ffffff" textLength="360" lengthAdjust="spacingAndGlyphs">│[39m[41m[30m);                    [39m[49m[34m [39m[34m [39m[34m [39m[34m             │</text>[39m[90m␊[39m[34m[39m
  [31m-[39m [34m    <text x="0" y="[39m[41m[30m8[39m[49m[34m0[39m[41m[30m1[39m[49m[34m" fill="#ffffff" textLength="360" lengthAdjust="spacingAndGlyphs">[39m[41m[30m└──────────────────────────────────────┘[39m[49m[34m</text>[39m[90m␊[39m[34m[39m
  [31m-[39m [34m    <text x="0" y="[39m[41m[30m835[39m[49m[34m" fill="#ffffff" textLength="360" lengthAdjust="spacingAndGlyphs">[39m[41m[30mPress &ap[39m[49m[34mo[39m[34ms[39m[41m[30m;t&ap[39m[49m[34mo[39m[41m[30ms; to togg[39m[49m[34mle[39m[41m[30m se[39m[49m[34ml[39m[41m[30mecti[39m[49m[34mo[39m[41m[30mn[39m[49m[34m           [39m[34m</text>[39m[90m␊[39m[34m[39m
  [31m-[39m [34m    <text x="0" y="[39m[34m8[39m[41m[30m52[39m[49m[34m" fill="#ffffff" textLength="360" lengthAdjust="spacingAndGlyphs">[39m[41m[30mvisibility.        [39m[49m[34m  [39m[34m [39m[41m[30m         [39m[49m[34m [39m[34m [39m[34m [39m[34m [39m[34m [39m[34m [39m[34m [39m[34m  [39m[34m</text>[39m[90m␊[39m[34m[39m
  [31m-[39m [34m    <text x="0" y="8[39m[41m[30m69[39m[49m[34m" fill="#ffffff" textLength="360" lengthAdjust="spacingAndGlyphs">[39m[41m[30mPress &apos;m&apos[39m[49m[34m; [39m[41m[30mto[39m[49m[34m [39m[41m[30mtoggle[39m[49m[34m [39m[41m[30mStaticRender[39m[49m[34m        [39m[34m</text>[39m[90m␊[39m[34m[39m
  [31m-[39m [34m    <text x="0" y="8[39m[34m8[39m[41m[30m6[39m[49m[34m" fill="#ffffff" textLength="360" lengthAdjust="spacingAndGlyphs">[39m[41m[30m(current: OFF).                         [39m[49m[34m</text>[39m[90m␊[39m[34m[39m
  [31m-[39m [34m    <text x="0" y="[39m[41m[30m903[39m[49m[34m" fill="#ffffff" textLength="360" lengthAdjust="spacingAndGlyphs">Press &apos;[39m[41m[30mspace[39m[49m[34m&apos; to toggle [39m[34ml[39m[34mi[39m[34mn[39m[41m[30me[39m[49m[34m [39m[41m[30mnumber[39m[49m[34m     </text>[39m[90m␊[39m[34m[39m
  [31m-[39m [34m    <text x="0" y="[39m[34m9[39m[41m[30m20[39m[49m[34m" fill="#ffffff" textLength="360" lengthAdjust="spacingAndGlyphs">[39m[34ms[39m[41m[30me[39m[49m[34ml[39m[41m[30mect[39m[49m[34mi[39m[41m[30mon[39m[49m[34m.[39m[41m[30m [39m[49m[34m                             </text>[39m[90m␊[39m[34m[39m
  [31m-[39m [34m    <text x="0" y="[39m[41m[30m937[39m[49m[34m" fill="#ffffff" textLength="360" lengthAdjust="spacingAndGlyphs">Press &apos;[39m[41m[30ms[39m[49m[34m&apos; to [39m[41m[30mse[39m[49m[34mle[39m[41m[30mct[39m[49m[34m [39m[41m[30mchar[39m[49m[34ma[39m[34mc[39m[41m[30mt[39m[49m[34me[39m[41m[30mr u[39m[49m[34mnder[39m[34m     </text>[39m[90m␊[39m[34m[39m
  [31m-[39m [34m    <text x="0" y="9[39m[41m[30m54[39m[49m[34m" fill="#ffffff" textLength="360" lengthAdjust="spacingAndGlyphs">[39m[34mcur[39m[41m[30mso[39m[49m[34mr[39m[41m[30m.       [39m[49m[34m [39m[34m                         </text>[39m[90m␊[39m[34m[39m
  [31m-[39m [34m    <text x="0" y="9[39m[41m[30m71[39m[49m[34m" fill="#ffffff" textLength="360" lengthAdjust="spacingAndGlyphs">[39m[41m[30mU[39m[49m[34ms[39m[41m[30me[39m[49m[34m [39m[41m[30mArr[39m[49m[34mo[39m[41m[30mw k[39m[49m[34me[39m[41m[30my[39m[49m[34ms[39m[34m to [39m[41m[30mm[39m[49m[34mo[39m[41m[30mv[39m[49m[34me [39m[41m[30mc[39m[49m[34mu[39m[41m[30mrso[39m[49m[34mr[39m[41m[30m.     [39m[49m[34m     </text>[39m[90m␊[39m[34m[39m
  [31m-[39m [34m    <text x="0" y="9[39m[41m[30m88[39m[49m[34m" fill="#ffffff" textLength="360" lengthAdjust="spacingAndGlyphs">[39m[41m[30mShift+Arrow to [39m[49m[34mselect[39m[34m.[39m[34m                  </text>[39m[90m␊[39m[34m[39m
  [32m+[39m [34m    <rect x="9" y="34" width="[39m[42m[30m24[39m[49m[34m3" height="17" fill="#ffffff" />[39m[90m␊[39m[34m[39m
  [32m+[39m [34m    <text x="9" y="36" fill="#000000" textLength="[39m[42m[30m24[39m[49m[34m3" lengthAdjust="spacingAndGlyphs">[39m[42m[30mbecau[39m[49m[34ms[39m[34me[39m[34m t[39m[42m[30mhe[39m[49m[34m c[39m[42m[30montainer widt[39m[49m[34mh</text>[39m[90m␊[39m[34m[39m
  [32m+[39m [34m    <text x="[39m[42m[30m25[39m[49m[34m2" y="36" fill="#ffffff" textLength="1[39m[42m[30m0[39m[49m[34m8" lengthAdjust="spacingAndGlyphs">[39m[34m │          </text>[39m[90m␊[39m[34m[39m
  [32m+[39m [34m    <text x="0" y="53" fill="#ffffff" textLength="[39m[42m[30m9[39m[49m[34m" lengthAdjust="spacingAndGlyphs">│[39m[34m</text>[39m[90m␊[39m[34m[39m
  [32m+[39m [34m    <[39m[42m[30mr[39m[49m[34me[39m[42m[30mc[39m[49m[34mt x="[39m[42m[30m9[39m[49m[34m" y="[39m[42m[30m51[39m[49m[34m" [39m[42m[30mw[39m[49m[34mi[39m[42m[30md[39m[49m[34mth="[39m[42m[30m15[39m[49m[34m3[39m[34m" [39m[42m[30mh[39m[49m[34me[39m[42m[30mi[39m[49m[34mg[39m[34mh[39m[34mt="[39m[42m[30m17" f[39m[49m[34mi[39m[34ml[39m[42m[30ml="#ffffff[39m[49m[34m"[39m[34m [39m[34m/[39m[34m>[39m[90m␊[39m[34m[39m
  [32m+[39m [34m    <text x="[39m[42m[30m9[39m[49m[34m" y="[39m[42m[30m53[39m[49m[34m" fill="#[39m[42m[30m000000[39m[49m[34m" textLength="[39m[42m[30m1[39m[49m[34m5[39m[42m[30m3[39m[49m[34m" lengthAdjust="spacingAndGlyphs">[39m[42m[30mis[39m[49m[34m [39m[42m[30mfixed[39m[49m[34m [39m[42m[30mto 20 ch[39m[49m[34m</text>[39m[90m␊[39m[34m[39m
  [32m+[39m [34m    <[39m[42m[30mt[39m[49m[34me[39m[42m[30mx[39m[49m[34mt x="[39m[42m[30m162[39m[49m[34m" y="[39m[34m5[39m[42m[30m3[39m[49m[34m" [39m[42m[30mf[39m[49m[34mi[39m[42m[30mll[39m[49m[34m="[39m[42m[30m#ffffff[39m[49m[34m" [39m[42m[30mtextL[39m[49m[34me[39m[42m[30mn[39m[49m[34mg[39m[34mt[39m[42m[30mh[39m[49m[34m="1[39m[42m[30m98[39m[49m[34m" [39m[34ml[39m[42m[30mengthAdjust[39m[49m[34m="[39m[42m[30mspa[39m[49m[34mc[39m[42m[30mingAn[39m[49m[34md[39m[42m[30mGlyphs[39m[49m[34m"[39m[42m[30m> [39m[49m[34m [39m[42m[30m         │          <[39m[49m[34m/[39m[42m[30mtext[39m[49m[34m>[39m[90m␊[39m[34m[39m
  [32m+[39m [34m    <text x="[39m[42m[30m0[39m[49m[34m" y="[39m[34m7[39m[42m[30m0[39m[49m[34m" fill="#[39m[42m[30mffffff[39m[49m[34m" textLength="[39m[42m[30m360[39m[49m[34m" lengthAdjust="spacingAndGlyphs">[39m[42m[30m│                            │          [39m[49m[34m</text>[39m[90m␊[39m[34m[39m
  [32m+[39m [34m    <[39m[42m[30mt[39m[49m[34me[39m[42m[30mx[39m[49m[34mt x="[39m[34m0" y="8[39m[42m[30m7[39m[49m[34m" [39m[42m[30mf[39m[49m[34mi[39m[42m[30mll="#ffffff" textLeng[39m[49m[34mth="[39m[42m[30m360[39m[49m[34m" [39m[42m[30ml[39m[49m[34me[39m[42m[30mn[39m[49m[34mg[39m[42m[30mt[39m[49m[34mh[39m[42m[30mAdjus[39m[49m[34mt="[39m[42m[30mspac[39m[49m[34mi[39m[42m[30mngAndG[39m[49m[34ml[39m[42m[30myphs[39m[49m[34m"[39m[42m[30m>│┌──────────────────────────┐│         [39m[49m[34m [39m[42m[30m<[39m[49m[34m/[39m[42m[30mtext[39m[49m[34m>[39m[90m␊[39m[34m[39m
  [32m+[39m [34m    <[39m[42m[30mt[39m[49m[34me[39m[42m[30mx[39m[49m[34mt x="[39m[42m[30m0[39m[49m[34m" y="[39m[42m[30m104[39m[49m[34m" [39m[42m[30mf[39m[49m[34mi[39m[42m[30mll[39m[49m[34m="[39m[42m[30m#ffffff[39m[49m[34m" [39m[42m[30mtextL[39m[49m[34me[39m[42m[30mn[39m[49m[34mg[39m[34mt[39m[42m[30mh[39m[49m[34m="[39m[42m[30m45[39m[49m[34m" [39m[34ml[39m[42m[30mengthAdjust[39m[49m[34m="[39m[42m[30mspa[39m[49m[34mc[39m[42m[30mingAn[39m[49m[34md[39m[42m[30mGlyphs[39m[49m[34m"[39m[42m[30m>││1 [39m[49m[34m [39m[42m[30m<[39m[49m[34m/[39m[42m[30mtext[39m[49m[34m>[39m[90m␊[39m[34m[39m
  [32m+[39m [34m    <[39m[42m[30mr[39m[49m[34me[39m[42m[30mc[39m[49m[34mt x="[39m[42m[30m45[39m[49m[34m" y="[39m[42m[30m102[39m[49m[34m" [39m[42m[30mw[39m[49m[34mi[39m[42m[30mdth[39m[49m[34m="[39m[42m[30m45[39m[49m[34m" [39m[42m[30mh[39m[49m[34me[39m[42m[30mi[39m[49m[34mg[39m[34mh[39m[42m[30mt[39m[49m[34m="[39m[42m[30m1[39m[49m[34m7[39m[34m" [39m[42m[30mfi[39m[49m[34ml[39m[42m[30ml[39m[49m[34m="[39m[42m[30m#[39m[49m[34mc[39m[34md[39m[42m[30m00cd[39m[49m[34m"[39m[42m[30m [39m[49m[34m/[39m[34m>[39m[90m␊[39m[34m[39m
  [32m+[39m [34m    <[39m[42m[30mt[39m[49m[34me[39m[42m[30mx[39m[49m[34mt x="[39m[42m[30m45[39m[49m[34m" y="[39m[42m[30m104[39m[49m[34m" [39m[42m[30mf[39m[49m[34mi[39m[42m[30mll="#000000" textLeng[39m[49m[34mth="[39m[42m[30m45[39m[49m[34m" [39m[42m[30ml[39m[49m[34me[39m[42m[30mn[39m[49m[34mg[39m[42m[30mt[39m[49m[34mh[39m[42m[30mAdjus[39m[49m[34mt="[39m[42m[30mspac[39m[49m[34mi[39m[42m[30mngAndG[39m[49m[34ml[39m[42m[30myphs[39m[49m[34m"[39m[42m[30m>const<[39m[49m[34m/[39m[42m[30mtext[39m[49m[34m>[39m[90m␊[39m[34m[39m
  [32m+[39m [34m    <[39m[42m[30mr[39m[49m[34me[39m[42m[30mc[39m[49m[34mt x="[39m[42m[30m90[39m[49m[34m" y="[39m[42m[30m102[39m[49m[34m" [39m[42m[30mw[39m[49m[34mi[39m[42m[30mdth[39m[49m[34m="[39m[42m[30m9[39m[49m[34m" [39m[42m[30mh[39m[49m[34me[39m[42m[30mi[39m[49m[34mg[39m[34mh[39m[42m[30mt[39m[49m[34m="1[39m[42m[30m7[39m[49m[34m" [39m[42m[30mfi[39m[49m[34ml[39m[42m[30ml[39m[49m[34m="[39m[42m[30m#ffffff[39m[49m[34m"[39m[34m [39m[34m/[39m[34m>[39m[90m␊[39m[34m[39m
  [32m+[39m [34m    <[39m[42m[30mr[39m[49m[34me[39m[42m[30mc[39m[49m[34mt x="[39m[42m[30m9[39m[49m[34m9" y="[39m[42m[30m102[39m[49m[34m" [39m[42m[30mw[39m[49m[34mi[39m[42m[30mdth[39m[49m[34m="[39m[42m[30m72[39m[49m[34m" [39m[42m[30mh[39m[49m[34me[39m[42m[30mi[39m[49m[34mg[39m[34mh[39m[42m[30mt[39m[49m[34m="17[39m[34m" [39m[42m[30mfi[39m[49m[34ml[39m[42m[30ml[39m[49m[34m="[39m[42m[30m#00[39m[49m[34mc[39m[34md[39m[42m[30mcd[39m[49m[34m"[39m[34m [39m[34m/[39m[34m>[39m[90m␊[39m[34m[39m
  [32m+[39m [34m    <text x="[39m[42m[30m99[39m[49m[34m" y="104" fill="#[39m[42m[30m000000[39m[49m[34m" textLength="[39m[42m[30m72[39m[49m[34m" lengthAdjust="spacingAndGlyphs">[39m[42m[30mgreeting[39m[49m[34m</text>[39m[90m␊[39m[34m[39m
  [32m+[39m [34m    <rect x="[39m[42m[30m171[39m[49m[34m" y="102" width="[39m[42m[30m18[39m[49m[34m" height="17" fill="#[39m[42m[30mffffff[39m[49m[34m" />[39m[90m␊[39m[34m[39m
  [32m+[39m [34m    <text x="[39m[42m[30m171[39m[49m[34m" y="104" fill="#000000" textLength="[39m[42m[30m18[39m[49m[34m" lengthAdjust="spacingAndGlyphs">[39m[42m[30m =[39m[49m[34m</text>[39m[90m␊[39m[34m[39m
  [32m+[39m [34m    <[39m[42m[30mt[39m[49m[34me[39m[42m[30mx[39m[49m[34mt x="1[39m[34m8[39m[42m[30m9[39m[49m[34m" y="10[39m[42m[30m4[39m[49m[34m" [39m[42m[30mf[39m[49m[34mi[39m[42m[30mll[39m[49m[34m="[39m[42m[30m#ffffff[39m[49m[34m" [39m[42m[30mt[39m[49m[34me[39m[42m[30mxtLen[39m[49m[34mg[39m[42m[30mt[39m[49m[34mh[39m[34m="17[39m[42m[30m1[39m[49m[34m" [39m[34ml[39m[42m[30mengthAdjust[39m[49m[34m="[39m[42m[30mspacingAndGlyphs[39m[49m[34m"[39m[42m[30m>[39m[49m[34m [39m[42m[30m      ││          <[39m[49m[34m/[39m[42m[30mtext[39m[49m[34m>[39m[90m␊[39m[34m[39m
  [32m+[39m [34m    <text x="[39m[34m0[39m[34m" y="1[39m[42m[30m21[39m[49m[34m" fill="#[39m[42m[30mffffff[39m[49m[34m" textLength="[39m[42m[30m45[39m[49m[34m" lengthAdjust="spacingAndGlyphs">[39m[42m[30m││   [39m[49m[34m</text>[39m[90m␊[39m[34m[39m
  [32m+[39m [34m    <[39m[42m[30mr[39m[49m[34me[39m[42m[30mc[39m[49m[34mt x="[39m[42m[30m45[39m[49m[34m" y="1[39m[42m[30m19[39m[49m[34m" [39m[42m[30mw[39m[49m[34mi[39m[42m[30mdth[39m[49m[34m="[39m[42m[30m63[39m[49m[34m" [39m[42m[30mh[39m[49m[34me[39m[42m[30mi[39m[49m[34mg[39m[34mh[39m[42m[30mt[39m[49m[34m="[39m[42m[30m17[39m[49m[34m" [39m[42m[30mfi[39m[49m[34ml[39m[42m[30ml[39m[49m[34m="[39m[42m[30m#00[39m[49m[34mc[39m[34md[39m[42m[30m00[39m[49m[34m"[39m[34m [39m[34m/[39m[34m>[39m[90m␊[39m[34m[39m
  [32m+[39m [34m    <text x="[39m[42m[30m45[39m[49m[34m" y="121" fill="#[39m[42m[30m000000[39m[49m[34m" textLength="[39m[42m[30m63[39m[49m[34m" lengthAdjust="spacingAndGlyphs">[39m[42m[30m&quot;Hello&quot;[39m[49m[34m</text>[39m[90m␊[39m[34m[39m
  [32m+[39m [34m    <rect x="[39m[42m[30m108[39m[49m[34m" y="119" width="[39m[42m[30m9[39m[49m[34m" height="17" fill="#[39m[42m[30mffffff[39m[49m[34m" />[39m[90m␊[39m[34m[39m
  [32m+[39m [34m    <text x="[39m[42m[30m108[39m[49m[34m" y="121" fill="#000000" textLength="[39m[42m[30m9[39m[49m[34m" lengthAdjust="spacingAndGlyphs">[39m[42m[30m;[39m[49m[34m</text>[39m[90m␊[39m[34m[39m
  [32m+[39m [34m    <[39m[42m[30mt[39m[49m[34me[39m[42m[30mx[39m[49m[34mt x="[39m[42m[30m117[39m[49m[34m" y="1[39m[42m[30m2[39m[49m[34m1[39m[34m" [39m[42m[30mf[39m[49m[34mi[39m[42m[30mll[39m[49m[34m="[39m[42m[30m#ffffff[39m[49m[34m" [39m[42m[30mtextL[39m[49m[34me[39m[42m[30mn[39m[49m[34mg[39m[34mt[39m[42m[30mh[39m[49m[34m="[39m[42m[30m243[39m[49m[34m" [39m[34ml[39m[42m[30mengthAdjust[39m[49m[34m="[39m[42m[30mspacingAndGlyphs[39m[49m[34m"[39m[42m[30m>    [39m[49m[34m [39m[42m[30m          ││          <[39m[49m[34m/[39m[42m[30mtext[39m[49m[34m>[39m[90m␊[39m[34m[39m
  [32m+[39m [34m    <[39m[42m[30mt[39m[49m[34me[39m[42m[30mx[39m[49m[34mt x="[39m[42m[30m0[39m[49m[34m" y="1[39m[42m[30m38[39m[49m[34m" [39m[42m[30mf[39m[49m[34mi[39m[42m[30mll[39m[49m[34m="[39m[42m[30m#ffffff[39m[49m[34m" [39m[42m[30mtextL[39m[49m[34me[39m[42m[30mn[39m[49m[34mg[39m[34mt[39m[42m[30mh[39m[49m[34m="[39m[42m[30m45[39m[49m[34m" [39m[34ml[39m[42m[30mengthAdjust[39m[49m[34m="[39m[42m[30mspa[39m[49m[34mc[39m[42m[30mingAn[39m[49m[34md[39m[42m[30mGlyphs[39m[49m[34m"[39m[42m[30m>││2 [39m[49m[34m [39m[42m[30m<[39m[49m[34m/[39m[42m[30mtext[39m[49m[34m>[39m[90m␊[39m[34m[39m
  [32m+[39m [34m    <[39m[42m[30mr[39m[49m[34me[39m[42m[30mc[39m[49m[34mt x="[39m[42m[30m45[39m[49m[34m" y="1[39m[42m[30m36[39m[49m[34m" [39m[42m[30mw[39m[49m[34mi[39m[42m[30mdth[39m[49m[34m="[39m[42m[30m45[39m[49m[34m" [39m[42m[30mh[39m[49m[34me[39m[42m[30mi[39m[49m[34mg[39m[34mh[39m[42m[30mt[39m[49m[34m="[39m[42m[30m17[39m[49m[34m" [39m[42m[30mfi[39m[49m[34ml[39m[42m[30ml[39m[49m[34m="[39m[42m[30m#cd00[39m[49m[34mc[39m[34md[39m[34m"[39m[42m[30m [39m[49m[34m/[39m[34m>[39m[90m␊[39m[34m[39m
  [32m+[39m [34m    <[39m[42m[30mt[39m[49m[34me[39m[42m[30mx[39m[49m[34mt x="[39m[42m[30m4[39m[49m[34m5" y="1[39m[42m[30m38[39m[49m[34m" [39m[42m[30mf[39m[49m[34mi[39m[42m[30mll[39m[49m[34m="[39m[42m[30m#000000[39m[49m[34m" [39m[42m[30mtextL[39m[49m[34me[39m[42m[30mn[39m[49m[34mg[39m[42m[30mt[39m[49m[34mh[39m[34m="[39m[42m[30m45[39m[49m[34m" [39m[34ml[39m[42m[30mengthAdjust[39m[49m[34m="[39m[42m[30mspacingAndGlyphs[39m[49m[34m"[39m[42m[30m>const<[39m[49m[34m/[39m[42m[30mtext[39m[49m[34m>[39m[90m␊[39m[34m[39m
  [32m+[39m [34m    <[39m[42m[30mr[39m[49m[34me[39m[42m[30mc[39m[49m[34mt x="[39m[42m[30m90[39m[49m[34m" y="1[39m[42m[30m36[39m[49m[34m" [39m[42m[30mw[39m[49m[34mi[39m[42m[30mdth[39m[49m[34m="[39m[42m[30m9[39m[49m[34m" [39m[42m[30mh[39m[49m[34me[39m[42m[30mi[39m[49m[34mg[39m[34mh[39m[42m[30mt[39m[49m[34m="[39m[42m[30m1[39m[49m[34m7" [39m[42m[30mfil[39m[49m[34ml[39m[34m="[39m[42m[30m#ffffff[39m[49m[34m"[39m[34m [39m[34m/[39m[34m>[39m[90m␊[39m[34m[39m
  [32m+[39m [34m    <rect x="[39m[42m[30m99[39m[49m[34m" y="1[39m[42m[30m36[39m[49m[34m" width="[39m[34m3[39m[42m[30m6[39m[49m[34m" height="17" fill="#00cd[39m[42m[30mcd[39m[49m[34m" />[39m[90m␊[39m[34m[39m
  [32m+[39m [34m    <text x="[39m[42m[30m99[39m[49m[34m" y="1[39m[42m[30m38[39m[49m[34m" fill="#000000" textLength="[39m[34m3[39m[42m[30m6[39m[49m[34m" lengthAdjust="spacingAndGlyphs">[39m[42m[30mname[39m[49m[34m</text>[39m[90m␊[39m[34m[39m
  [32m+[39m [34m    <rect x="[39m[42m[30m13[39m[49m[34m5" y="1[39m[42m[30m36[39m[49m[34m" width="[39m[42m[30m27[39m[49m[34m" height="17" fill="#ffffff" />[39m[90m␊[39m[34m[39m
  [32m+[39m [34m    <text x="[39m[42m[30m13[39m[49m[34m5" y="1[39m[42m[30m38[39m[49m[34m" fill="#000000" textLength="[39m[42m[30m27[39m[49m[34m" lengthAdjust="spacingAndGlyphs">[39m[42m[30m = [39m[49m[34m</text>[39m[90m␊[39m[34m[39m
  [32m+[39m [34m    <[39m[42m[30mr[39m[49m[34me[39m[42m[30mc[39m[49m[34mt x="[39m[42m[30m16[39m[49m[34m2[39m[34m" y="1[39m[42m[30m36[39m[49m[34m" [39m[42m[30mw[39m[49m[34mi[39m[42m[30mdth[39m[49m[34m="[39m[42m[30m63[39m[49m[34m" [39m[42m[30mh[39m[49m[34me[39m[42m[30mi[39m[49m[34mg[39m[34mh[39m[42m[30mt[39m[49m[34m="1[39m[42m[30m7[39m[49m[34m" [39m[42m[30mfil[39m[49m[34ml[39m[34m="[39m[42m[30m#00[39m[49m[34mc[39m[34md[39m[42m[30m00[39m[49m[34m"[39m[34m [39m[34m/[39m[34m>[39m[90m␊[39m[34m[39m
  [32m+[39m [34m    <text x="[39m[42m[30m162[39m[49m[34m" y="138" fill="#[39m[42m[30m000000[39m[49m[34m" textLength="[39m[42m[30m63[39m[49m[34m" lengthAdjust="spacingAndGlyphs">[39m[42m[30m&quot;World&quot;[39m[49m[34m</text>[39m[90m␊[39m[34m[39m
  [32m+[39m [34m    <rect x="[39m[42m[30m22[39m[49m[34m5" y="136" width="[39m[42m[30m9[39m[49m[34m" height="17" fill="#[39m[42m[30mffffff[39m[49m[34m" />[39m[90m␊[39m[34m[39m
  [32m+[39m [34m    <text x="[39m[42m[30m22[39m[49m[34m5" y="138" fill="#000000" textLength="[39m[42m[30m9[39m[49m[34m" lengthAdjust="spacingAndGlyphs">[39m[42m[30m;[39m[49m[34m</text>[39m[90m␊[39m[34m[39m
  [32m+[39m [34m    <[39m[42m[30mt[39m[49m[34me[39m[42m[30mx[39m[49m[34mt x="[39m[42m[30m234[39m[49m[34m" y="13[39m[42m[30m8[39m[49m[34m" [39m[42m[30mf[39m[49m[34mi[39m[42m[30mll[39m[49m[34m="[39m[42m[30m#ffffff[39m[49m[34m" [39m[42m[30mt[39m[49m[34me[39m[42m[30mxtLen[39m[49m[34mg[39m[34mt[39m[42m[30mh[39m[49m[34m="1[39m[42m[30m26[39m[49m[34m" [39m[34ml[39m[42m[30mengthAdjust[39m[49m[34m="[39m[42m[30mspacingAndGlyphs[39m[49m[34m"[39m[42m[30m>  ││  [39m[49m[34m [39m[42m[30m       <[39m[49m[34m/[39m[42m[30mtext[39m[49m[34m>[39m[90m␊[39m[34m[39m
  [32m+[39m [34m    <text x="[39m[34m0[39m[34m" y="1[39m[42m[30m55[39m[49m[34m" fill="#[39m[42m[30mffffff[39m[49m[34m" textLength="[39m[42m[30m45[39m[49m[34m" lengthAdjust="spacingAndGlyphs">[39m[42m[30m││3  [39m[49m[34m</text>[39m[90m␊[39m[34m[39m
  [32m+[39m [34m    <rect x="[39m[42m[30m45[39m[49m[34m" y="1[39m[42m[30m5[39m[49m[34m3[39m[34m" width="[39m[42m[30m63[39m[49m[34m" height="17" fill="#cdcd00" />[39m[90m␊[39m[34m[39m
  [32m+[39m [34m    <text x="[39m[42m[30m45[39m[49m[34m" y="1[39m[42m[30m55[39m[49m[34m" fill="#000000" textLength="[39m[42m[30m63[39m[49m[34m" lengthAdjust="spacingAndGlyphs">[39m[42m[30mc[39m[49m[34mo[39m[42m[30mnsole[39m[49m[34m</text>[39m[90m␊[39m[34m[39m
  [32m+[39m [34m    <rect x="1[39m[42m[30m08[39m[49m[34m" y="1[39m[42m[30m5[39m[49m[34m3[39m[34m" width="9" height="17" fill="#ffffff" />[39m[90m␊[39m[34m[39m
  [32m+[39m [34m    <text x="1[39m[42m[30m08[39m[49m[34m" y="1[39m[42m[30m55[39m[49m[34m" fill="#000000" textLength="9" lengthAdjust="spacingAndGlyphs">[39m[42m[30m.[39m[49m[34m</text>[39m[90m␊[39m[34m[39m
  [32m+[39m [34m    <[39m[42m[30mr[39m[49m[34me[39m[42m[30mc[39m[49m[34mt x="1[39m[42m[30m17[39m[49m[34m" y="1[39m[42m[30m5[39m[49m[34m3[39m[34m" [39m[42m[30mw[39m[49m[34mi[39m[42m[30mdth[39m[49m[34m="[39m[42m[30m27[39m[49m[34m" [39m[42m[30mh[39m[49m[34me[39m[42m[30mi[39m[49m[34mg[39m[34mh[39m[42m[30mt[39m[49m[34m="[39m[42m[30m1[39m[49m[34m7" [39m[42m[30mfi[39m[49m[34ml[39m[42m[30ml[39m[49m[34m="[39m[42m[30m#cd[39m[49m[34mc[39m[34md[39m[42m[30m00[39m[49m[34m"[39m[34m [39m[34m/[39m[34m>[39m[90m␊[39m[34m[39m
  [32m+[39m [34m    <text x="[39m[42m[30m117[39m[49m[34m" y="155" fill="#[39m[42m[30m000000[39m[49m[34m" textLength="[39m[42m[30m27[39m[49m[34m" lengthAdjust="spacingAndGlyphs">[39m[42m[30mlog[39m[49m[34m</text>[39m[90m␊[39m[34m[39m
  [32m+[39m [34m    <rect x="[39m[42m[30m14[39m[49m[34m4[39m[34m" y="153" width="[39m[42m[30m9[39m[49m[34m" height="17" fill="#ffffff" />[39m[90m␊[39m[34m[39m
  [32m+[39m [34m    <[39m[42m[30mt[39m[49m[34me[39m[42m[30mx[39m[49m[34mt x="[39m[42m[30m144[39m[49m[34m" y="15[39m[42m[30m5[39m[49m[34m" [39m[42m[30mf[39m[49m[34mi[39m[42m[30mll[39m[49m[34m="[39m[42m[30m#000000[39m[49m[34m" [39m[42m[30mt[39m[49m[34me[39m[42m[30mxtLen[39m[49m[34mg[39m[34mt[39m[42m[30mh[39m[49m[34m="[39m[42m[30m9[39m[49m[34m" [39m[34ml[39m[42m[30mengthAdjust[39m[49m[34m="[39m[42m[30mspa[39m[49m[34mc[39m[42m[30mingAn[39m[49m[34md[39m[42m[30mGlyphs[39m[49m[34m"[39m[42m[30m>(<[39m[49m[34m/[39m[42m[30mtext[39m[49m[34m>[39m[90m␊[39m[34m[39m
  [32m+[39m [34m    <text x="[39m[42m[30m15[39m[49m[34m3" y="155" fill="#[39m[42m[30mffffff[39m[49m[34m" textLength="[39m[42m[30m20[39m[49m[34m7[39m[34m" lengthAdjust="spacingAndGlyphs">[39m[42m[30m           ││          [39m[49m[34m</text>[39m[90m␊[39m[34m[39m
  [32m+[39m [34m    <[39m[42m[30mt[39m[49m[34me[39m[42m[30mx[39m[49m[34mt x="[39m[42m[30m0[39m[49m[34m" y="1[39m[42m[30m72[39m[49m[34m" [39m[42m[30mf[39m[49m[34mi[39m[42m[30mll="#ffffff" textLeng[39m[49m[34mth="[39m[42m[30m45[39m[49m[34m" [39m[42m[30ml[39m[49m[34me[39m[42m[30mn[39m[49m[34mg[39m[42m[30mt[39m[49m[34mh[39m[42m[30mAdjus[39m[49m[34mt="[39m[42m[30mspac[39m[49m[34mi[39m[42m[30mngAndG[39m[49m[34ml[39m[42m[30myphs[39m[49m[34m"[39m[42m[30m>││4 [39m[49m[34m [39m[42m[30m<[39m[49m[34m/[39m[42m[30mtext[39m[49m[34m>[39m[90m␊[39m[34m[39m
  [32m+[39m [34m    <[39m[42m[30mr[39m[49m[34me[39m[42m[30mc[39m[49m[34mt x="[39m[42m[30m4[39m[49m[34m5" y="1[39m[42m[30m70[39m[49m[34m" [39m[42m[30mw[39m[49m[34mi[39m[42m[30mdth[39m[49m[34m="[39m[42m[30m18[39m[49m[34m" [39m[42m[30mh[39m[49m[34me[39m[42m[30mi[39m[49m[34mg[39m[34mh[39m[42m[30mt[39m[49m[34m="[39m[42m[30m1[39m[49m[34m7" [39m[42m[30mfi[39m[49m[34ml[39m[42m[30ml[39m[49m[34m="[39m[42m[30m#ffffff[39m[49m[34m"[39m[34m [39m[34m/[39m[34m>[39m[90m␊[39m[34m[39m
  [32m+[39m [34m    <rect x="[39m[34m6[39m[42m[30m3[39m[49m[34m" y="1[39m[42m[30m70[39m[49m[34m" width="[39m[42m[30m72[39m[49m[34m" height="17" fill="#00cd[39m[42m[30mcd[39m[49m[34m" />[39m[90m␊[39m[34m[39m
  [32m+[39m [34m    <text x="[39m[34m6[39m[42m[30m3[39m[49m[34m" y="1[39m[42m[30m72[39m[49m[34m" fill="#000000" textLength="[39m[42m[30m72[39m[49m[34m" lengthAdjust="spacingAndGlyphs">[39m[42m[30mgree[39m[49m[34mt[39m[42m[30ming[39m[49m[34m</text>[39m[90m␊[39m[34m[39m
  [32m+[39m [34m    <rect x="1[39m[42m[30m35[39m[49m[34m" y="1[39m[42m[30m70[39m[49m[34m" width="[39m[42m[30m27[39m[49m[34m" height="17" fill="#ffffff" />[39m[90m␊[39m[34m[39m
  [32m+[39m [34m    <text x="1[39m[42m[30m35[39m[49m[34m" y="1[39m[42m[30m72[39m[49m[34m" fill="#000000" textLength="[39m[42m[30m27[39m[49m[34m" lengthAdjust="spacingAndGlyphs"> +[39m[42m[30m [39m[49m[34m</text>[39m[90m␊[39m[34m[39m
  [32m+[39m [34m    <[39m[42m[30mr[39m[49m[34me[39m[42m[30mc[39m[49m[34mt x="[39m[34m16[39m[42m[30m2[39m[49m[34m" y="1[39m[42m[30m70[39m[49m[34m" [39m[42m[30mw[39m[49m[34mi[39m[42m[30mdth[39m[49m[34m="[39m[42m[30m36[39m[49m[34m" [39m[42m[30mh[39m[49m[34me[39m[42m[30mi[39m[49m[34mg[39m[42m[30mh[39m[49m[34mt[39m[34m="1[39m[42m[30m7[39m[49m[34m" [39m[42m[30mfil[39m[49m[34ml[39m[34m="[39m[42m[30m#00[39m[49m[34mc[39m[34md[39m[42m[30m00[39m[49m[34m"[39m[34m [39m[34m/[39m[34m>[39m[90m␊[39m[34m[39m
  [32m+[39m [34m    <text x="[39m[42m[30m162[39m[49m[34m" y="172" fill="#[39m[42m[30m000000[39m[49m[34m" textLength="[39m[42m[30m36[39m[49m[34m" lengthAdjust="spacingAndGlyphs">[39m[42m[30m&quot;,[39m[49m[34m [39m[42m[30m&quot;[39m[49m[34m</text>[39m[90m␊[39m[34m[39m
  [32m+[39m [34m    <rect x="[39m[42m[30m198[39m[49m[34m" y="170" width="[39m[42m[30m18[39m[49m[34m" height="17" fill="#[39m[42m[30mffffff[39m[49m[34m" />[39m[90m␊[39m[34m[39m
  [32m+[39m [34m    <text x="[39m[42m[30m198[39m[49m[34m" y="172" fill="#000000" textLength="[39m[42m[30m18[39m[49m[34m" lengthAdjust="spacingAndGlyphs">[39m[42m[30m +[39m[49m[34m</text>[39m[90m␊[39m[34m[39m
  [32m+[39m [34m    <[39m[42m[30mt[39m[49m[34me[39m[42m[30mx[39m[49m[34mt x="[39m[42m[30m2[39m[49m[34m1[39m[42m[30m6[39m[49m[34m" y="17[39m[42m[30m2[39m[49m[34m" [39m[42m[30mf[39m[49m[34mi[39m[42m[30mll[39m[49m[34m="[39m[42m[30m#ffffff[39m[49m[34m" [39m[42m[30mt[39m[49m[34me[39m[42m[30mxtLen[39m[49m[34mg[39m[34mt[39m[42m[30mh[39m[49m[34m="1[39m[42m[30m44[39m[49m[34m" [39m[34ml[39m[42m[30mengthAdjust[39m[49m[34m="[39m[42m[30mspacingAndGlyphs[39m[49m[34m"[39m[42m[30m>    ││  [39m[49m[34m [39m[42m[30m       <[39m[49m[34m/[39m[42m[30mtext[39m[49m[34m>[39m[90m␊[39m[34m[39m
  [32m+[39m [34m    <text x="[39m[42m[30m0[39m[49m[34m" y="1[39m[42m[30m89[39m[49m[34m" fill="#[39m[42m[30mffffff[39m[49m[34m" textLength="[39m[42m[30m45[39m[49m[34m" lengthAdjust="spacingAndGlyphs">[39m[42m[30m││[39m[49m[34m [39m[42m[30m [39m[49m[34m </text>[39m[90m␊[39m[34m[39m
  [32m+[39m [34m    <rect x="[39m[42m[30m45[39m[49m[34m" y="1[39m[42m[30m8[39m[49m[34m7[39m[34m" width="[39m[42m[30m36[39m[49m[34m" height="17" fill="#00cd[39m[42m[30mcd[39m[49m[34m" />[39m[90m␊[39m[34m[39m
  [32m+[39m [34m    <text x="[39m[42m[30m45[39m[49m[34m" y="1[39m[42m[30m89[39m[49m[34m" fill="#000000" textLength="[39m[42m[30m36[39m[49m[34m" lengthAdjust="spacingAndGlyphs">[39m[42m[30mn[39m[49m[34ma[39m[42m[30mme[39m[49m[34m</text>[39m[90m␊[39m[34m[39m
  [32m+[39m [34m    <[39m[42m[30mr[39m[49m[34me[39m[42m[30mc[39m[49m[34mt x="[39m[34m8[39m[42m[30m1[39m[49m[34m" y="1[39m[42m[30m8[39m[49m[34m7[39m[34m" [39m[42m[30mw[39m[49m[34mi[39m[42m[30mdth[39m[49m[34m="[39m[42m[30m27[39m[49m[34m" [39m[42m[30mh[39m[49m[34me[39m[42m[30mi[39m[49m[34mg[39m[34mh[39m[42m[30mt[39m[49m[34m="17[39m[34m" [39m[42m[30mfi[39m[49m[34ml[39m[42m[30ml[39m[49m[34m="[39m[42m[30m#ffffff[39m[49m[34m"[39m[34m [39m[34m/[39m[34m>[39m[90m␊[39m[34m[39m
  [32m+[39m [34m    <text x="[39m[42m[30m81[39m[49m[34m" y="189" fill="#[39m[42m[30m000000[39m[49m[34m" textLength="[39m[42m[30m27[39m[49m[34m" lengthAdjust="spacingAndGlyphs">[39m[34m [39m[42m[30m+[39m[49m[34m </text>[39m[90m␊[39m[34m[39m
  [32m+[39m [34m    <rect x="[39m[42m[30m108[39m[49m[34m" y="187" width="[39m[34m8[39m[42m[30m1[39m[49m[34m" height="17" fill="#[39m[42m[30m00cd00[39m[49m[34m" />[39m[90m␊[39m[34m[39m
  [32m+[39m [34m    <text x="[39m[42m[30m108[39m[49m[34m" y="189" fill="#000000" textLength="[39m[34m8[39m[42m[30m1[39m[49m[34m" lengthAdjust="spacingAndGlyphs">[39m[42m[30m&quot; (wrap[39m[49m[34m)[39m[42m[30m&quot[39m[49m[34m;</text>[39m[90m␊[39m[34m[39m
  [32m+[39m [34m    <text x="[39m[42m[30m189[39m[49m[34m" y="189" fill="#ffffff" textLength="[39m[42m[30m1[39m[49m[34m7[39m[42m[30m1[39m[49m[34m" lengthAdjust="spacingAndGlyphs">[39m[34m       ││          </text>[39m[90m␊[39m[34m[39m
  [32m+[39m [34m    <text x="0" y="206" fill="#ffffff" textLength="[39m[42m[30m45[39m[49m[34m" lengthAdjust="spacingAndGlyphs">│[39m[34m│[39m[42m[30m5[39m[49m[34m  </text>[39m[90m␊[39m[34m[39m
  [32m+[39m [34m    <[39m[42m[30mr[39m[49m[34me[39m[42m[30mc[39m[49m[34mt x="[39m[42m[30m45[39m[49m[34m" y="2[39m[42m[30m04[39m[49m[34m" [39m[42m[30mw[39m[49m[34mi[39m[42m[30md[39m[49m[34mth="[39m[42m[30m18[39m[49m[34m" [39m[42m[30mh[39m[49m[34me[39m[42m[30mi[39m[49m[34mg[39m[34mh[39m[34mt="[39m[42m[30m17" f[39m[49m[34mi[39m[34ml[39m[42m[30ml=[39m[49m[34m"[39m[42m[30m#ffffff"[39m[49m[34m [39m[34m/[39m[34m>[39m[90m␊[39m[34m[39m
  [32m+[39m [34m    <text x="[39m[42m[30m45[39m[49m[34m" y="2[39m[42m[30m06[39m[49m[34m" fill="#[39m[42m[30m000000[39m[49m[34m" textLength="[39m[42m[30m18[39m[49m[34m" lengthAdjust="spacingAndGlyphs">[39m[42m[30m);[39m[49m[34m</text>[39m[90m␊[39m[34m[39m
  [32m+[39m [34m    <text x="[39m[42m[30m63[39m[49m[34m" y="2[39m[42m[30m06[39m[49m[34m" fill="#ffffff" textLength="[39m[42m[30m297[39m[49m[34m" lengthAdjust="spacingAndGlyphs">[39m[34m [39m[34m [39m[42m[30m         [39m[49m[34m         [39m[42m[30m ││[39m[49m[34m          </text>[39m[90m␊[39m[34m[39m
  [32m+[39m [34m    <text x="0" y="2[39m[42m[30m23[39m[49m[34m" fill="#ffffff" textLength="360" lengthAdjust="spacingAndGlyphs">[39m[42m[30m│└──────────────────────────┘│[39m[49m[34m [39m[34m [39m[34m [39m[34m [39m[42m[30m   [39m[49m[34m [39m[34m [39m[34m </text>[39m[90m␊[39m[34m[39m
  [32m+[39m [34m    <text x="0" y="[39m[42m[30m24[39m[49m[34m0[39m[34m" fill="#ffffff" textLength="360" lengthAdjust="spacingAndGlyphs">[39m[42m[30m└────────────────────────────┘[39m[49m[34m [39m[34m [39m[34m [39m[34m [39m[34m [39m[34m [39m[42m[30m [39m[49m[34m   </text>[39m[90m␊[39m[34m[39m
  [32m+[39m [34m    <text x="0" y="[39m[34m2[39m[42m[30m74[39m[49m[34m" fill="#ffffff" textLength="360" lengthAdjust="spacingAndGlyphs">[39m[42m[30mCursor:[39m[49m[34m [39m[42m[30m0,[39m[49m[34m [39m[42m[30m24[39m[49m[34m [39m[34m [39m[34m [39m[42m[30m                    [39m[49m[34m [39m[34m   </text>[39m[90m␊[39m[34m[39m
  [32m+[39m [34m    <text x="0" y="[39m[34m2[39m[42m[30m91[39m[49m[34m" fill="#ffffff" textLength="360" lengthAdjust="spacingAndGlyphs">[39m[42m[30mFull Tex[39m[49m[34mt[39m[34m [39m[42m[30mLe[39m[49m[34mn[39m[42m[30mg[39m[49m[34mth[39m[42m[30m: 340        [39m[49m[34m [39m[34m [39m[34m [39m[34m [39m[42m[30m [39m[49m[34m      </text>[39m[90m␊[39m[34m[39m
  [32m+[39m [34m    <text x="0" y="3[39m[42m[30m08[39m[49m[34m" fill="#ffffff" textLength="360" lengthAdjust="spacingAndGlyphs">[39m[42m[30mFull Tex[39m[49m[34mt[39m[42m[30m JSON: &quot;H[39m[49m[34me[39m[42m[30mllo Wo[39m[49m[34mr[39m[42m[30mld[39m[49m[34m\\nThis is a[39m[34m </text>[39m[90m␊[39m[34m[39m
  [32m+[39m [34m    <text x="0" y="3[39m[42m[30m25[39m[49m[34m" fill="#ffffff" textLength="360" lengthAdjust="spacingAndGlyphs">t[39m[42m[30me[39m[49m[34ms[39m[34mt[39m[42m[30m\\[39m[49m[34mn[39m[42m[30mRow[39m[49m[34m [39m[42m[30mAR[39m[49m[34mo[39m[34mw[39m[34m [39m[42m[30mB\\nThi[39m[49m[34ms[39m[34m [39m[42m[30mis a v[39m[49m[34me[39m[42m[30mry[39m[49m[34m [39m[42m[30mlong[39m[49m[34m   </text>[39m[90m␊[39m[34m[39m
  [32m+[39m [34m    <text x="0" y="3[39m[42m[30m42[39m[49m[34m" fill="#ffffff" textLength="360" lengthAdjust="spacingAndGlyphs">[39m[34mt[39m[34me[39m[42m[30mxt[39m[49m[34m [39m[34mth[39m[42m[30mat[39m[49m[34m is [39m[34mi[39m[42m[30mntend[39m[49m[34med to [39m[42m[30mwrap[39m[49m[34m [39m[42m[30mbecause[39m[49m[34m   </text>[39m[90m␊[39m[34m[39m
  [32m+[39m [34m    <text x="0" y="[39m[42m[30m359[39m[49m[34m" fill="#ffffff" textLength="360" lengthAdjust="spacingAndGlyphs">[39m[42m[30mt[39m[49m[34mh[39m[42m[30me [39m[49m[34mcon[39m[34mt[39m[42m[30main[39m[49m[34me[39m[42m[30mr wid[39m[49m[34mt[39m[42m[30mh [39m[49m[34mi[39m[42m[30ms[39m[49m[34m [39m[42m[30mfixed[39m[49m[34m [39m[34mt[39m[34mo[39m[42m[30m 20      [39m[49m[34m</text>[39m[90m␊[39m[34m[39m
  [32m+[39m [34m    <text x="0" y="[39m[42m[30m3[39m[49m[34m7[39m[42m[30m6[39m[49m[34m" fill="#ffffff" textLength="360" lengthAdjust="spacingAndGlyphs">[39m[42m[30mchar[39m[49m[34ma[39m[42m[30mct[39m[49m[34me[39m[34mr[39m[42m[30ms.[39m[49m[34m\[39m[34m\[39m[34mn[39m[42m[30mThi[39m[49m[34ms[39m[42m[30m is a v[39m[49m[34me[39m[42m[30mry [39m[49m[34mlo[39m[34mn[39m[42m[30mg[39m[49m[34m [39m[42m[30mtext[39m[49m[34m   </text>[39m[90m␊[39m[34m[39m
  [32m+[39m [34m    <text x="0" y="[39m[42m[30m393[39m[49m[34m" fill="#ffffff" textLength="360" lengthAdjust="spacingAndGlyphs">[39m[42m[30mtha[39m[49m[34mt[39m[42m[30m [39m[49m[34mi[39m[42m[30ms[39m[49m[34m [39m[42m[30min[39m[49m[34mt[39m[42m[30mended[39m[49m[34m [39m[34mt[39m[42m[30mo[39m[49m[34m [39m[42m[30mwrap[39m[49m[34m [39m[42m[30mbec[39m[49m[34ma[39m[42m[30mus[39m[49m[34me [39m[34mt[39m[42m[30mhe[39m[49m[34m    </text>[39m[90m␊[39m[34m[39m
  [32m+[39m [34m    <text x="0" y="4[39m[34m1[39m[42m[30m0[39m[49m[34m" fill="#ffffff" textLength="360" lengthAdjust="spacingAndGlyphs">[39m[42m[30mc[39m[49m[34mo[39m[34mn[39m[34mt[39m[42m[30mainer[39m[49m[34m [39m[42m[30mwidth[39m[49m[34m [39m[42m[30mis[39m[49m[34m [39m[42m[30mfixed[39m[49m[34m [39m[42m[30mto[39m[49m[34m [39m[42m[30m20[39m[49m[34m          </text>[39m[90m␊[39m[34m[39m
  [32m+[39m [34m    <text x="0" y="4[39m[42m[30m2[39m[49m[34m7[39m[34m" fill="#ffffff" textLength="360" lengthAdjust="spacingAndGlyphs">[39m[42m[30mch\\n\\[39m[49m[34mnc[39m[34mo[39m[42m[30mnst g[39m[49m[34mr[39m[42m[30meet[39m[49m[34min[39m[42m[30mg[39m[49m[34m [39m[42m[30m=[39m[49m[34m [39m[42m[30m\\&quot;[39m[49m[34mHello[39m[42m[30m\\&quot;;\\nconst[39m[49m[34m</text>[39m[90m␊[39m[34m[39m
  [32m+[39m [34m    <text x="0" y="4[39m[42m[30m44[39m[49m[34m" fill="#ffffff" textLength="360" lengthAdjust="spacingAndGlyphs">[39m[42m[30mname = \\&qu[39m[49m[34mo[39m[42m[30mt;World\\&q[39m[49m[34mu[39m[34mo[39m[34mt[39m[34m;[39m[42m[30m;\\nconsole.log(\\n[39m[49m[34m       </text>[39m[90m␊[39m[34m[39m
  [32m+[39m [34m    <text x="0" y="[39m[42m[30m46[39m[49m[34m1[39m[34m" fill="#ffffff" textLength="360" lengthAdjust="spacingAndGlyphs">[39m[42m[30mgreeting + \\&quot;, \\&quot; + name + \\&quot;           [39m[49m[34m</text>[39m[90m␊[39m[34m[39m
  [32m+[39m [34m    <text x="0" y="[39m[42m[30m478[39m[49m[34m" fill="#ffffff" textLength="360" lengthAdjust="spacingAndGlyphs">[39m[42m[30m(wrap)\\&quo[39m[49m[34mt[39m[42m[30m;\\n);&quot; [39m[49m[34m [39m[42m[30m [39m[49m[34m                        [39m[34m</text>[39m[90m␊[39m[34m[39m
  [32m+[39m [34m    <text x="0" y="[39m[34m4[39m[42m[30m95[39m[49m[34m" fill="#ffffff" textLength="360" lengthAdjust="spacingAndGlyphs">[39m[42m[30manchorPoint: 0, [39m[49m[34mHello[39m[34m                   [39m[34m</text>[39m[90m␊[39m[34m[39m
  [32m+[39m [34m    <text x="0" y="5[39m[42m[30m12[39m[49m[34m" fill="#ffffff" textLength="360" lengthAdjust="spacingAndGlyphs">[39m[42m[30mfocu[39m[49m[34ms[39m[42m[30mPo[39m[49m[34mi[39m[42m[30mnt:[39m[49m[34m [39m[42m[30m2,[39m[49m[34m [39m[42m[30m);[39m[49m[34m                       [39m[34m</text>[39m[90m␊[39m[34m[39m
  [32m+[39m [34m    <text x="0" y="5[39m[42m[30m29[39m[49m[34m" fill="#ffffff" textLength="360" lengthAdjust="spacingAndGlyphs">[39m[42m[30m┌──────────────────────────────────────┐[39m[49m[34m</text>[39m[90m␊[39m[34m[39m
  [32m+[39m [34m    <text x="0" y="5[39m[42m[30m46[39m[49m[34m" fill="#ffffff" textLength="360" lengthAdjust="spacingAndGlyphs">│[39m[42m[30mS[39m[49m[34me[39m[34ml[39m[42m[30mec[39m[49m[34mte[39m[42m[30md Te[39m[49m[34mxt[39m[42m[30m:[39m[49m[34m [39m[34m [39m[42m[30m                [39m[49m[34m      │</text>[39m[90m␊[39m[34m[39m
  [32m+[39m [34m    <text x="0" y="[39m[42m[30m5[39m[49m[34m6[39m[42m[30m3[39m[49m[34m" fill="#ffffff" textLength="360" lengthAdjust="spacingAndGlyphs">│[39m[42m[30mH[39m[49m[34me[39m[42m[30mll[39m[49m[34mo [39m[42m[30mWo[39m[49m[34mr[39m[42m[30mld[39m[49m[34m [39m[34m [39m[34m [39m[42m[30m                        [39m[49m[34m│</text>[39m[90m␊[39m[34m[39m
  [32m+[39m [34m    <text x="0" y="[39m[42m[30m580[39m[49m[34m" fill="#ffffff" textLength="360" lengthAdjust="spacingAndGlyphs">│[39m[42m[30mT[39m[49m[34mh[39m[34mis [39m[34mi[39m[42m[30ms[39m[49m[34m [39m[34ma[39m[42m[30m [39m[49m[34mte[39m[34ms[39m[42m[30mt                  [39m[49m[34m      │</text>[39m[90m␊[39m[34m[39m
  [32m+[39m [34m    <text x="0" y="[39m[42m[30m597[39m[49m[34m" fill="#ffffff" textLength="360" lengthAdjust="spacingAndGlyphs">│[39m[42m[30mRow[39m[49m[34m [39m[42m[30mARow[39m[49m[34m [39m[42m[30mB[39m[49m[34m [39m[34m [39m[34m [39m[42m[30m             [39m[49m[34m [39m[34m [39m[42m[30m    [39m[49m[34m      │</text>[39m[90m␊[39m[34m[39m
  [32m+[39m [34m    <text x="0" y="6[39m[42m[30m14[39m[49m[34m" fill="#ffffff" textLength="360" lengthAdjust="spacingAndGlyphs">│[39m[42m[30mTh[39m[49m[34mi[39m[42m[30ms[39m[49m[34m [39m[42m[30mis[39m[49m[34m [39m[34ma[39m[34m [39m[42m[30mv[39m[49m[34me[39m[42m[30mry long[39m[49m[34m t[39m[34me[39m[42m[30mxt[39m[49m[34m [39m[34mt[39m[42m[30mh[39m[49m[34ma[39m[42m[30mt [39m[49m[34mi[39m[42m[30ms      [39m[49m[34m│</text>[39m[90m␊[39m[34m[39m
  [32m+[39m [34m    <text x="0" y="6[39m[42m[30m31[39m[49m[34m" fill="#ffffff" textLength="360" lengthAdjust="spacingAndGlyphs">│[39m[34mi[39m[42m[30mn[39m[49m[34mt[39m[42m[30mend[39m[49m[34med to [39m[42m[30mwrap[39m[49m[34m [39m[42m[30mbe[39m[49m[34mc[39m[42m[30mause[39m[49m[34m [39m[42m[30mthe[39m[49m[34m [39m[42m[30mcontainer[39m[49m[34m│</text>[39m[90m␊[39m[34m[39m
  [32m+[39m [34m    <text x="0" y="6[39m[42m[30m48[39m[49m[34m" fill="#ffffff" textLength="360" lengthAdjust="spacingAndGlyphs">│[39m[42m[30mwidth[39m[49m[34m [39m[42m[30mis[39m[49m[34m [39m[42m[30mfixed[39m[49m[34m [39m[42m[30mto[39m[49m[34m [39m[42m[30m20[39m[49m[34m [39m[42m[30mcharacters.[39m[49m[34m      │</text>[39m[90m␊[39m[34m[39m
  [32m+[39m [34m    <text x="0" y="[39m[34m6[39m[42m[30m65[39m[49m[34m" fill="#ffffff" textLength="360" lengthAdjust="spacingAndGlyphs">│[39m[42m[30mThi[39m[49m[34ms[39m[34m [39m[34mi[39m[42m[30ms[39m[49m[34m [39m[42m[30ma[39m[49m[34m [39m[42m[30mv[39m[49m[34me[39m[42m[30mry [39m[49m[34mlo[39m[42m[30mng[39m[49m[34m [39m[42m[30mtext[39m[49m[34m [39m[42m[30mthat[39m[49m[34m [39m[42m[30mis[39m[49m[34m      │</text>[39m[90m␊[39m[34m[39m
  [32m+[39m [34m    <text x="0" y="[39m[42m[30m682[39m[49m[34m" fill="#ffffff" textLength="360" lengthAdjust="spacingAndGlyphs">│[39m[42m[30mi[39m[49m[34mn[39m[34mt[39m[42m[30me[39m[49m[34mn[39m[42m[30md[39m[49m[34me[39m[42m[30md[39m[49m[34m [39m[34mt[39m[34mo[39m[34m [39m[42m[30mwrap[39m[49m[34m [39m[42m[30mbecause[39m[49m[34m [39m[42m[30mthe[39m[49m[34m [39m[42m[30mcontainer[39m[49m[34m│</text>[39m[90m␊[39m[34m[39m
  [32m+[39m [34m    <text x="0" y="[39m[42m[30m699[39m[49m[34m" fill="#ffffff" textLength="360" lengthAdjust="spacingAndGlyphs">│[39m[42m[30mwidth[39m[49m[34m [39m[42m[30mis[39m[49m[34m [39m[42m[30mfixed[39m[49m[34m [39m[42m[30mto[39m[49m[34m [39m[42m[30m20[39m[49m[34m [39m[42m[30mch[39m[49m[34m               │</text>[39m[90m␊[39m[34m[39m
  [32m+[39m [34m    <text x="0" y="7[39m[42m[30m1[39m[49m[34m6[39m[34m" fill="#ffffff" textLength="360" lengthAdjust="spacingAndGlyphs">│  [39m[34m [39m[34m [39m[34m [39m[34m [39m[34m [39m[34m [39m[34m [39m[34m [39m[42m[30m                          [39m[49m[34m  │</text>[39m[90m␊[39m[34m[39m
  [32m+[39m [34m    <text x="0" y="7[39m[42m[30m33[39m[49m[34m" fill="#ffffff" textLength="360" lengthAdjust="spacingAndGlyphs">│[39m[42m[30mconst[39m[49m[34m [39m[42m[30mgreeting[39m[49m[34m [39m[42m[30m=[39m[49m[34m [39m[42m[30m&quot;Hello&quot;;[39m[49m[34m             │</text>[39m[90m␊[39m[34m[39m
  [32m+[39m [34m    <text x="0" y="[39m[42m[30m75[39m[49m[34m0[39m[34m" fill="#ffffff" textLength="360" lengthAdjust="spacingAndGlyphs">[39m[42m[30m│const name = &quot;World&quot;;                 │[39m[49m[34m</text>[39m[90m␊[39m[34m[39m
  [32m+[39m [34m    <text x="0" y="[39m[42m[30m767[39m[49m[34m" fill="#ffffff" textLength="360" lengthAdjust="spacingAndGlyphs">[39m[42m[30m│c[39m[49m[34mo[39m[42m[30mn[39m[49m[34ms[39m[34mo[39m[34mle[39m[42m[30m.[39m[49m[34ml[39m[34mo[39m[42m[30mg(               [39m[49m[34m           [39m[42m[30m│[39m[49m[34m</text>[39m[90m␊[39m[34m[39m
  [32m+[39m [34m    <text x="0" y="[39m[42m[30m7[39m[49m[34m8[39m[42m[30m4[39m[49m[34m" fill="#ffffff" textLength="360" lengthAdjust="spacingAndGlyphs">[39m[42m[30m│[39m[49m[34m  [39m[42m[30mgreeting[39m[49m[34m [39m[42m[30m+[39m[49m[34m [39m[42m[30m&quot;,[39m[49m[34m [39m[42m[30m&quot;[39m[49m[34m [39m[42m[30m+[39m[49m[34m [39m[42m[30mname[39m[49m[34m [39m[42m[30m+[39m[49m[34m [39m[42m[30m&quot;[39m[49m[34m [39m[42m[30m(wrap)&quot;[39m[49m[34m  [39m[42m[30m│[39m[49m[34m</text>[39m[90m␊[39m[34m[39m
  [32m+[39m [34m    <text x="0" y="8[39m[42m[30m01[39m[49m[34m" fill="#ffffff" textLength="360" lengthAdjust="spacingAndGlyphs">[39m[42m[30m│)[39m[49m[34m; [39m[34m [39m[34m [39m[42m[30m                  [39m[49m[34m        [39m[42m[30m       │[39m[49m[34m</text>[39m[90m␊[39m[34m[39m
  [32m+[39m [34m    <text x="0" y="8[39m[42m[30m1[39m[49m[34m8[39m[34m" fill="#ffffff" textLength="360" lengthAdjust="spacingAndGlyphs">[39m[42m[30m└──────────────────────────────────────┘[39m[49m[34m</text>[39m[90m␊[39m[34m[39m
  [32m+[39m [34m    <text x="0" y="[39m[42m[30m852[39m[49m[34m" fill="#ffffff" textLength="360" lengthAdjust="spacingAndGlyphs">Press &apos;[39m[42m[30mt[39m[49m[34m&apos; to toggle [39m[42m[30mse[39m[49m[34ml[39m[42m[30mect[39m[49m[34mi[39m[42m[30mo[39m[49m[34mn[39m[34m [39m[42m[30m     [39m[49m[34m     </text>[39m[90m␊[39m[34m[39m
  [32m+[39m [34m    <text x="0" y="[39m[42m[30m86[39m[49m[34m9[39m[34m" fill="#ffffff" textLength="360" lengthAdjust="spacingAndGlyphs">[39m[42m[30mvi[39m[49m[34ms[39m[42m[30mibi[39m[49m[34ml[39m[34mi[39m[42m[30mty[39m[49m[34m.[39m[34m                             </text>[39m[90m␊[39m[34m[39m
  [32m+[39m [34m    <text x="0" y="[39m[42m[30m886[39m[49m[34m" fill="#ffffff" textLength="360" lengthAdjust="spacingAndGlyphs">Press &apos;[39m[42m[30mm[39m[49m[34m&apos; to [39m[42m[30mtogg[39m[49m[34mle[39m[34m [39m[42m[30mSt[39m[49m[34ma[39m[42m[30mti[39m[49m[34mc[39m[42m[30mR[39m[49m[34me[39m[34mnder[39m[42m[30m   [39m[49m[34m     </text>[39m[90m␊[39m[34m[39m
  [32m+[39m [34m    <text x="0" y="9[39m[42m[30m03[39m[49m[34m" fill="#ffffff" textLength="360" lengthAdjust="spacingAndGlyphs">[39m[42m[30m([39m[49m[34mcur[39m[34mr[39m[42m[30ment:[39m[49m[34m [39m[42m[30mOFF).[39m[49m[34m                         </text>[39m[90m␊[39m[34m[39m
  [32m+[39m [34m    <text x="0" y="9[39m[42m[30m20[39m[49m[34m" fill="#ffffff" textLength="360" lengthAdjust="spacingAndGlyphs">[39m[42m[30mPres[39m[49m[34ms[39m[34m [39m[42m[30m&ap[39m[49m[34mo[39m[42m[30ms;spac[39m[49m[34me[39m[42m[30m&apo[39m[49m[34ms[39m[42m[30m;[39m[49m[34m to [39m[42m[30mt[39m[49m[34mo[39m[42m[30mggle lin[39m[49m[34me [39m[42m[30mn[39m[49m[34mu[39m[42m[30mmbe[39m[49m[34mr[39m[34m     </text>[39m[90m␊[39m[34m[39m
  [32m+[39m [34m    <text x="0" y="9[39m[42m[30m37[39m[49m[34m" fill="#ffffff" textLength="360" lengthAdjust="spacingAndGlyphs">[39m[34mselect[39m[42m[30mion[39m[49m[34m.[39m[42m[30m            [39m[49m[34m                  </text>[39m[90m␊[39m[34m[39m
  [32m+[39m [32m    <text x="0" y="954" fill="#ffffff" textLength="360" lengthAdjust="spacingAndGlyphs">Press &apos;s&apos; to select character under     </text>␊[39m
  [32m+[39m [32m    <text x="0" y="971" fill="#ffffff" textLength="360" lengthAdjust="spacingAndGlyphs">cursor.                                 </text>␊[39m
  [32m+[39m [32m    <text x="0" y="988" fill="#ffffff" textLength="360" lengthAdjust="spacingAndGlyphs">Use Arrow keys to move cursor.          </text>␊[39m
  [32m+[39m [32m    <text x="0" y="1005" fill="#ffffff" textLength="360" lengthAdjust="spacingAndGlyphs">Shift+Arrow to select.                  </text>␊[39m
    [34m  </g>[39m[90m␊[39m[34m[39m
    [34m</svg>[39m[34m`[39m

  [90m› <anonymous> (test/selection-snapshot.tsx:54:5)[39m



  [1mselection-snapshot [90m[2m›[22m[1m[39m selection with StaticRender example renders correctly[22m

  [90mtest/selection-snapshot.tsx:92[39m

   [90m91:[39m       const expected = fs.readFileSync(snapshotPath, 'utf8');
  [41m[1m 92:       t.is(svg, expected);                                   [22m[49m
   [90m93:[39m     }                                                        

  Difference ([31m-[39m [31mactual[39m, [32m+[39m [32mexpected[39m):

  [31m-[39m [34m`[39m[34m<svg xmlns="http://www.w3.org/2000/svg" width="380" height="10[39m[41m[30m23[39m[49m[34m" viewBox="0 0 380 10[39m[41m[30m23[39m[49m[34m">[39m[90m␊[39m[34m[39m
  [32m+[39m [34m`[39m[34m<svg xmlns="http://www.w3.org/2000/svg" width="380" height="10[39m[42m[30m40[39m[49m[34m" viewBox="0 0 380 10[39m[42m[30m40[39m[49m[34m">[39m[90m␊[39m[34m[39m
    [34m  <style>[39m[90m␊[39m[34m[39m
    [34m    text { font-family: Consolas, "Courier New", monospace; font-size: 14px; dominant-baseline: text-before-edge; white-space: pre; }[39m[90m␊[39m[34m[39m
    [34m  </style>[39m[90m␊[39m[34m[39m
  [31m-[39m [34m  <rect width="380" height="10[39m[41m[30m23[39m[49m[34m" fill="#000000" />[39m[90m␊[39m[34m[39m
  [32m+[39m [34m  <rect width="380" height="10[39m[42m[30m40[39m[49m[34m" fill="#000000" />[39m[90m␊[39m[34m[39m
    [34m  <g transform="translate(10, 10)">[39m[90m␊[39m[34m[39m
  [31m-[39m [34m    <text x="0" y="2" fill="#ffffff" textLength="45" lengthAdjust="spacingAndGlyphs">││[39m[41m[30m3[39m[49m[34m  </text>[39m[90m␊[39m[34m[39m
  [31m-[39m [34m    <rect x="45" y="0" width="[39m[41m[30m63[39m[49m[34m" height="17" fill="#cd[39m[34mcd[39m[41m[30m00[39m[49m[34m" />[39m[90m␊[39m[34m[39m
  [31m-[39m [34m    <text x="45" y="2" fill="#000000" textLength="[39m[41m[30m63[39m[49m[34m" lengthAdjust="spacingAndGlyphs">cons[39m[41m[30mole[39m[49m[34m</text>[39m[90m␊[39m[34m[39m
  [31m-[39m [34m    <rect x="[39m[41m[30m1[39m[49m[34m0[39m[41m[30m8[39m[49m[34m" y="0" width="9" height="17" fill="#ffffff" />[39m[90m␊[39m[34m[39m
  [31m-[39m [34m    <[39m[41m[30mt[39m[49m[34me[39m[41m[30mx[39m[49m[34mt x="[39m[41m[30m108[39m[49m[34m" y="[39m[41m[30m2[39m[49m[34m" [39m[41m[30mf[39m[49m[34mi[39m[41m[30mll[39m[49m[34m="[39m[41m[30m#000000[39m[49m[34m" [39m[41m[30mtextL[39m[49m[34me[39m[41m[30mn[39m[49m[34mg[39m[41m[30mt[39m[49m[34mh[39m[34m="[39m[41m[30m9[39m[49m[34m" [39m[34ml[39m[41m[30mengthAdjust[39m[49m[34m="[39m[41m[30mspa[39m[49m[34mc[39m[41m[30mingAn[39m[49m[34md[39m[41m[30mGlyphs[39m[49m[34m"[39m[41m[30m>.<[39m[49m[34m/[39m[41m[30mtext[39m[49m[34m>[39m[90m␊[39m[34m[39m
  [31m-[39m [34m    <[39m[41m[30mr[39m[49m[34me[39m[41m[30mc[39m[49m[34mt x="[39m[41m[30m117[39m[49m[34m" y="[39m[41m[30m0[39m[49m[34m" [39m[41m[30mw[39m[49m[34mi[39m[41m[30mdth[39m[49m[34m="[39m[41m[30m27[39m[49m[34m" [39m[41m[30mh[39m[49m[34me[39m[41m[30mi[39m[49m[34mg[39m[34mh[39m[41m[30mt[39m[49m[34m="[39m[41m[30m17[39m[49m[34m" [39m[41m[30mfi[39m[49m[34ml[39m[41m[30ml[39m[49m[34m="[39m[41m[30m#cd[39m[49m[34mc[39m[34md[39m[41m[30m00[39m[49m[34m"[39m[41m[30m [39m[49m[34m/[39m[34m>[39m[90m␊[39m[34m[39m
  [31m-[39m [34m    <[39m[41m[30mt[39m[49m[34me[39m[41m[30mx[39m[49m[34mt x="1[39m[41m[30m17[39m[49m[34m" y="[39m[41m[30m2" fill="#00000[39m[49m[34m0" [39m[41m[30mtextLeng[39m[49m[34mth="27" [39m[41m[30ml[39m[49m[34me[39m[41m[30mn[39m[49m[34mg[39m[41m[30mt[39m[49m[34mh[39m[41m[30mAdjus[39m[49m[34mt="[39m[41m[30mspac[39m[49m[34mi[39m[41m[30mngAndG[39m[49m[34ml[39m[41m[30myphs[39m[49m[34m"[39m[41m[30m>log<[39m[49m[34m/[39m[41m[30mtext[39m[49m[34m>[39m[90m␊[39m[34m[39m
  [31m-[39m [34m    <[39m[41m[30mr[39m[49m[34me[39m[41m[30mc[39m[49m[34mt x="1[39m[41m[30m44[39m[49m[34m" y="[39m[41m[30m0[39m[49m[34m" [39m[41m[30mw[39m[49m[34mi[39m[41m[30mdth[39m[49m[34m="[39m[41m[30m9[39m[49m[34m" [39m[41m[30mh[39m[49m[34me[39m[41m[30mi[39m[49m[34mg[39m[34mh[39m[41m[30mt[39m[49m[34m="[39m[41m[30m1[39m[49m[34m7" [39m[41m[30mfi[39m[49m[34ml[39m[41m[30ml[39m[49m[34m="[39m[41m[30m#ffffff[39m[49m[34m"[39m[34m [39m[34m/[39m[34m>[39m[90m␊[39m[34m[39m
  [31m-[39m [34m    <[39m[41m[30mt[39m[49m[34me[39m[41m[30mx[39m[49m[34mt x="1[39m[41m[30m44[39m[49m[34m" y="[39m[41m[30m2[39m[49m[34m" [39m[41m[30mf[39m[49m[34mi[39m[41m[30mll[39m[49m[34m="[39m[41m[30m#000000[39m[49m[34m" [39m[41m[30mtextL[39m[49m[34me[39m[41m[30mn[39m[49m[34mg[39m[41m[30mt[39m[49m[34mh[39m[34m="[39m[41m[30m9[39m[49m[34m" [39m[34ml[39m[41m[30mengthAdjust[39m[49m[34m="[39m[41m[30mspa[39m[49m[34mc[39m[41m[30mingAn[39m[49m[34md[39m[41m[30mGlyphs[39m[49m[34m"[39m[41m[30m>(<[39m[49m[34m/[39m[41m[30mtext[39m[49m[34m>[39m[90m␊[39m[34m[39m
  [31m-[39m [34m    <text x="1[39m[41m[30m53[39m[49m[34m" y="2" fill="#[39m[41m[30mffffff[39m[49m[34m" textLength="[39m[41m[30m207[39m[49m[34m" lengthAdjust="spacingAndGlyphs">[39m[41m[30m           ││          [39m[49m[34m</text>[39m[90m␊[39m[34m[39m
  [31m-[39m [34m    <[39m[41m[30mt[39m[49m[34me[39m[41m[30mx[39m[49m[34mt x="[39m[41m[30m0[39m[49m[34m" y="[39m[41m[30m19[39m[49m[34m" [39m[41m[30mf[39m[49m[34mi[39m[41m[30mll[39m[49m[34m="[39m[41m[30m#ffffff[39m[49m[34m" [39m[41m[30mt[39m[49m[34me[39m[41m[30mxtLen[39m[49m[34mg[39m[34mt[39m[41m[30mh[39m[49m[34m="[39m[41m[30m45[39m[49m[34m" [39m[34ml[39m[41m[30mengthAdjust[39m[49m[34m="[39m[41m[30mspacingAndGlyphs[39m[49m[34m"[39m[41m[30m>││4 [39m[49m[34m [39m[41m[30m<[39m[49m[34m/[39m[41m[30mtext[39m[49m[34m>[39m[90m␊[39m[34m[39m
  [31m-[39m [34m    <[39m[41m[30mr[39m[49m[34me[39m[41m[30mc[39m[49m[34mt x="[39m[41m[30m4[39m[49m[34m5" y="[39m[41m[30m17[39m[49m[34m" [39m[41m[30mw[39m[49m[34mi[39m[41m[30mdth[39m[49m[34m="[39m[41m[30m18[39m[49m[34m" [39m[41m[30mh[39m[49m[34me[39m[41m[30mi[39m[49m[34mg[39m[34mh[39m[41m[30mt[39m[49m[34m="[39m[41m[30m17[39m[49m[34m" [39m[41m[30mfil[39m[49m[34ml[39m[34m="[39m[41m[30m#ffffff[39m[49m[34m"[39m[41m[30m [39m[49m[34m/[39m[34m>[39m[90m␊[39m[34m[39m
  [31m-[39m [34m    <[39m[41m[30mr[39m[49m[34me[39m[41m[30mc[39m[49m[34mt x="[39m[41m[30m6[39m[49m[34m3[39m[34m" y="[39m[41m[30m17[39m[49m[34m" [39m[41m[30mw[39m[49m[34mi[39m[41m[30mdth[39m[49m[34m="[39m[41m[30m72[39m[49m[34m" [39m[41m[30mh[39m[49m[34me[39m[41m[30mi[39m[49m[34mg[39m[34mh[39m[41m[30mt[39m[49m[34m="1[39m[41m[30m7[39m[49m[34m" [39m[41m[30mfi[39m[49m[34ml[39m[41m[30ml[39m[49m[34m="[39m[41m[30m#00[39m[49m[34mc[39m[34md[39m[41m[30mcd[39m[49m[34m"[39m[34m [39m[34m/[39m[34m>[39m[90m␊[39m[34m[39m
  [31m-[39m [34m    <text x="[39m[41m[30m63[39m[49m[34m" y="19" fill="#[39m[41m[30m000000[39m[49m[34m" textLength="[39m[41m[30m72[39m[49m[34m" lengthAdjust="spacingAndGlyphs">[39m[41m[30mgreeting[39m[49m[34m</text>[39m[90m␊[39m[34m[39m
  [31m-[39m [34m    <rect x="[39m[41m[30m13[39m[49m[34m5" y="17" width="[39m[41m[30m27[39m[49m[34m" height="17" fill="#[39m[41m[30mffffff[39m[49m[34m" />[39m[90m␊[39m[34m[39m
  [31m-[39m [34m    <text x="[39m[41m[30m13[39m[49m[34m5" y="19" fill="#000000" textLength="[39m[41m[30m27[39m[49m[34m" lengthAdjust="spacingAndGlyphs">[39m[41m[30m + [39m[49m[34m</text>[39m[90m␊[39m[34m[39m
  [31m-[39m [34m    <rect x="1[39m[41m[30m62[39m[49m[34m" y="17" width="[39m[41m[30m36[39m[49m[34m" height="17" fill="#[39m[41m[30m00cd00[39m[49m[34m" />[39m[90m␊[39m[34m[39m
  [31m-[39m [34m    <text x="1[39m[41m[30m62[39m[49m[34m" y="19" fill="#000000" textLength="[39m[41m[30m36[39m[49m[34m" lengthAdjust="spacingAndGlyphs">[39m[41m[30m&quot;, &quot;[39m[49m[34m</text>[39m[90m␊[39m[34m[39m
  [31m-[39m [34m    <rect x="1[39m[41m[30m98[39m[49m[34m" y="17" width="[39m[41m[30m18[39m[49m[34m" height="17" fill="#[39m[41m[30mffffff[39m[49m[34m" />[39m[90m␊[39m[34m[39m
  [31m-[39m [34m    <text x="1[39m[41m[30m98[39m[49m[34m" y="19" fill="#000000" textLength="[39m[41m[30m18[39m[49m[34m" lengthAdjust="spacingAndGlyphs">[39m[41m[30m +[39m[49m[34m</text>[39m[90m␊[39m[34m[39m
  [31m-[39m [34m    <[39m[41m[30mt[39m[49m[34me[39m[41m[30mx[39m[49m[34mt x="[39m[41m[30m2[39m[49m[34m1[39m[41m[30m6[39m[49m[34m" y="1[39m[41m[30m9[39m[49m[34m" [39m[41m[30mf[39m[49m[34mi[39m[41m[30mll[39m[49m[34m="[39m[41m[30m#ffffff[39m[49m[34m" [39m[41m[30mtextL[39m[49m[34me[39m[41m[30mn[39m[49m[34mg[39m[41m[30mt[39m[49m[34mh[39m[34m="1[39m[41m[30m44[39m[49m[34m" [39m[34ml[39m[41m[30mengthAdjust[39m[49m[34m="[39m[41m[30mspacingAndGlyphs[39m[49m[34m"[39m[41m[30m>    ││  [39m[49m[34m [39m[41m[30m       <[39m[49m[34m/[39m[41m[30mtext[39m[49m[34m>[39m[90m␊[39m[34m[39m
  [31m-[39m [34m    <text x="[39m[41m[30m0[39m[49m[34m" y="[39m[41m[30m36[39m[49m[34m" fill="#[39m[41m[30mffffff[39m[49m[34m" textLength="[39m[41m[30m45[39m[49m[34m" lengthAdjust="spacingAndGlyphs">[39m[41m[30m││   [39m[49m[34m</text>[39m[90m␊[39m[34m[39m
  [31m-[39m [34m    <[39m[41m[30mr[39m[49m[34me[39m[41m[30mc[39m[49m[34mt x="[39m[41m[30m4[39m[49m[34m5[39m[34m" y="[39m[41m[30m34[39m[49m[34m" [39m[41m[30mw[39m[49m[34mi[39m[41m[30mdth[39m[49m[34m="[39m[41m[30m36[39m[49m[34m" [39m[41m[30mh[39m[49m[34me[39m[41m[30mi[39m[49m[34mg[39m[41m[30mh[39m[49m[34mt[39m[34m="[39m[41m[30m1[39m[49m[34m7" [39m[41m[30mfi[39m[49m[34ml[39m[41m[30ml[39m[49m[34m="[39m[41m[30m#00[39m[49m[34mc[39m[41m[30mdc[39m[49m[34md[39m[34m"[39m[34m [39m[34m/[39m[34m>[39m[90m␊[39m[34m[39m
  [31m-[39m [34m    <text x="[39m[41m[30m45[39m[49m[34m" y="36" fill="#[39m[41m[30m000000[39m[49m[34m" textLength="[39m[41m[30m36[39m[49m[34m" lengthAdjust="spacingAndGlyphs">[39m[41m[30mname[39m[49m[34m</text>[39m[90m␊[39m[34m[39m
  [31m-[39m [34m    <rect x="[39m[41m[30m81[39m[49m[34m" y="34" width="[39m[41m[30m27[39m[49m[34m" height="17" fill="#ffffff" />[39m[90m␊[39m[34m[39m
  [31m-[39m [34m    <[39m[41m[30mt[39m[49m[34me[39m[41m[30mx[39m[49m[34mt x="[39m[41m[30m81[39m[49m[34m" y="3[39m[41m[30m6[39m[49m[34m" [39m[41m[30mf[39m[49m[34mi[39m[41m[30mll[39m[49m[34m="[39m[41m[30m#000000[39m[49m[34m" [39m[41m[30mtextL[39m[49m[34me[39m[41m[30mn[39m[49m[34mg[39m[41m[30mt[39m[49m[34mh[39m[34m="[39m[41m[30m2[39m[49m[34m7" [39m[34ml[39m[41m[30mengthAdjust[39m[49m[34m="[39m[41m[30mspa[39m[49m[34mc[39m[41m[30mingAn[39m[49m[34md[39m[41m[30mGlyphs[39m[49m[34m"[39m[41m[30m>[39m[49m[34m [39m[41m[30m+ <[39m[49m[34m/[39m[41m[30mtext[39m[49m[34m>[39m[90m␊[39m[34m[39m
  [31m-[39m [34m    <[39m[41m[30mr[39m[49m[34me[39m[41m[30mc[39m[49m[34mt x="[39m[41m[30m108[39m[49m[34m" y="3[39m[41m[30m4[39m[49m[34m" [39m[41m[30mw[39m[49m[34mi[39m[41m[30mdth[39m[49m[34m="[39m[41m[30m81[39m[49m[34m" [39m[41m[30mh[39m[49m[34me[39m[41m[30mi[39m[49m[34mg[39m[41m[30mh[39m[49m[34mt[39m[34m="[39m[41m[30m1[39m[49m[34m7[39m[34m" [39m[41m[30mfi[39m[49m[34ml[39m[41m[30ml[39m[49m[34m="[39m[41m[30m#00[39m[49m[34mc[39m[34md[39m[41m[30m00[39m[49m[34m"[39m[41m[30m [39m[49m[34m/[39m[34m>[39m[90m␊[39m[34m[39m
  [31m-[39m [34m    <[39m[41m[30mt[39m[49m[34me[39m[41m[30mx[39m[49m[34mt x="1[39m[41m[30m08[39m[49m[34m" y="3[39m[41m[30m6[39m[49m[34m" [39m[41m[30mf[39m[49m[34mi[39m[41m[30mll[39m[49m[34m="[39m[41m[30m#000000[39m[49m[34m" [39m[41m[30mt[39m[49m[34me[39m[41m[30mxtLen[39m[49m[34mg[39m[41m[30mt[39m[49m[34mh[39m[34m="[39m[41m[30m8[39m[49m[34m1[39m[34m" [39m[34ml[39m[41m[30mengthAdjust[39m[49m[34m="[39m[41m[30mspacingAndGlyphs[39m[49m[34m"[39m[41m[30m>&quot;[39m[49m[34m [39m[41m[30m(wrap)&quot;<[39m[49m[34m/[39m[41m[30mtext[39m[49m[34m>[39m[90m␊[39m[34m[39m
  [31m-[39m [34m    <text x="1[39m[41m[30m89[39m[49m[34m" y="36" fill="#[39m[41m[30mffffff[39m[49m[34m" textLength="[39m[41m[30m1[39m[49m[34m7[39m[41m[30m1[39m[49m[34m" lengthAdjust="spacingAndGlyphs"> [39m[41m[30m      ││         [39m[49m[34m </text>[39m[90m␊[39m[34m[39m
  [31m-[39m [34m    <[39m[41m[30mt[39m[49m[34me[39m[41m[30mx[39m[49m[34mt x="[39m[41m[30m0[39m[49m[34m" y="[39m[41m[30m5[39m[49m[34m3[39m[34m" [39m[41m[30mf[39m[49m[34mi[39m[41m[30mll[39m[49m[34m="[39m[41m[30m#ffffff[39m[49m[34m" [39m[41m[30mt[39m[49m[34me[39m[41m[30mxtLen[39m[49m[34mg[39m[34mt[39m[41m[30mh[39m[49m[34m="[39m[41m[30m45[39m[49m[34m" [39m[34ml[39m[41m[30mengthAdjust[39m[49m[34m="[39m[41m[30mspa[39m[49m[34mc[39m[41m[30mingAn[39m[49m[34md[39m[41m[30mGlyphs[39m[49m[34m"[39m[41m[30m>││5 [39m[49m[34m [39m[41m[30m<[39m[49m[34m/[39m[41m[30mtext[39m[49m[34m>[39m[90m␊[39m[34m[39m
  [31m-[39m [34m    <[39m[41m[30mr[39m[49m[34me[39m[41m[30mc[39m[49m[34mt x="[39m[41m[30m45[39m[49m[34m" y="[39m[41m[30m51[39m[49m[34m" [39m[41m[30mw[39m[49m[34mi[39m[41m[30md[39m[49m[34mth="[39m[41m[30m18[39m[49m[34m" [39m[41m[30mh[39m[49m[34me[39m[41m[30mi[39m[49m[34mg[39m[34mh[39m[34mt="[39m[41m[30m17" f[39m[49m[34mi[39m[41m[30ml[39m[49m[34ml[39m[41m[30m=[39m[49m[34m"[39m[41m[30m#ffffff"[39m[49m[34m [39m[34m/[39m[34m>[39m[90m␊[39m[34m[39m
  [31m-[39m [34m    <[39m[41m[30mt[39m[49m[34me[39m[41m[30mx[39m[49m[34mt x="[39m[41m[30m45[39m[49m[34m" y="[39m[41m[30m5[39m[49m[34m3[39m[34m" [39m[41m[30mf[39m[49m[34mi[39m[41m[30mll="#000000" textLeng[39m[49m[34mth="18" [39m[41m[30ml[39m[49m[34me[39m[41m[30mn[39m[49m[34mg[39m[41m[30mt[39m[49m[34mh[39m[41m[30mAdjus[39m[49m[34mt="[39m[41m[30mspac[39m[49m[34mi[39m[41m[30mngAndG[39m[49m[34ml[39m[41m[30myphs[39m[49m[34m"[39m[41m[30m>);<[39m[49m[34m/[39m[41m[30mtext[39m[49m[34m>[39m[90m␊[39m[34m[39m
  [31m-[39m [34m    <text x="[39m[41m[30m63[39m[49m[34m" y="[39m[41m[30m5[39m[49m[34m3[39m[34m" fill="#[39m[41m[30mffffff[39m[49m[34m" textLength="[39m[41m[30m297[39m[49m[34m" lengthAdjust="spacingAndGlyphs"> [39m[41m[30m                    ││          [39m[49m[34m</text>[39m[90m␊[39m[34m[39m
  [31m-[39m [34m    <text x="[39m[41m[30m0[39m[49m[34m" y="[39m[41m[30m70[39m[49m[34m" fill="#ffffff" textLength="[39m[41m[30m360[39m[49m[34m" lengthAdjust="spacingAndGlyphs">[39m[34m│[39m[41m[30m└──────────────────────────┘[39m[49m[34m│          </text>[39m[90m␊[39m[34m[39m
  [31m-[39m [34m    <text x="0" y="[39m[41m[30m87[39m[49m[34m" fill="#ffffff" textLength="[39m[41m[30m360[39m[49m[34m" lengthAdjust="spacingAndGlyphs">[39m[41m[30m└────────────────────────────┘       [39m[49m[34m   </text>[39m[90m␊[39m[34m[39m
  [31m-[39m [34m    <[39m[41m[30mt[39m[49m[34me[39m[41m[30mx[39m[49m[34mt x="[39m[41m[30m0[39m[49m[34m" y="[39m[41m[30m12[39m[49m[34m1" [39m[41m[30mf[39m[49m[34mi[39m[41m[30mll="#ffffff" textLeng[39m[49m[34mth="36[39m[41m[30m0[39m[49m[34m" [39m[41m[30ml[39m[49m[34me[39m[41m[30mn[39m[49m[34mg[39m[41m[30mt[39m[49m[34mh[39m[41m[30mAdjus[39m[49m[34mt="[39m[41m[30mspac[39m[49m[34mi[39m[41m[30mngAndG[39m[49m[34ml[39m[41m[30myphs[39m[49m[34m"[39m[41m[30m>Cursor: [39m[49m[34m0[39m[41m[30m, 24                 [39m[49m[34m [39m[41m[30m         <[39m[49m[34m/[39m[41m[30mtext[39m[49m[34m>[39m[90m␊[39m[34m[39m
  [31m-[39m [34m    <text x="[39m[41m[30m0[39m[49m[34m" y="[39m[41m[30m1[39m[49m[34m3[39m[41m[30m8[39m[49m[34m" fill="#[39m[41m[30mffffff[39m[49m[34m" textLength="36[39m[41m[30m0[39m[49m[34m" lengthAdjust="spacingAndGlyphs">[39m[41m[30mFull T[39m[49m[34me[39m[41m[30mxt Length: 372                   [39m[49m[34m</text>[39m[90m␊[39m[34m[39m
  [31m-[39m [34m    <[39m[41m[30mt[39m[49m[34me[39m[41m[30mx[39m[49m[34mt x="[39m[41m[30m0[39m[49m[34m" y="[39m[41m[30m1[39m[49m[34m5[39m[41m[30m5[39m[49m[34m" [39m[41m[30mf[39m[49m[34mi[39m[41m[30mll="#ffffff" textLeng[39m[49m[34mth="[39m[41m[30m360[39m[49m[34m" [39m[41m[30ml[39m[49m[34me[39m[41m[30mn[39m[49m[34mg[39m[41m[30mt[39m[49m[34mh[39m[41m[30mAdjus[39m[49m[34mt="[39m[41m[30mspacingAndGlyphs[39m[49m[34m"[39m[41m[30m>Full[39m[49m[34m [39m[41m[30mText JSON: &quot;He[39m[49m[34mll[39m[41m[30mo World\\n\\n This[39m[49m[34m [39m[41m[30mis<[39m[49m[34m/[39m[41m[30mtext[39m[49m[34m>[39m[90m␊[39m[34m[39m
  [31m-[39m [34m    <text x="[39m[41m[30m0[39m[49m[34m" y="[39m[41m[30m172[39m[49m[34m" fill="#[39m[41m[30mffffff[39m[49m[34m" textLength="[39m[41m[30m360[39m[49m[34m" lengthAdjust="spacingAndGlyphs">[39m[41m[30ma[39m[49m[34m [39m[41m[30mtest\\n\\nRow ARow B\\nThis is a very   [39m[49m[34m </text>[39m[90m␊[39m[34m[39m
  [31m-[39m [34m    <[39m[41m[30mt[39m[49m[34me[39m[41m[30mx[39m[49m[34mt x="[39m[34m0[39m[34m" y="[39m[34m1[39m[41m[30m89[39m[49m[34m" [39m[41m[30mf[39m[49m[34mi[39m[41m[30mll[39m[49m[34m="[39m[41m[30m#ffffff[39m[49m[34m" [39m[41m[30mtextL[39m[49m[34me[39m[41m[30mn[39m[49m[34mg[39m[41m[30mt[39m[49m[34mh[39m[34m="[39m[41m[30m360[39m[49m[34m" [39m[34ml[39m[41m[30mengthAdjust[39m[49m[34m="[39m[41m[30mspa[39m[49m[34mc[39m[41m[30mingAn[39m[49m[34md[39m[41m[30mGlyphs[39m[49m[34m"[39m[41m[30m>long text\\nthat[39m[49m[34m [39m[41m[30mis intended to          <[39m[49m[34m/[39m[41m[30mtext[39m[49m[34m>[39m[90m␊[39m[34m[39m
  [31m-[39m [34m    <text x="[39m[34m0[39m[34m" y="[39m[41m[30m206[39m[49m[34m" fill="#[39m[41m[30mffffff[39m[49m[34m" textLength="[39m[41m[30m360[39m[49m[34m" lengthAdjust="spacingAndGlyphs">[39m[34mwrap[39m[41m[30m\\nbeca[39m[49m[34mu[39m[41m[30mse the c[39m[49m[34mo[39m[41m[30mn[39m[49m[34mt[39m[41m[30mainer width\\nis   [39m[49m[34m</text>[39m[90m␊[39m[34m[39m
  [31m-[39m [34m    <text x="[39m[41m[30m0[39m[49m[34m" y="[39m[41m[30m22[39m[49m[34m3" fill="#ffffff" textLength="[39m[41m[30m360[39m[49m[34m" lengthAdjust="spacingAndGlyphs">[39m[41m[30mfixed[39m[49m[34m [39m[41m[30mto[39m[49m[34m [39m[41m[30m20[39m[49m[34m [39m[41m[30mcharacters.\\nThis[39m[49m[34m [39m[41m[30mis[39m[49m[34m [39m[41m[30ma[39m[49m[34m [39m[41m[30mvery[39m[49m[34m </text>[39m[90m␊[39m[34m[39m
  [31m-[39m [34m    <text x="0" y="[39m[41m[30m24[39m[49m[34m0" fill="#ffffff" textLength="[39m[41m[30m360[39m[49m[34m" lengthAdjust="spacingAndGlyphs">[39m[41m[30mlong text\\nthat is intended to        [39m[49m[34m  </text>[39m[90m␊[39m[34m[39m
  [31m-[39m [34m    <[39m[41m[30mt[39m[49m[34me[39m[41m[30mx[39m[49m[34mt x="[39m[41m[30m0[39m[49m[34m" y="[39m[41m[30m257[39m[49m[34m" [39m[41m[30mf[39m[49m[34mi[39m[41m[30mll[39m[49m[34m="[39m[41m[30m#ffffff[39m[49m[34m" [39m[41m[30mtextL[39m[49m[34me[39m[41m[30mn[39m[49m[34mg[39m[41m[30mt[39m[49m[34mh[39m[34m="[39m[41m[30m360[39m[49m[34m" [39m[34ml[39m[41m[30mengthAdjust[39m[49m[34m="[39m[41m[30mspacingAndGlyphs[39m[49m[34m"[39m[41m[30m>wrap\\nbecause[39m[49m[34m [39m[41m[30mthe container width\\nis   <[39m[49m[34m/[39m[41m[30mtext[39m[49m[34m>[39m[90m␊[39m[34m[39m
  [31m-[39m [34m    <text x="[39m[41m[30m0[39m[49m[34m" y="[39m[41m[30m2[39m[49m[34m7[39m[41m[30m4[39m[49m[34m" fill="#[39m[41m[30mffffff[39m[49m[34m" textLength="[39m[41m[30m360[39m[49m[34m" lengthAdjust="spacingAndGlyphs">[39m[41m[30mfixed to 20 ch\\n\\n\\n    const greeting  [39m[49m[34m</text>[39m[90m␊[39m[34m[39m
  [31m-[39m [34m    <text x="[39m[41m[30m0[39m[49m[34m" y="[39m[41m[30m291[39m[49m[34m" fill="#ffffff" textLength="[39m[41m[30m360[39m[49m[34m" lengthAdjust="spacingAndGlyphs">[39m[41m[30m=\\n[39m[49m[34m    [39m[41m[30m\\&quot;Hello\\&quot;;\\n[39m[49m[34m [39m[34m   [39m[41m[30mconst[39m[49m[34m [39m[41m[30mname[39m[49m[34m [39m[41m[30m=[39m[49m[34m     </text>[39m[90m␊[39m[34m[39m
  [31m-[39m [34m    <text x="0" y="[39m[41m[30m30[39m[49m[34m8[39m[34m" fill="#ffffff" textLength="360" lengthAdjust="spacingAndGlyphs">[39m[41m[30m\\&quot;World\\&quot;;\\n    console.log(\\n[39m[49m[34m          </text>[39m[90m␊[39m[34m[39m
  [31m-[39m [34m    <text x="0" y="[39m[41m[30m325[39m[49m[34m" fill="#ffffff" textLength="360" lengthAdjust="spacingAndGlyphs">[39m[41m[30mgreeting[39m[49m[34m [39m[41m[30m+[39m[49m[34m [39m[41m[30m\\&quot;, \\&quot; +\\n[39m[49m[34m  [39m[41m[30m  name + \\&quot;[39m[49m[34m      </text>[39m[90m␊[39m[34m[39m
  [31m-[39m [34m    <text x="0" y="[39m[34m3[39m[41m[30m42[39m[49m[34m" fill="#ffffff" textLength="360" lengthAdjust="spacingAndGlyphs">[39m[41m[30m(w[39m[49m[34mr[39m[41m[30map)\\&qu[39m[49m[34mo[39m[41m[30mt;\\n[39m[49m[34m    [39m[41m[30m);&quot;[39m[49m[34m                       </text>[39m[90m␊[39m[34m[39m
  [31m-[39m [34m    <text x="0" y="[39m[41m[30m3[39m[49m[34m5[39m[41m[30m9[39m[49m[34m" fill="#ffffff" textLength="360" lengthAdjust="spacingAndGlyphs">[39m[41m[30manchorPoi[39m[49m[34mn[39m[34mt[39m[34m: [39m[41m[30m0,[39m[49m[34m [39m[41m[30mink-static-render[39m[49m[34m       </text>[39m[90m␊[39m[34m[39m
  [31m-[39m [34m    <text x="0" y="[39m[41m[30m3[39m[49m[34m7[39m[41m[30m6[39m[49m[34m" fill="#ffffff" textLength="360" lengthAdjust="spacingAndGlyphs">[39m[41m[30mfoc[39m[49m[34mu[39m[41m[30msPoin[39m[49m[34mt[39m[34m: [39m[41m[30m372,[39m[49m[34m [39m[41m[30mink-static-[39m[49m[34mr[39m[41m[30men[39m[49m[34md[39m[41m[30mer[39m[49m[34m [39m[41m[30m    [39m[49m[34m [39m[34m</text>[39m[90m␊[39m[34m[39m
  [31m-[39m [34m    <text x="0" y="[39m[41m[30m3[39m[49m[34m9[39m[41m[30m3[39m[49m[34m" fill="#ffffff" textLength="360" lengthAdjust="spacingAndGlyphs">[39m[41m[30m┌──────────────────────────────────────┐[39m[49m[34m</text>[39m[90m␊[39m[34m[39m
  [31m-[39m [34m    <text x="0" y="[39m[41m[30m41[39m[49m[34m0[39m[34m" fill="#ffffff" textLength="360" lengthAdjust="spacingAndGlyphs">[39m[41m[30m│Se[39m[49m[34ml[39m[41m[30mec[39m[49m[34mte[39m[41m[30md Te[39m[49m[34mxt[39m[41m[30m:[39m[49m[34m [39m[34m [39m[41m[30m           [39m[49m[34m          [39m[41m[30m │[39m[49m[34m</text>[39m[90m␊[39m[34m[39m
  [31m-[39m [34m    <text x="0" y="[39m[41m[30m4[39m[49m[34m2[39m[41m[30m7[39m[49m[34m" fill="#ffffff" textLength="360" lengthAdjust="spacingAndGlyphs">[39m[41m[30m│H[39m[49m[34me[39m[41m[30mllo[39m[49m[34m [39m[41m[30mW[39m[49m[34mo[39m[34mr[39m[41m[30mld [39m[49m[34m [39m[41m[30m       [39m[49m[34m   [39m[41m[30m               │[39m[49m[34m</text>[39m[90m␊[39m[34m[39m
  [31m-[39m [34m    <text x="0" y="[39m[41m[30m44[39m[49m[34m4[39m[34m" fill="#ffffff" textLength="360" lengthAdjust="spacingAndGlyphs">[39m[41m[30m│[39m[49m[34m [39m[34m [39m[34m [39m[34m [39m[34m [39m[34m [39m[41m[30m                [39m[49m[34m [39m[41m[30m               │[39m[49m[34m</text>[39m[90m␊[39m[34m[39m
  [31m-[39m [34m    <text x="0" y="[39m[41m[30m461[39m[49m[34m" fill="#ffffff" textLength="360" lengthAdjust="spacingAndGlyphs">[39m[41m[30m│[39m[49m[34m [39m[41m[30mT[39m[49m[34mh[39m[34mis i[39m[41m[30ms a [39m[49m[34mte[39m[41m[30ms[39m[49m[34mt[39m[41m[30m    [39m[49m[34m          [39m[41m[30m         │[39m[49m[34m</text>[39m[90m␊[39m[34m[39m
  [31m-[39m [34m    <text x="0" y="[39m[41m[30m4[39m[49m[34m7[39m[41m[30m8[39m[49m[34m" fill="#ffffff" textLength="360" lengthAdjust="spacingAndGlyphs">[39m[41m[30m│                                [39m[49m[34m [39m[34m [39m[34m [39m[34m   [39m[41m[30m│[39m[49m[34m</text>[39m[90m␊[39m[34m[39m
  [31m-[39m [34m    <text x="0" y="[39m[41m[30m4[39m[49m[34m9[39m[41m[30m5[39m[49m[34m" fill="#ffffff" textLength="360" lengthAdjust="spacingAndGlyphs">[39m[41m[30m│Row[39m[49m[34m [39m[41m[30mAR[39m[49m[34mo[39m[41m[30mw[39m[49m[34m [39m[41m[30mB[39m[49m[34m [39m[34m    [39m[41m[30m               [39m[49m[34m [39m[41m[30m   [39m[49m[34m  [39m[41m[30m  │[39m[49m[34m</text>[39m[90m␊[39m[34m[39m
  [31m-[39m [34m    <text x="0" y="[39m[41m[30m512[39m[49m[34m" fill="#ffffff" textLength="360" lengthAdjust="spacingAndGlyphs">[39m[41m[30m│This[39m[49m[34m [39m[41m[30mis[39m[49m[34m [39m[41m[30ma[39m[49m[34m [39m[41m[30mvery[39m[49m[34m [39m[41m[30ml[39m[49m[34mo[39m[41m[30mng [39m[49m[34mt[39m[34me[39m[41m[30mx[39m[49m[34mt[39m[41m[30m   [39m[49m[34m    [39m[34m [39m[34m     [39m[41m[30m │[39m[49m[34m</text>[39m[90m␊[39m[34m[39m
  [31m-[39m [34m    <text x="0" y="[39m[41m[30m5[39m[49m[34m2[39m[41m[30m9[39m[49m[34m" fill="#ffffff" textLength="360" lengthAdjust="spacingAndGlyphs">[39m[41m[30m│that is intended [39m[49m[34mt[39m[34mo[39m[41m[30m w[39m[49m[34mr[39m[41m[30map[39m[49m[34m    [39m[34m          [39m[41m[30m│[39m[49m[34m</text>[39m[90m␊[39m[34m[39m
  [31m-[39m [34m    <text x="0" y="[39m[41m[30m5[39m[49m[34m4[39m[41m[30m6[39m[49m[34m" fill="#ffffff" textLength="360" lengthAdjust="spacingAndGlyphs">[39m[41m[30m│b[39m[49m[34me[39m[41m[30mcaus[39m[49m[34me[39m[34m [39m[34mt[39m[41m[30mhe[39m[49m[34m [39m[41m[30mc[39m[49m[34mo[39m[41m[30mn[39m[49m[34mt[39m[41m[30mai[39m[49m[34mn[39m[41m[30mer[39m[49m[34m [39m[41m[30mwidth[39m[49m[34m   [39m[34m [39m[34m [39m[34m      [39m[41m[30m│[39m[49m[34m</text>[39m[90m␊[39m[34m[39m
  [31m-[39m [34m    <text x="0" y="[39m[41m[30m56[39m[49m[34m3[39m[34m" fill="#ffffff" textLength="360" lengthAdjust="spacingAndGlyphs">[39m[41m[30m│is[39m[49m[34m [39m[41m[30mfixed[39m[49m[34m [39m[41m[30mto[39m[49m[34m [39m[41m[30m20[39m[49m[34m [39m[41m[30mcharac[39m[49m[34mt[39m[41m[30mers.[39m[49m[34m            [39m[41m[30m│[39m[49m[34m</text>[39m[90m␊[39m[34m[39m
  [31m-[39m [34m    <text x="0" y="[39m[41m[30m580[39m[49m[34m" fill="#ffffff" textLength="360" lengthAdjust="spacingAndGlyphs">[39m[41m[30m│T[39m[49m[34mh[39m[34mi[39m[41m[30ms[39m[49m[34m i[39m[34ms[39m[41m[30m [39m[49m[34ma[39m[41m[30m ve[39m[49m[34mr[39m[41m[30my lo[39m[49m[34mn[39m[41m[30mg t[39m[49m[34me[39m[41m[30mxt       [39m[49m[34m       [39m[41m[30m│[39m[49m[34m</text>[39m[90m␊[39m[34m[39m
  [31m-[39m [34m    <text x="0" y="[39m[41m[30m5[39m[49m[34m9[39m[41m[30m7[39m[49m[34m" fill="#ffffff" textLength="360" lengthAdjust="spacingAndGlyphs">[39m[41m[30m│[39m[49m[34mt[39m[41m[30mhat[39m[49m[34m [39m[41m[30mis[39m[49m[34m in[39m[34mt[39m[34mende[39m[41m[30md to w[39m[49m[34mr[39m[41m[30map[39m[49m[34m      [39m[41m[30m        │[39m[49m[34m</text>[39m[90m␊[39m[34m[39m
  [31m-[39m [34m    <text x="0" y="[39m[41m[30m61[39m[49m[34m4[39m[34m" fill="#ffffff" textLength="360" lengthAdjust="spacingAndGlyphs">[39m[41m[30m│because the container width           │[39m[49m[34m</text>[39m[90m␊[39m[34m[39m
  [31m-[39m [34m    <text x="0" y="[39m[41m[30m631[39m[49m[34m" fill="#ffffff" textLength="360" lengthAdjust="spacingAndGlyphs">│[39m[41m[30mis fix[39m[49m[34med [39m[34mt[39m[41m[30mo[39m[49m[34m [39m[41m[30m20[39m[49m[34m [39m[41m[30mch[39m[49m[34m                     │</text>[39m[90m␊[39m[34m[39m
  [31m-[39m [34m    <text x="0" y="[39m[41m[30m6[39m[49m[34m4[39m[41m[30m8[39m[49m[34m" fill="#ffffff" textLength="360" lengthAdjust="spacingAndGlyphs">│[39m[41m[30m          [39m[49m[34m [39m[34m                           │</text>[39m[90m␊[39m[34m[39m
  [32m+[39m [34m    <text x="0" y="2" fill="#ffffff" textLength="45" lengthAdjust="spacingAndGlyphs">││[39m[42m[30m2[39m[49m[34m  </text>[39m[90m␊[39m[34m[39m
  [32m+[39m [34m    <rect x="45" y="0" width="[39m[42m[30m45[39m[49m[34m" height="17" fill="#cd[39m[42m[30m00[39m[49m[34mcd[39m[34m" />[39m[90m␊[39m[34m[39m
  [32m+[39m [34m    <text x="45" y="2" fill="#000000" textLength="[39m[42m[30m45[39m[49m[34m" lengthAdjust="spacingAndGlyphs">cons[39m[42m[30mt[39m[49m[34m</text>[39m[90m␊[39m[34m[39m
  [32m+[39m [34m    <rect x="[39m[42m[30m9[39m[49m[34m0[39m[34m" y="0" width="9" height="17" fill="#ffffff" />[39m[90m␊[39m[34m[39m
  [32m+[39m [34m    <[39m[42m[30mr[39m[49m[34me[39m[42m[30mc[39m[49m[34mt x="[39m[42m[30m99[39m[49m[34m" y="[39m[42m[30m0[39m[49m[34m" [39m[42m[30mw[39m[49m[34mi[39m[42m[30mdth[39m[49m[34m="[39m[42m[30m36[39m[49m[34m" [39m[42m[30mh[39m[49m[34me[39m[42m[30mi[39m[49m[34mg[39m[34mh[39m[42m[30mt[39m[49m[34m="[39m[42m[30m17[39m[49m[34m" [39m[42m[30mfi[39m[49m[34ml[39m[42m[30ml[39m[49m[34m="[39m[42m[30m#00[39m[49m[34mc[39m[34md[39m[42m[30mcd[39m[49m[34m"[39m[42m[30m [39m[49m[34m/[39m[34m>[39m[90m␊[39m[34m[39m
  [32m+[39m [34m    <[39m[42m[30mt[39m[49m[34me[39m[42m[30mx[39m[49m[34mt x="[39m[42m[30m99[39m[49m[34m" y="[39m[42m[30m2[39m[49m[34m" [39m[42m[30mf[39m[49m[34mi[39m[42m[30mll[39m[49m[34m="[39m[42m[30m#000000[39m[49m[34m" [39m[42m[30mtextL[39m[49m[34me[39m[42m[30mn[39m[49m[34mg[39m[42m[30mt[39m[49m[34mh[39m[34m="[39m[42m[30m36[39m[49m[34m" [39m[34ml[39m[42m[30mengthAdjust[39m[49m[34m="[39m[42m[30mspa[39m[49m[34mc[39m[42m[30mingAn[39m[49m[34md[39m[42m[30mGlyphs[39m[49m[34m"[39m[42m[30m>name<[39m[49m[34m/[39m[42m[30mtext[39m[49m[34m>[39m[90m␊[39m[34m[39m
  [32m+[39m [34m    <[39m[42m[30mr[39m[49m[34me[39m[42m[30mc[39m[49m[34mt x="1[39m[42m[30m35[39m[49m[34m" y="[39m[34m0" [39m[42m[30mwid[39m[49m[34mth="27" [39m[42m[30mh[39m[49m[34me[39m[42m[30mi[39m[49m[34mg[39m[34mh[39m[34mt="[39m[42m[30m17" f[39m[49m[34mi[39m[42m[30ml[39m[49m[34ml[39m[42m[30m="#ffffff[39m[49m[34m"[39m[42m[30m [39m[49m[34m/[39m[34m>[39m[90m␊[39m[34m[39m
  [32m+[39m [34m    <[39m[42m[30mt[39m[49m[34me[39m[42m[30mx[39m[49m[34mt x="1[39m[42m[30m35[39m[49m[34m" y="[39m[42m[30m2[39m[49m[34m" [39m[42m[30mf[39m[49m[34mi[39m[42m[30mll[39m[49m[34m="[39m[42m[30m#000000[39m[49m[34m" [39m[42m[30mt[39m[49m[34me[39m[42m[30mxtLen[39m[49m[34mg[39m[42m[30mt[39m[49m[34mh[39m[34m="[39m[42m[30m2[39m[49m[34m7" [39m[34ml[39m[42m[30mengthAdjust[39m[49m[34m="[39m[42m[30mspacingAndGlyphs[39m[49m[34m"[39m[42m[30m> =[39m[49m[34m [39m[42m[30m<[39m[49m[34m/[39m[42m[30mtext[39m[49m[34m>[39m[90m␊[39m[34m[39m
  [32m+[39m [34m    <[39m[42m[30mr[39m[49m[34me[39m[42m[30mc[39m[49m[34mt x="1[39m[42m[30m62[39m[49m[34m" y="[39m[42m[30m0[39m[49m[34m" [39m[42m[30mw[39m[49m[34mi[39m[42m[30mdth[39m[49m[34m="[39m[42m[30m63[39m[49m[34m" [39m[42m[30mh[39m[49m[34me[39m[42m[30mi[39m[49m[34mg[39m[34mh[39m[42m[30mt[39m[49m[34m="[39m[42m[30m17[39m[49m[34m" [39m[42m[30mfi[39m[49m[34ml[39m[42m[30ml[39m[49m[34m="[39m[42m[30m#00[39m[49m[34mc[39m[34md[39m[42m[30m00[39m[49m[34m"[39m[42m[30m [39m[49m[34m/[39m[34m>[39m[90m␊[39m[34m[39m
  [32m+[39m [34m    <text x="1[39m[42m[30m62[39m[49m[34m" y="2" fill="#[39m[42m[30m000000[39m[49m[34m" textLength="[39m[42m[30m63[39m[49m[34m" lengthAdjust="spacingAndGlyphs">[39m[42m[30m&quot;World&quot;[39m[49m[34m</text>[39m[90m␊[39m[34m[39m
  [32m+[39m [34m    <[39m[42m[30mr[39m[49m[34me[39m[42m[30mc[39m[49m[34mt x="[39m[42m[30m225[39m[49m[34m" y="[39m[42m[30m0[39m[49m[34m" [39m[42m[30mw[39m[49m[34mi[39m[42m[30mdth[39m[49m[34m="[39m[42m[30m9[39m[49m[34m" [39m[42m[30mh[39m[49m[34me[39m[42m[30mi[39m[49m[34mg[39m[42m[30mh[39m[49m[34mt[39m[34m="[39m[42m[30m17[39m[49m[34m" [39m[42m[30mfi[39m[49m[34ml[39m[42m[30ml[39m[49m[34m="[39m[42m[30m#ffffff[39m[49m[34m"[39m[34m [39m[34m/[39m[34m>[39m[90m␊[39m[34m[39m
  [32m+[39m [34m    <[39m[42m[30mt[39m[49m[34me[39m[42m[30mx[39m[49m[34mt x="[39m[42m[30m22[39m[49m[34m5" y="[39m[42m[30m2[39m[49m[34m" [39m[42m[30mf[39m[49m[34mi[39m[42m[30mll[39m[49m[34m="[39m[42m[30m#000000[39m[49m[34m" [39m[42m[30mtextL[39m[49m[34me[39m[42m[30mn[39m[49m[34mg[39m[42m[30mt[39m[49m[34mh[39m[34m="[39m[42m[30m9[39m[49m[34m" [39m[34ml[39m[42m[30mengthAdjust[39m[49m[34m="[39m[42m[30mspacingAndGlyphs[39m[49m[34m"[39m[42m[30m>;<[39m[49m[34m/[39m[42m[30mtext[39m[49m[34m>[39m[90m␊[39m[34m[39m
  [32m+[39m [34m    <[39m[42m[30mt[39m[49m[34me[39m[42m[30mx[39m[49m[34mt x="[39m[42m[30m2[39m[49m[34m3[39m[42m[30m4[39m[49m[34m" y="[39m[42m[30m2[39m[49m[34m" [39m[42m[30mf[39m[49m[34mi[39m[42m[30mll[39m[49m[34m="[39m[42m[30m#ffffff[39m[49m[34m" [39m[42m[30mt[39m[49m[34me[39m[42m[30mxtLen[39m[49m[34mg[39m[42m[30mt[39m[49m[34mh[39m[34m="1[39m[42m[30m26[39m[49m[34m" [39m[34ml[39m[42m[30mengthAdjust[39m[49m[34m="[39m[42m[30mspa[39m[49m[34mc[39m[42m[30mingAn[39m[49m[34md[39m[42m[30mGlyphs[39m[49m[34m"[39m[42m[30m>  ││   [39m[49m[34m [39m[42m[30m      <[39m[49m[34m/[39m[42m[30mtext[39m[49m[34m>[39m[90m␊[39m[34m[39m
  [32m+[39m [34m    <text x="[39m[42m[30m0[39m[49m[34m" y="19" fill="#[39m[42m[30mffffff[39m[49m[34m" textLength="[39m[42m[30m45[39m[49m[34m" lengthAdjust="spacingAndGlyphs">[39m[42m[30m││3  [39m[49m[34m</text>[39m[90m␊[39m[34m[39m
  [32m+[39m [34m    <rect x="[39m[42m[30m4[39m[49m[34m5" y="17" width="[39m[42m[30m63[39m[49m[34m" height="17" fill="#[39m[42m[30mcdcd00[39m[49m[34m" />[39m[90m␊[39m[34m[39m
  [32m+[39m [34m    <text x="[39m[42m[30m4[39m[49m[34m5" y="19" fill="#000000" textLength="[39m[42m[30m63[39m[49m[34m" lengthAdjust="spacingAndGlyphs">[39m[42m[30mconsole[39m[49m[34m</text>[39m[90m␊[39m[34m[39m
  [32m+[39m [34m    <rect x="1[39m[42m[30m08[39m[49m[34m" y="17" width="[39m[42m[30m9[39m[49m[34m" height="17" fill="#[39m[42m[30mffffff[39m[49m[34m" />[39m[90m␊[39m[34m[39m
  [32m+[39m [34m    <text x="1[39m[42m[30m08[39m[49m[34m" y="19" fill="#000000" textLength="[39m[42m[30m9[39m[49m[34m" lengthAdjust="spacingAndGlyphs">[39m[42m[30m.[39m[49m[34m</text>[39m[90m␊[39m[34m[39m
  [32m+[39m [34m    <rect x="1[39m[42m[30m17[39m[49m[34m" y="17" width="[39m[42m[30m27[39m[49m[34m" height="17" fill="#[39m[42m[30mcdcd00[39m[49m[34m" />[39m[90m␊[39m[34m[39m
  [32m+[39m [34m    <text x="1[39m[42m[30m17[39m[49m[34m" y="19" fill="#000000" textLength="[39m[42m[30m27[39m[49m[34m" lengthAdjust="spacingAndGlyphs">[39m[42m[30mlog[39m[49m[34m</text>[39m[90m␊[39m[34m[39m
  [32m+[39m [34m    <[39m[42m[30mr[39m[49m[34me[39m[42m[30mc[39m[49m[34mt x="[39m[34m1[39m[42m[30m44[39m[49m[34m" y="1[39m[42m[30m7[39m[49m[34m" [39m[42m[30mw[39m[49m[34mi[39m[42m[30mdth[39m[49m[34m="[39m[42m[30m9[39m[49m[34m" [39m[42m[30mh[39m[49m[34me[39m[42m[30mi[39m[49m[34mg[39m[34mh[39m[42m[30mt[39m[49m[34m="1[39m[42m[30m7[39m[49m[34m" [39m[42m[30mfi[39m[49m[34ml[39m[42m[30ml[39m[49m[34m="[39m[42m[30m#ffffff[39m[49m[34m"[39m[34m [39m[34m/[39m[34m>[39m[90m␊[39m[34m[39m
  [32m+[39m [34m    <text x="[39m[42m[30m144[39m[49m[34m" y="[39m[42m[30m19[39m[49m[34m" fill="#[39m[42m[30m000000[39m[49m[34m" textLength="[39m[42m[30m9[39m[49m[34m" lengthAdjust="spacingAndGlyphs">[39m[42m[30m([39m[49m[34m</text>[39m[90m␊[39m[34m[39m
  [32m+[39m [34m    <[39m[42m[30mt[39m[49m[34me[39m[42m[30mx[39m[49m[34mt x="[39m[42m[30m1[39m[49m[34m5[39m[42m[30m3[39m[49m[34m" y="[39m[42m[30m19[39m[49m[34m" [39m[42m[30mf[39m[49m[34mi[39m[42m[30mll[39m[49m[34m="[39m[42m[30m#ffffff[39m[49m[34m" [39m[42m[30mtextL[39m[49m[34me[39m[42m[30mn[39m[49m[34mg[39m[34mt[39m[42m[30mh[39m[49m[34m="[39m[42m[30m20[39m[49m[34m7" [39m[34ml[39m[42m[30mengthAdjust[39m[49m[34m="[39m[42m[30mspa[39m[49m[34mc[39m[42m[30mingAn[39m[49m[34md[39m[42m[30mGlyphs[39m[49m[34m"[39m[42m[30m>  [39m[49m[34m [39m[42m[30m        ││          <[39m[49m[34m/[39m[42m[30mtext[39m[49m[34m>[39m[90m␊[39m[34m[39m
  [32m+[39m [34m    <text x="[39m[42m[30m0[39m[49m[34m" y="36" fill="#[39m[42m[30mffffff[39m[49m[34m" textLength="[39m[42m[30m45[39m[49m[34m" lengthAdjust="spacingAndGlyphs">[39m[42m[30m││4  [39m[49m[34m</text>[39m[90m␊[39m[34m[39m
  [32m+[39m [34m    <rect x="[39m[42m[30m45[39m[49m[34m" y="34" width="[39m[42m[30m18[39m[49m[34m" height="17" fill="#ffffff" />[39m[90m␊[39m[34m[39m
  [32m+[39m [34m    <[39m[42m[30mr[39m[49m[34me[39m[42m[30mc[39m[49m[34mt x="[39m[42m[30m63[39m[49m[34m" y="3[39m[42m[30m4[39m[49m[34m" [39m[42m[30mw[39m[49m[34mi[39m[42m[30mdth[39m[49m[34m="[39m[42m[30m72[39m[49m[34m" [39m[42m[30mh[39m[49m[34me[39m[42m[30mi[39m[49m[34mg[39m[34mh[39m[42m[30mt[39m[49m[34m="[39m[42m[30m1[39m[49m[34m7" [39m[42m[30mfi[39m[49m[34ml[39m[42m[30ml[39m[49m[34m="[39m[42m[30m#00cd[39m[49m[34mc[39m[34md[39m[34m"[39m[34m [39m[34m/[39m[34m>[39m[90m␊[39m[34m[39m
  [32m+[39m [34m    <[39m[42m[30mt[39m[49m[34me[39m[42m[30mx[39m[49m[34mt x="[39m[42m[30m63[39m[49m[34m" y="3[39m[42m[30m6[39m[49m[34m" [39m[42m[30mf[39m[49m[34mi[39m[42m[30mll[39m[49m[34m="[39m[42m[30m#000000[39m[49m[34m" [39m[42m[30mt[39m[49m[34me[39m[42m[30mxtLen[39m[49m[34mg[39m[34mt[39m[42m[30mh[39m[49m[34m="[39m[34m7[39m[42m[30m2[39m[49m[34m" [39m[34ml[39m[42m[30mengthAdjust[39m[49m[34m="[39m[42m[30mspa[39m[49m[34mc[39m[42m[30mingAn[39m[49m[34md[39m[42m[30mGlyphs[39m[49m[34m"[39m[42m[30m>greeting<[39m[49m[34m/[39m[42m[30mtext[39m[49m[34m>[39m[90m␊[39m[34m[39m
  [32m+[39m [34m    <[39m[42m[30mr[39m[49m[34me[39m[42m[30mc[39m[49m[34mt x="1[39m[42m[30m35[39m[49m[34m" y="3[39m[42m[30m4[39m[49m[34m" [39m[42m[30mw[39m[49m[34mi[39m[42m[30mdth[39m[49m[34m="[39m[42m[30m27[39m[49m[34m" [39m[42m[30mh[39m[49m[34me[39m[42m[30mi[39m[49m[34mg[39m[34mh[39m[42m[30mt[39m[49m[34m="[39m[34m1[39m[42m[30m7[39m[49m[34m" [39m[42m[30mfi[39m[49m[34ml[39m[42m[30ml[39m[49m[34m="[39m[42m[30m#ffffff[39m[49m[34m"[39m[34m [39m[34m/[39m[34m>[39m[90m␊[39m[34m[39m
  [32m+[39m [34m    <text x="1[39m[42m[30m35[39m[49m[34m" y="36" fill="#[39m[42m[30m000000[39m[49m[34m" textLength="[39m[42m[30m2[39m[49m[34m7[39m[34m" lengthAdjust="spacingAndGlyphs"> [39m[42m[30m+[39m[49m[34m </text>[39m[90m␊[39m[34m[39m
  [32m+[39m [34m    <[39m[42m[30mr[39m[49m[34me[39m[42m[30mc[39m[49m[34mt x="[39m[42m[30m162[39m[49m[34m" y="[39m[34m3[39m[42m[30m4[39m[49m[34m" [39m[42m[30mw[39m[49m[34mi[39m[42m[30mdth[39m[49m[34m="[39m[42m[30m36[39m[49m[34m" [39m[42m[30mh[39m[49m[34me[39m[42m[30mi[39m[49m[34mg[39m[42m[30mh[39m[49m[34mt[39m[34m="[39m[42m[30m17[39m[49m[34m" [39m[42m[30mfi[39m[49m[34ml[39m[42m[30ml[39m[49m[34m="[39m[42m[30m#00[39m[49m[34mc[39m[34md[39m[42m[30m00[39m[49m[34m"[39m[34m [39m[34m/[39m[34m>[39m[90m␊[39m[34m[39m
  [32m+[39m [34m    <[39m[42m[30mt[39m[49m[34me[39m[42m[30mx[39m[49m[34mt x="[39m[42m[30m162[39m[49m[34m" y="[39m[42m[30m36[39m[49m[34m" [39m[42m[30mf[39m[49m[34mi[39m[42m[30mll="#000000" textLeng[39m[49m[34mth="[39m[42m[30m36[39m[49m[34m" [39m[42m[30ml[39m[49m[34me[39m[42m[30mn[39m[49m[34mg[39m[42m[30mt[39m[49m[34mh[39m[42m[30mAdjus[39m[49m[34mt="[39m[42m[30mspac[39m[49m[34mi[39m[42m[30mngAndG[39m[49m[34ml[39m[42m[30myphs[39m[49m[34m"[39m[42m[30m>&quot;,[39m[49m[34m [39m[42m[30m&quot;<[39m[49m[34m/[39m[42m[30mtext[39m[49m[34m>[39m[90m␊[39m[34m[39m
  [32m+[39m [34m    <[39m[42m[30mr[39m[49m[34me[39m[42m[30mc[39m[49m[34mt x="[39m[42m[30m198[39m[49m[34m" y="[39m[34m3[39m[42m[30m4[39m[49m[34m" [39m[42m[30mw[39m[49m[34mi[39m[42m[30md[39m[49m[34mth="18" [39m[42m[30mh[39m[49m[34me[39m[42m[30mi[39m[49m[34mg[39m[34mh[39m[34mt="[39m[42m[30m17" f[39m[49m[34mi[39m[42m[30ml[39m[49m[34ml[39m[42m[30m="#ffffff[39m[49m[34m"[39m[42m[30m [39m[49m[34m/[39m[34m>[39m[90m␊[39m[34m[39m
  [32m+[39m [34m    <text x="[39m[42m[30m198[39m[49m[34m" y="[39m[34m3[39m[42m[30m6[39m[49m[34m" fill="#[39m[42m[30m000000[39m[49m[34m" textLength="[39m[42m[30m18[39m[49m[34m" lengthAdjust="spacingAndGlyphs"> [39m[42m[30m+[39m[49m[34m</text>[39m[90m␊[39m[34m[39m
  [32m+[39m [34m    <text x="[39m[42m[30m216[39m[49m[34m" y="[39m[42m[30m36[39m[49m[34m" fill="#ffffff" textLength="[39m[42m[30m144[39m[49m[34m" lengthAdjust="spacingAndGlyphs">[39m[42m[30m    [39m[49m[34m│[39m[34m│          </text>[39m[90m␊[39m[34m[39m
  [32m+[39m [34m    <text x="0" y="[39m[42m[30m53[39m[49m[34m" fill="#ffffff" textLength="[39m[42m[30m45[39m[49m[34m" lengthAdjust="spacingAndGlyphs">[39m[42m[30m││[39m[49m[34m   </text>[39m[90m␊[39m[34m[39m
  [32m+[39m [34m    <[39m[42m[30mr[39m[49m[34me[39m[42m[30mc[39m[49m[34mt x="[39m[42m[30m45[39m[49m[34m" y="[39m[42m[30m5[39m[49m[34m1" [39m[42m[30mw[39m[49m[34mi[39m[42m[30md[39m[49m[34mth="36[39m[34m" [39m[42m[30mh[39m[49m[34me[39m[42m[30mi[39m[49m[34mg[39m[34mh[39m[34mt="[39m[42m[30m17" f[39m[49m[34mi[39m[42m[30ml[39m[49m[34ml[39m[42m[30m=[39m[49m[34m"[39m[42m[30m#[39m[49m[34m0[39m[42m[30m0cdcd"[39m[49m[34m [39m[34m/[39m[34m>[39m[90m␊[39m[34m[39m
  [32m+[39m [34m    <text x="[39m[42m[30m45[39m[49m[34m" y="[39m[42m[30m5[39m[49m[34m3[39m[34m" fill="#[39m[42m[30m000000[39m[49m[34m" textLength="36[39m[34m" lengthAdjust="spacingAndGlyphs">[39m[42m[30mnam[39m[49m[34me[39m[34m</text>[39m[90m␊[39m[34m[39m
  [32m+[39m [34m    <[39m[42m[30mr[39m[49m[34me[39m[42m[30mc[39m[49m[34mt x="[39m[42m[30m81[39m[49m[34m" y="[39m[34m5[39m[42m[30m1[39m[49m[34m" [39m[42m[30mw[39m[49m[34mi[39m[42m[30md[39m[49m[34mth="[39m[42m[30m27[39m[49m[34m" [39m[42m[30mh[39m[49m[34me[39m[42m[30mi[39m[49m[34mg[39m[34mh[39m[34mt="[39m[42m[30m17[39m[49m[34m"[39m[34m [39m[42m[30mfi[39m[49m[34mll[39m[42m[30m="#ffffff"[39m[49m[34m [39m[34m/[39m[34m>[39m[90m␊[39m[34m[39m
  [32m+[39m [34m    <text x="[39m[42m[30m81[39m[49m[34m" y="[39m[42m[30m53[39m[49m[34m" fill="#[39m[42m[30m000000[39m[49m[34m" textLength="[39m[42m[30m27[39m[49m[34m" lengthAdjust="spacingAndGlyphs">[39m[34m [39m[42m[30m+[39m[49m[34m </text>[39m[90m␊[39m[34m[39m
  [32m+[39m [34m    <[39m[42m[30mr[39m[49m[34me[39m[42m[30mc[39m[49m[34mt x="[39m[42m[30m1[39m[49m[34m0[39m[42m[30m8[39m[49m[34m" y="[39m[42m[30m5[39m[49m[34m1[39m[34m" [39m[42m[30mw[39m[49m[34mi[39m[42m[30mdth[39m[49m[34m="[39m[42m[30m81[39m[49m[34m" [39m[42m[30mh[39m[49m[34me[39m[42m[30mi[39m[49m[34mg[39m[34mh[39m[42m[30mt[39m[49m[34m="[39m[42m[30m17[39m[49m[34m" [39m[42m[30mfi[39m[49m[34ml[39m[42m[30ml[39m[49m[34m="[39m[42m[30m#00[39m[49m[34mc[39m[34md[39m[42m[30m00[39m[49m[34m"[39m[34m [39m[34m/[39m[34m>[39m[90m␊[39m[34m[39m
  [32m+[39m [34m    <text x="[39m[42m[30m1[39m[49m[34m0[39m[42m[30m8[39m[49m[34m" y="[39m[42m[30m53[39m[49m[34m" fill="#[39m[42m[30m000000[39m[49m[34m" textLength="[39m[42m[30m81[39m[49m[34m" lengthAdjust="spacingAndGlyphs">[39m[42m[30m&quot; ([39m[49m[34mwrap[39m[42m[30m)&q[39m[49m[34mu[39m[34mo[39m[34mt[39m[42m[30m;[39m[49m[34m</text>[39m[90m␊[39m[34m[39m
  [32m+[39m [34m    <text x="[39m[42m[30m189[39m[49m[34m" y="[39m[42m[30m5[39m[49m[34m3" fill="#ffffff" textLength="[39m[42m[30m171[39m[49m[34m" lengthAdjust="spacingAndGlyphs">[39m[42m[30m       ││   [39m[49m[34m [39m[34m [39m[34m [39m[34m [39m[34m [39m[34m [39m[34m </text>[39m[90m␊[39m[34m[39m
  [32m+[39m [34m    <text x="0" y="[39m[42m[30m7[39m[49m[34m0" fill="#ffffff" textLength="[39m[42m[30m45[39m[49m[34m" lengthAdjust="spacingAndGlyphs">[39m[42m[30m││5[39m[49m[34m  </text>[39m[90m␊[39m[34m[39m
  [32m+[39m [34m    <[39m[42m[30mr[39m[49m[34me[39m[42m[30mc[39m[49m[34mt x="[39m[42m[30m45[39m[49m[34m" y="[39m[42m[30m68[39m[49m[34m" [39m[42m[30mw[39m[49m[34mi[39m[42m[30mdth[39m[49m[34m="[39m[42m[30m18[39m[49m[34m" [39m[42m[30mh[39m[49m[34me[39m[42m[30mi[39m[49m[34mg[39m[34mh[39m[42m[30mt[39m[49m[34m="[39m[42m[30m17[39m[49m[34m" [39m[42m[30mfi[39m[49m[34ml[39m[42m[30ml[39m[49m[34m="[39m[42m[30m#ffffff[39m[49m[34m"[39m[34m [39m[34m/[39m[34m>[39m[90m␊[39m[34m[39m
  [32m+[39m [34m    <text x="[39m[42m[30m45[39m[49m[34m" y="[39m[34m7[39m[42m[30m0[39m[49m[34m" fill="#[39m[42m[30m000000[39m[49m[34m" textLength="[39m[42m[30m18[39m[49m[34m" lengthAdjust="spacingAndGlyphs">[39m[42m[30m);[39m[49m[34m</text>[39m[90m␊[39m[34m[39m
  [32m+[39m [34m    <text x="[39m[42m[30m63[39m[49m[34m" y="[39m[42m[30m70[39m[49m[34m" fill="#ffffff" textLength="[39m[42m[30m297[39m[49m[34m" lengthAdjust="spacingAndGlyphs">[39m[34m    [39m[42m[30m                [39m[49m[34m [39m[42m[30m││[39m[49m[34m   [39m[34m [39m[34m [39m[34m     </text>[39m[90m␊[39m[34m[39m
  [32m+[39m [34m    <text x="0" y="[39m[34m8[39m[42m[30m7[39m[49m[34m" fill="#ffffff" textLength="360" lengthAdjust="spacingAndGlyphs">[39m[42m[30m│└──────────────────────────┘│[39m[49m[34m          </text>[39m[90m␊[39m[34m[39m
  [32m+[39m [34m    <text x="0" y="[39m[42m[30m104[39m[49m[34m" fill="#ffffff" textLength="360" lengthAdjust="spacingAndGlyphs">[39m[42m[30m└────────────────────────────┘[39m[49m[34m [39m[34m [39m[34m  [39m[34m      </text>[39m[90m␊[39m[34m[39m
  [32m+[39m [34m    <text x="0" y="[39m[42m[30m1[39m[49m[34m3[39m[42m[30m8[39m[49m[34m" fill="#ffffff" textLength="360" lengthAdjust="spacingAndGlyphs">[39m[42m[30mCu[39m[49m[34mr[39m[42m[30ms[39m[49m[34mo[39m[42m[30mr: 0, 24[39m[49m[34m    [39m[34m                       </text>[39m[90m␊[39m[34m[39m
  [32m+[39m [34m    <text x="0" y="[39m[42m[30m1[39m[49m[34m5[39m[42m[30m5[39m[49m[34m" fill="#ffffff" textLength="360" lengthAdjust="spacingAndGlyphs">[39m[42m[30mFull Text Le[39m[49m[34mn[39m[42m[30mg[39m[49m[34mt[39m[42m[30mh[39m[49m[34m: [39m[42m[30m372[39m[49m[34m [39m[42m[30m           [39m[49m[34m       </text>[39m[90m␊[39m[34m[39m
  [32m+[39m [34m    <text x="0" y="[39m[42m[30m1[39m[49m[34m7[39m[42m[30m2[39m[49m[34m" fill="#ffffff" textLength="360" lengthAdjust="spacingAndGlyphs">[39m[42m[30mF[39m[49m[34mu[39m[42m[30mll Tex[39m[49m[34mt[39m[42m[30m JSON[39m[49m[34m: [39m[42m[30m&quot;Hello[39m[49m[34m [39m[42m[30mWo[39m[49m[34mr[39m[42m[30ml[39m[49m[34md[39m[42m[30m\\n\\n[39m[49m[34m [39m[42m[30mThis[39m[49m[34m [39m[42m[30mis[39m[49m[34m</text>[39m[90m␊[39m[34m[39m
  [32m+[39m [34m    <text x="0" y="[39m[42m[30m18[39m[49m[34m9[39m[34m" fill="#ffffff" textLength="360" lengthAdjust="spacingAndGlyphs">[39m[42m[30ma test\\n\\nRow ARow B\\nThis is a very    [39m[49m[34m</text>[39m[90m␊[39m[34m[39m
  [32m+[39m [34m    <text x="0" y="[39m[42m[30m2[39m[49m[34m0[39m[42m[30m6[39m[49m[34m" fill="#ffffff" textLength="360" lengthAdjust="spacingAndGlyphs">[39m[34ml[39m[42m[30mong [39m[49m[34mte[39m[34mxt[39m[42m[30m\\nthat[39m[49m[34m [39m[42m[30mis[39m[49m[34m [39m[42m[30mintended to[39m[49m[34m          [39m[34m</text>[39m[90m␊[39m[34m[39m
  [32m+[39m [34m    <text x="0" y="[39m[34m2[39m[42m[30m23[39m[49m[34m" fill="#ffffff" textLength="360" lengthAdjust="spacingAndGlyphs">[39m[42m[30mwrap\\nbecause th[39m[49m[34me[39m[34m [39m[42m[30mc[39m[49m[34mo[39m[42m[30mntaine[39m[49m[34mr[39m[34m [39m[42m[30mwidth\\nis[39m[49m[34m   [39m[34m</text>[39m[90m␊[39m[34m[39m
  [32m+[39m [34m    <text x="0" y="[39m[42m[30m2[39m[49m[34m4[39m[42m[30m0[39m[49m[34m" fill="#ffffff" textLength="360" lengthAdjust="spacingAndGlyphs">[39m[42m[30mfixed[39m[49m[34m [39m[42m[30mto[39m[49m[34m [39m[42m[30m20[39m[49m[34m [39m[42m[30mcharacters.\\nThis[39m[49m[34m [39m[42m[30mis[39m[49m[34m [39m[42m[30ma[39m[49m[34m [39m[42m[30mvery[39m[49m[34m [39m[34m</text>[39m[90m␊[39m[34m[39m
  [32m+[39m [34m    <text x="0" y="[39m[42m[30m257[39m[49m[34m" fill="#ffffff" textLength="360" lengthAdjust="spacingAndGlyphs">[39m[42m[30mlong[39m[49m[34m [39m[42m[30mtext\\nt[39m[49m[34mh[39m[42m[30mat [39m[49m[34mis i[39m[42m[30mn[39m[49m[34mte[39m[42m[30mnded [39m[49m[34mt[39m[42m[30mo[39m[49m[34m          [39m[34m</text>[39m[90m␊[39m[34m[39m
  [32m+[39m [34m    <text x="0" y="[39m[42m[30m2[39m[49m[34m7[39m[42m[30m4[39m[49m[34m" fill="#ffffff" textLength="360" lengthAdjust="spacingAndGlyphs">[39m[42m[30mwrap\\nbecause[39m[49m[34m [39m[42m[30mthe[39m[49m[34m [39m[42m[30mcontainer[39m[49m[34m [39m[42m[30mwidth\\nis[39m[49m[34m   [39m[34m</text>[39m[90m␊[39m[34m[39m
  [32m+[39m [34m    <text x="0" y="[39m[42m[30m2[39m[49m[34m9[39m[42m[30m1[39m[49m[34m" fill="#ffffff" textLength="360" lengthAdjust="spacingAndGlyphs">[39m[42m[30mfixed[39m[49m[34m [39m[42m[30mt[39m[49m[34mo[39m[34m [39m[42m[30m20[39m[49m[34m [39m[42m[30mch\\n\\n\\n[39m[49m[34m    [39m[42m[30mconst[39m[49m[34m [39m[42m[30mgreeting[39m[49m[34m  [39m[34m</text>[39m[90m␊[39m[34m[39m
  [32m+[39m [34m    <text x="0" y="[39m[42m[30m308[39m[49m[34m" fill="#ffffff" textLength="360" lengthAdjust="spacingAndGlyphs">[39m[42m[30m=\\n[39m[49m[34m [39m[34m [39m[34m [39m[34m [39m[42m[30m\\&qu[39m[49m[34mo[39m[34mt[39m[42m[30m;H[39m[49m[34me[39m[42m[30mllo\\&quo[39m[49m[34mt[39m[42m[30m;;\\n[39m[49m[34m    [39m[42m[30mconst[39m[49m[34m [39m[42m[30mname =[39m[49m[34m     [39m[34m</text>[39m[90m␊[39m[34m[39m
  [32m+[39m [34m    <text x="0" y="[39m[42m[30m3[39m[49m[34m2[39m[42m[30m5[39m[49m[34m" fill="#ffffff" textLength="360" lengthAdjust="spacingAndGlyphs">[39m[42m[30m\\&quo[39m[49m[34mt[39m[42m[30m;W[39m[49m[34mo[39m[34mr[39m[42m[30mld\\&quot;;\\n[39m[49m[34m    [39m[42m[30mconsole.log(\\n[39m[49m[34m          [39m[34m</text>[39m[90m␊[39m[34m[39m
  [32m+[39m [34m    <text x="0" y="[39m[42m[30m3[39m[49m[34m4[39m[42m[30m2[39m[49m[34m" fill="#ffffff" textLength="360" lengthAdjust="spacingAndGlyphs">[39m[42m[30mgr[39m[49m[34me[39m[34me[39m[42m[30mting[39m[49m[34m [39m[42m[30m+ \\&quo[39m[49m[34mt[39m[42m[30m;,[39m[49m[34m [39m[42m[30m\\&qu[39m[49m[34mo[39m[34mt[39m[42m[30m; +\\[39m[49m[34mn[39m[34m [39m[34m   [39m[42m[30mname[39m[49m[34m [39m[42m[30m+[39m[49m[34m [39m[42m[30m\\&quot;[39m[49m[34m      [39m[34m</text>[39m[90m␊[39m[34m[39m
  [32m+[39m [34m    <text x="0" y="[39m[34m3[39m[42m[30m59[39m[49m[34m" fill="#ffffff" textLength="360" lengthAdjust="spacingAndGlyphs">[39m[42m[30m(wrap)\\&quot;\\n[39m[49m[34m [39m[34m [39m[34m [39m[34m [39m[42m[30m);&quo[39m[49m[34mt[39m[42m[30m;           [39m[49m[34m            [39m[34m</text>[39m[90m␊[39m[34m[39m
  [32m+[39m [34m    <text x="0" y="[39m[42m[30m376[39m[49m[34m" fill="#ffffff" textLength="360" lengthAdjust="spacingAndGlyphs">[39m[42m[30manc[39m[49m[34mh[39m[42m[30morPo[39m[49m[34mi[39m[42m[30mnt: 0,[39m[49m[34m i[39m[42m[30mnk-[39m[49m[34ms[39m[42m[30mt[39m[49m[34ma[39m[42m[30mtic-[39m[49m[34mr[39m[42m[30me[39m[49m[34mn[39m[42m[30md[39m[49m[34me[39m[42m[30mr[39m[49m[34m       [39m[34m</text>[39m[90m␊[39m[34m[39m
  [32m+[39m [34m    <text x="0" y="[39m[42m[30m3[39m[49m[34m9[39m[42m[30m3[39m[49m[34m" fill="#ffffff" textLength="360" lengthAdjust="spacingAndGlyphs">[39m[42m[30mfocusPoin[39m[49m[34mt[39m[42m[30m:[39m[49m[34m [39m[42m[30m372,[39m[49m[34m in[39m[42m[30mk-s[39m[49m[34mt[39m[42m[30matic-r[39m[49m[34mende[39m[34mr[39m[34m      [39m[34m</text>[39m[90m␊[39m[34m[39m
  [32m+[39m [34m    <text x="0" y="[39m[34m4[39m[42m[30m10[39m[49m[34m" fill="#ffffff" textLength="360" lengthAdjust="spacingAndGlyphs">[39m[42m[30m┌──────────────────────────────────────┐[39m[49m[34m</text>[39m[90m␊[39m[34m[39m
  [32m+[39m [34m    <text x="0" y="[39m[42m[30m427[39m[49m[34m" fill="#ffffff" textLength="360" lengthAdjust="spacingAndGlyphs">│[39m[42m[30mSelect[39m[49m[34med [39m[42m[30mTex[39m[49m[34mt[39m[42m[30m: [39m[49m[34m [39m[34m [39m[34m                     │</text>[39m[90m␊[39m[34m[39m
  [32m+[39m [34m    <text x="0" y="[39m[34m4[39m[42m[30m44[39m[49m[34m" fill="#ffffff" textLength="360" lengthAdjust="spacingAndGlyphs">│[39m[42m[30mHello[39m[49m[34m [39m[42m[30mWorld[39m[49m[34m                           │</text>[39m[90m␊[39m[34m[39m
  [32m+[39m [32m    <text x="0" y="461" fill="#ffffff" textLength="360" lengthAdjust="spacingAndGlyphs">│                                      │</text>␊[39m
  [32m+[39m [32m    <text x="0" y="478" fill="#ffffff" textLength="360" lengthAdjust="spacingAndGlyphs">│ This is a test                       │</text>␊[39m
  [32m+[39m [32m    <text x="0" y="495" fill="#ffffff" textLength="360" lengthAdjust="spacingAndGlyphs">│                                      │</text>␊[39m
  [32m+[39m [32m    <text x="0" y="512" fill="#ffffff" textLength="360" lengthAdjust="spacingAndGlyphs">│Row ARow B                            │</text>␊[39m
  [32m+[39m [32m    <text x="0" y="529" fill="#ffffff" textLength="360" lengthAdjust="spacingAndGlyphs">│This is a very long text              │</text>␊[39m
  [32m+[39m [32m    <text x="0" y="546" fill="#ffffff" textLength="360" lengthAdjust="spacingAndGlyphs">│that is intended to wrap              │</text>␊[39m
  [32m+[39m [32m    <text x="0" y="563" fill="#ffffff" textLength="360" lengthAdjust="spacingAndGlyphs">│because the container width           │</text>␊[39m
  [32m+[39m [32m    <text x="0" y="580" fill="#ffffff" textLength="360" lengthAdjust="spacingAndGlyphs">│is fixed to 20 characters.            │</text>␊[39m
  [32m+[39m [32m    <text x="0" y="597" fill="#ffffff" textLength="360" lengthAdjust="spacingAndGlyphs">│This is a very long text              │</text>␊[39m
  [32m+[39m [32m    <text x="0" y="614" fill="#ffffff" textLength="360" lengthAdjust="spacingAndGlyphs">│that is intended to wrap              │</text>␊[39m
  [32m+[39m [32m    <text x="0" y="631" fill="#ffffff" textLength="360" lengthAdjust="spacingAndGlyphs">│because the container width           │</text>␊[39m
  [32m+[39m [32m    <text x="0" y="648" fill="#ffffff" textLength="360" lengthAdjust="spacingAndGlyphs">│is fixed to 20 ch                     │</text>␊[39m
    [34m    <text x="0" y="665" fill="#ffffff" textLength="360" lengthAdjust="spacingAndGlyphs">│                                      │</text>[39m[90m␊[39m[34m[39m
  [31m-[39m [34m    <text x="0" y="682" fill="#ffffff" textLength="360" lengthAdjust="spacingAndGlyphs">│    [39m[41m[30mconst[39m[49m[34m [39m[41m[30mgreeting[39m[49m[34m [39m[41m[30m=[39m[49m[34m                  │</text>[39m[90m␊[39m[34m[39m
  [31m-[39m [34m    <text x="0" y="699" fill="#ffffff" textLength="360" lengthAdjust="spacingAndGlyphs">│    [39m[41m[30m&qu[39m[49m[34mo[39m[34mt[39m[41m[30m;H[39m[49m[34me[39m[41m[30mllo&quo[39m[49m[34mt[39m[41m[30m;;       [39m[49m[34m [39m[34m                  │</text>[39m[90m␊[39m[34m[39m
  [31m-[39m [34m    <text x="0" y="716" fill="#ffffff" textLength="360" lengthAdjust="spacingAndGlyphs">│    [39m[41m[30mconst name = [39m[49m[34m&quot;[39m[41m[30mWor[39m[49m[34ml[39m[41m[30md[39m[49m[34m&quot;;[39m[34m             │</text>[39m[90m␊[39m[34m[39m
  [31m-[39m [34m    <text x="0" y="733" fill="#ffffff" textLength="360" lengthAdjust="spacingAndGlyphs">│    cons[39m[41m[30mol[39m[49m[34me[39m[41m[30m.log(       [39m[49m[34m [39m[34m [39m[34m             │</text>[39m[90m␊[39m[34m[39m
  [31m-[39m [34m    <text x="0" y="750" fill="#ffffff" textLength="360" lengthAdjust="spacingAndGlyphs">│    [39m[41m[30m  greeti[39m[49m[34mn[39m[34mg[39m[34m [39m[41m[30m+[39m[49m[34m [39m[41m[30m&quot;,[39m[49m[34m [39m[41m[30m&quot;[39m[49m[34m [39m[41m[30m+[39m[49m[34m               │</text>[39m[90m␊[39m[34m[39m
  [31m-[39m [34m    <text x="0" y="767" fill="#ffffff" textLength="360" lengthAdjust="spacingAndGlyphs">│    [39m[34mn[39m[41m[30mame[39m[49m[34m + &quot;[39m[34m [39m[41m[30m(wrap)[39m[49m[34m&quot; [39m[41m[30m  [39m[49m[34m               │</text>[39m[90m␊[39m[34m[39m
  [31m-[39m [34m    <text x="0" y="784" fill="#ffffff" textLength="360" lengthAdjust="spacingAndGlyphs">│    [39m[41m[30m);       [39m[49m[34m [39m[41m[30m    [39m[49m[34m [39m[34m [39m[34m                  │</text>[39m[90m␊[39m[34m[39m
  [31m-[39m [34m    <text x="0" y="801" fill="#ffffff" textLength="360" lengthAdjust="spacingAndGlyphs">[39m[41m[30m└──────────────────────────────────────┘[39m[49m[34m</text>[39m[90m␊[39m[34m[39m
  [31m-[39m [34m    <text x="0" y="8[39m[41m[30m35[39m[49m[34m" fill="#ffffff" textLength="360" lengthAdjust="spacingAndGlyphs">[39m[41m[30mPress &apos;t&apos; to toggle selection           [39m[49m[34m</text>[39m[90m␊[39m[34m[39m
  [31m-[39m [34m    <text x="0" y="852" fill="#ffffff" textLength="360" lengthAdjust="spacingAndGlyphs">[39m[41m[30mvi[39m[49m[34ms[39m[41m[30mibility.[39m[49m[34m [39m[41m[30m              [39m[49m[34m [39m[34m [39m[34m [39m[34m           </text>[39m[90m␊[39m[34m[39m
  [31m-[39m [34m    <text x="0" y="869" fill="#ffffff" textLength="360" lengthAdjust="spacingAndGlyphs">[39m[41m[30mPres[39m[49m[34ms[39m[34m [39m[41m[30m&apos;m&apos;[39m[49m[34m [39m[41m[30mto[39m[49m[34m [39m[41m[30mtoggle[39m[49m[34m [39m[41m[30mStaticRender[39m[49m[34m        </text>[39m[90m␊[39m[34m[39m
  [31m-[39m [34m    <text x="0" y="886" fill="#ffffff" textLength="360" lengthAdjust="spacingAndGlyphs">[39m[41m[30m(cur[39m[49m[34mre[39m[41m[30mnt:[39m[49m[34m [39m[41m[30mON).               [39m[49m[34m [39m[34m [39m[34m [39m[34m        </text>[39m[90m␊[39m[34m[39m
  [31m-[39m [34m    <text x="0" y="903" fill="#ffffff" textLength="360" lengthAdjust="spacingAndGlyphs">[39m[41m[30mP[39m[49m[34mre[39m[41m[30mss[39m[49m[34m [39m[41m[30m&apos;space&apos;[39m[49m[34m [39m[41m[30mto[39m[49m[34m [39m[41m[30mtoggle[39m[49m[34m [39m[41m[30mline[39m[49m[34m [39m[41m[30mnumber[39m[49m[34m     </text>[39m[90m␊[39m[34m[39m
  [31m-[39m [34m    <text x="0" y="920" fill="#ffffff" textLength="360" lengthAdjust="spacingAndGlyphs">[39m[34ms[39m[34me[39m[41m[30mlecti[39m[49m[34mo[39m[41m[30mn.        [39m[49m[34m [39m[34m [39m[34m [39m[34m [39m[41m[30m             [39m[49m[34m     </text>[39m[90m␊[39m[34m[39m
  [31m-[39m [34m    <text x="0" y="937" fill="#ffffff" textLength="360" lengthAdjust="spacingAndGlyphs">[39m[41m[30mPress &apos;s&apos; to [39m[49m[34mselect[39m[34m [39m[41m[30mcharacter[39m[49m[34m [39m[41m[30munder[39m[49m[34m     </text>[39m[90m␊[39m[34m[39m
  [31m-[39m [34m    <text x="0" y="954" fill="#ffffff" textLength="360" lengthAdjust="spacingAndGlyphs">[39m[41m[30mcu[39m[49m[34mr[39m[34ms[39m[41m[30mor.[39m[49m[34m [39m[41m[30m                       [39m[49m[34m [39m[34m [39m[34m [39m[34m [39m[34m     </text>[39m[90m␊[39m[34m[39m
  [31m-[39m [34m    <text x="0" y="971" fill="#ffffff" textLength="360" lengthAdjust="spacingAndGlyphs">[39m[41m[30mUse Arrow keys to move [39m[49m[34mcursor.[39m[34m          </text>[39m[90m␊[39m[34m[39m
  [31m-[39m [34m    <text x="0" y="988" fill="#ffffff" textLength="360" lengthAdjust="spacingAndGlyphs">[39m[41m[30mShift+[39m[49m[34mArrow [39m[34mto [39m[41m[30msel[39m[49m[34me[39m[34mc[39m[41m[30mt[39m[49m[34m.[39m[41m[30m        [39m[49m[34m          </text>[39m[90m␊[39m[34m[39m
  [32m+[39m [34m    <text x="0" y="682" fill="#ffffff" textLength="360" lengthAdjust="spacingAndGlyphs">│    [39m[34m [39m[34m [39m[42m[30m              [39m[49m[34m                  │</text>[39m[90m␊[39m[34m[39m
  [32m+[39m [34m    <text x="0" y="699" fill="#ffffff" textLength="360" lengthAdjust="spacingAndGlyphs">│    [39m[42m[30mc[39m[49m[34mo[39m[42m[30mns[39m[49m[34mt[39m[42m[30m gr[39m[49m[34me[39m[42m[30me[39m[49m[34mt[39m[42m[30ming[39m[49m[34m [39m[42m[30m=[39m[49m[34m                  │</text>[39m[90m␊[39m[34m[39m
  [32m+[39m [34m    <text x="0" y="716" fill="#ffffff" textLength="360" lengthAdjust="spacingAndGlyphs">│    [39m[34m&quot;[39m[42m[30mHe[39m[49m[34ml[39m[42m[30mlo[39m[49m[34m&quot;;[39m[42m[30m             [39m[49m[34m             │</text>[39m[90m␊[39m[34m[39m
  [32m+[39m [34m    <text x="0" y="733" fill="#ffffff" textLength="360" lengthAdjust="spacingAndGlyphs">│    cons[39m[42m[30mt nam[39m[49m[34me[39m[34m [39m[42m[30m=[39m[49m[34m [39m[42m[30m&quot;World&quot;;[39m[49m[34m             │</text>[39m[90m␊[39m[34m[39m
  [32m+[39m [34m    <text x="0" y="750" fill="#ffffff" textLength="360" lengthAdjust="spacingAndGlyphs">│    [39m[42m[30mco[39m[49m[34mn[39m[42m[30msole.lo[39m[49m[34mg[39m[42m[30m([39m[49m[34m [39m[34m [39m[34m [39m[42m[30m   [39m[49m[34m [39m[34m               │</text>[39m[90m␊[39m[34m[39m
  [32m+[39m [34m    <text x="0" y="767" fill="#ffffff" textLength="360" lengthAdjust="spacingAndGlyphs">│    [39m[42m[30m  greeti[39m[49m[34mn[39m[42m[30mg[39m[49m[34m + &quot;[39m[42m[30m,[39m[49m[34m [39m[34m&quot; [39m[42m[30m+[39m[49m[34m               │</text>[39m[90m␊[39m[34m[39m
  [32m+[39m [34m    <text x="0" y="784" fill="#ffffff" textLength="360" lengthAdjust="spacingAndGlyphs">│    [39m[42m[30mname[39m[49m[34m [39m[42m[30m+[39m[49m[34m [39m[42m[30m&quot;[39m[49m[34m [39m[42m[30m(wrap)&quot;[39m[49m[34m                  │</text>[39m[90m␊[39m[34m[39m
  [32m+[39m [34m    <text x="0" y="801" fill="#ffffff" textLength="360" lengthAdjust="spacingAndGlyphs">[39m[42m[30m│    );                                │[39m[49m[34m</text>[39m[90m␊[39m[34m[39m
  [32m+[39m [34m    <text x="0" y="8[39m[42m[30m18[39m[49m[34m" fill="#ffffff" textLength="360" lengthAdjust="spacingAndGlyphs">[39m[42m[30m└──────────────────────────────────────┘[39m[49m[34m</text>[39m[90m␊[39m[34m[39m
  [32m+[39m [34m    <text x="0" y="852" fill="#ffffff" textLength="360" lengthAdjust="spacingAndGlyphs">[39m[42m[30mPre[39m[49m[34ms[39m[42m[30ms[39m[49m[34m [39m[42m[30m&apos;t&apos;[39m[49m[34m [39m[42m[30mto[39m[49m[34m [39m[42m[30mtoggle[39m[49m[34m [39m[42m[30mselection[39m[49m[34m           </text>[39m[90m␊[39m[34m[39m
  [32m+[39m [34m    <text x="0" y="869" fill="#ffffff" textLength="360" lengthAdjust="spacingAndGlyphs">[39m[42m[30mvi[39m[49m[34ms[39m[42m[30mibility.[39m[49m[34m [39m[34m [39m[34m [39m[34m [39m[42m[30m                 [39m[49m[34m        </text>[39m[90m␊[39m[34m[39m
  [32m+[39m [34m    <text x="0" y="886" fill="#ffffff" textLength="360" lengthAdjust="spacingAndGlyphs">[39m[42m[30mP[39m[49m[34mre[39m[42m[30mss[39m[49m[34m [39m[42m[30m&apos;m&apos;[39m[49m[34m [39m[42m[30mto[39m[49m[34m [39m[42m[30mtoggle[39m[49m[34m [39m[42m[30mStaticRender[39m[49m[34m        </text>[39m[90m␊[39m[34m[39m
  [32m+[39m [34m    <text x="0" y="903" fill="#ffffff" textLength="360" lengthAdjust="spacingAndGlyphs">[39m[42m[30m(cur[39m[49m[34mre[39m[42m[30mnt:[39m[49m[34m [39m[42m[30mON).[39m[49m[34m [39m[34m [39m[42m[30m                 [39m[49m[34m [39m[34m [39m[34m     </text>[39m[90m␊[39m[34m[39m
  [32m+[39m [34m    <text x="0" y="920" fill="#ffffff" textLength="360" lengthAdjust="spacingAndGlyphs">[39m[42m[30mPre[39m[49m[34ms[39m[42m[30ms &apos;spac[39m[49m[34me[39m[42m[30m&ap[39m[49m[34mo[39m[42m[30ms;[39m[49m[34m [39m[42m[30mto[39m[49m[34m [39m[42m[30mtoggle[39m[49m[34m [39m[42m[30mline[39m[49m[34m [39m[42m[30mnumber[39m[49m[34m     </text>[39m[90m␊[39m[34m[39m
  [32m+[39m [34m    <text x="0" y="937" fill="#ffffff" textLength="360" lengthAdjust="spacingAndGlyphs">[39m[34mselect[39m[42m[30mion.[39m[49m[34m [39m[34m [39m[42m[30m                       [39m[49m[34m     </text>[39m[90m␊[39m[34m[39m
  [32m+[39m [34m    <text x="0" y="954" fill="#ffffff" textLength="360" lengthAdjust="spacingAndGlyphs">[39m[42m[30mP[39m[49m[34mr[39m[42m[30mes[39m[49m[34ms[39m[34m [39m[42m[30m&apos;s&apos;[39m[49m[34m [39m[42m[30mto[39m[49m[34m [39m[42m[30mselect[39m[49m[34m [39m[42m[30mcharacter[39m[49m[34m [39m[42m[30munder[39m[49m[34m     </text>[39m[90m␊[39m[34m[39m
  [32m+[39m [34m    <text x="0" y="971" fill="#ffffff" textLength="360" lengthAdjust="spacingAndGlyphs">[39m[34mcursor.[39m[42m[30m                       [39m[49m[34m          </text>[39m[90m␊[39m[34m[39m
  [32m+[39m [34m    <text x="0" y="988" fill="#ffffff" textLength="360" lengthAdjust="spacingAndGlyphs">[39m[42m[30mUse [39m[49m[34mArrow [39m[42m[30mkeys [39m[49m[34mto [39m[42m[30mmov[39m[49m[34me[39m[42m[30m [39m[49m[34mc[39m[42m[30mursor[39m[49m[34m.[39m[34m          </text>[39m[90m␊[39m[34m[39m
  [32m+[39m [32m    <text x="0" y="1005" fill="#ffffff" textLength="360" lengthAdjust="spacingAndGlyphs">Shift+Arrow to select.                  </text>␊[39m
    [34m  </g>[39m[90m␊[39m[34m[39m
    [34m</svg>[39m[34m`[39m

  [90m› <anonymous> (test/selection-snapshot.tsx:92:6)[39m



  [1mreplay [90m[2m›[22m[1m[39m render-worker-replay [90m[2m›[22m[1m[39m Replay snapshot: scroll-blue-background.json[22m

  [90mtest/replay/render-worker-replay.test.ts:55[39m

   [90m54:[39m       const expected = fs.readFileSync(snapshotPath, 'utf8');
  [41m[1m 55:       t.is(svg, expected);                                   [22m[49m
   [90m56:[39m     }                                                        

  Difference ([31m-[39m [31mactual[39m, [32m+[39m [32mexpected[39m):

    [34m`[39m[34m<svg xmlns="http://www.w3.org/2000/svg" width="1649" height="581" viewBox="0 0 1649 581">[39m[90m␊[39m[34m[39m
    [34m  <style>[39m[90m␊[39m[34m[39m
    [34m    text { font-family: Consolas, "Courier New", monospace; font-size: 14px; dominant-baseline: text-before-edge; white-space: pre; }[39m[90m␊[39m[34m[39m
    [34m  </style>[39m[90m␊[39m[34m[39m
    [34m  <rect width="1649" height="581" fill="#000000" />[39m[90m␊[39m[34m[39m
    [34m  <g transform="translate(10, 10)">[39m[90m␊[39m[34m[39m
    [34m    <text x="0" y="2" fill="#ffffff" textLength="1629" lengthAdjust="spacingAndGlyphs"> Use Up/Down arrows to scroll. Press &apos;s&apos; to export snapshot. Press &apos;Ctrl+C&apos; to exit.                                                                                                 </text>[39m[90m␊[39m[34m[39m
    [34m    <rect x="9" y="34" width="270" height="17" fill="#0000ee" />[39m[90m␊[39m[34m[39m
    [34m    <rect x="9" y="51" width="261" height="17" fill="#0000ee" />[39m[90m␊[39m[34m[39m
    [34m    <text x="9" y="53" fill="#ffffff" textLength="261" lengthAdjust="spacingAndGlyphs">This is line 1 of arbitrary t</text>[39m[90m␊[39m[34m[39m
    [34m    <text x="270" y="53" fill="#ffffff" textLength="1359" lengthAdjust="spacingAndGlyphs">█                                                                                                                                                      </text>[39m[90m␊[39m[34m[39m
  [31m-[39m [34m    <rect x="9" y="68" width="[39m[41m[30m2[39m[49m[34m6[39m[41m[30m1[39m[49m[34m" height="17" fill="#0000ee" />[39m[90m␊[39m[34m[39m
  [31m-[39m [34m    <text x="9" y="70" fill="#ffffff" textLength="[39m[41m[30m2[39m[49m[34m6[39m[41m[30m1[39m[49m[34m" lengthAdjust="spacingAndGlyphs">region.[39m[41m[30m                      [39m[49m[34m</text>[39m[90m␊[39m[34m[39m
  [31m-[39m [34m    <text x="[39m[41m[30m2[39m[49m[34m7[39m[41m[30m0[39m[49m[34m" y="70" fill="#ffffff" textLength="1[39m[41m[30m3[39m[49m[34m5[39m[41m[30m9[39m[49m[34m" lengthAdjust="spacingAndGlyphs">[39m[34m█                                                                                                                                                      </text>[39m[90m␊[39m[34m[39m
  [32m+[39m [34m    <rect x="9" y="68" width="[39m[34m6[39m[42m[30m3[39m[49m[34m" height="17" fill="#0000ee" />[39m[90m␊[39m[34m[39m
  [32m+[39m [34m    <text x="9" y="70" fill="#ffffff" textLength="[39m[34m6[39m[42m[30m3[39m[49m[34m" lengthAdjust="spacingAndGlyphs">region.[39m[34m</text>[39m[90m␊[39m[34m[39m
  [32m+[39m [34m    <text x="[39m[34m7[39m[42m[30m2[39m[49m[34m" y="70" fill="#ffffff" textLength="1[39m[34m5[39m[42m[30m57[39m[49m[34m" lengthAdjust="spacingAndGlyphs">[39m[42m[30m                      [39m[49m[34m█                                                                                                                                                      </text>[39m[90m␊[39m[34m[39m
    [34m    <rect x="9" y="85" width="261" height="17" fill="#0000ee" />[39m[90m␊[39m[34m[39m
    [34m    <text x="9" y="87" fill="#ffffff" textLength="261" lengthAdjust="spacingAndGlyphs">This is line 2 of arbitrary t</text>[39m[90m␊[39m[34m[39m
    [34m    <text x="270" y="87" fill="#ffffff" textLength="1359" lengthAdjust="spacingAndGlyphs">█                                                                                                                                                      </text>[39m[90m␊[39m[34m[39m
  [31m-[39m [34m    <rect x="9" y="102" width="[39m[41m[30m2[39m[49m[34m6[39m[41m[30m1[39m[49m[34m" height="17" fill="#0000ee" />[39m[90m␊[39m[34m[39m
  [31m-[39m [34m    <text x="9" y="104" fill="#ffffff" textLength="[39m[41m[30m2[39m[49m[34m6[39m[41m[30m1[39m[49m[34m" lengthAdjust="spacingAndGlyphs">region.[39m[41m[30m                      [39m[49m[34m</text>[39m[90m␊[39m[34m[39m
  [31m-[39m [34m    <text x="[39m[41m[30m2[39m[49m[34m7[39m[41m[30m0[39m[49m[34m" y="104" fill="#ffffff" textLength="1[39m[41m[30m3[39m[49m[34m5[39m[41m[30m9[39m[49m[34m" lengthAdjust="spacingAndGlyphs">[39m[34m█                                                                                                                                                      </text>[39m[90m␊[39m[34m[39m
  [32m+[39m [34m    <rect x="9" y="102" width="[39m[34m6[39m[42m[30m3[39m[49m[34m" height="17" fill="#0000ee" />[39m[90m␊[39m[34m[39m
  [32m+[39m [34m    <text x="9" y="104" fill="#ffffff" textLength="[39m[34m6[39m[42m[30m3[39m[49m[34m" lengthAdjust="spacingAndGlyphs">region.[39m[34m</text>[39m[90m␊[39m[34m[39m
  [32m+[39m [34m    <text x="[39m[34m7[39m[42m[30m2[39m[49m[34m" y="104" fill="#ffffff" textLength="1[39m[34m5[39m[42m[30m57[39m[49m[34m" lengthAdjust="spacingAndGlyphs">[39m[42m[30m                      [39m[49m[34m█                                                                                                                                                      </text>[39m[90m␊[39m[34m[39m
    [34m    <rect x="9" y="119" width="270" height="17" fill="#0000ee" />[39m[90m␊[39m[34m[39m
    [34m    <text x="9" y="121" fill="#ffffff" textLength="270" lengthAdjust="spacingAndGlyphs">This is line 3 of arbitrary t▀</text>[39m[90m␊[39m[34m[39m
  [31m-[39m [34m    <rect x="9" y="136" width="[39m[41m[30m270[39m[49m[34m" height="17" fill="#0000ee" />[39m[90m␊[39m[34m[39m
  [31m-[39m [34m    <text x="9" y="138" fill="#ffffff" textLength="[39m[41m[30m270[39m[49m[34m" lengthAdjust="spacingAndGlyphs">region.[39m[41m[30m                       [39m[49m[34m</text>[39m[90m␊[39m[34m[39m
  [32m+[39m [34m    <rect x="9" y="136" width="[39m[42m[30m63[39m[49m[34m" height="17" fill="#0000ee" />[39m[90m␊[39m[34m[39m
  [32m+[39m [34m    <text x="9" y="138" fill="#ffffff" textLength="[39m[42m[30m63[39m[49m[34m" lengthAdjust="spacingAndGlyphs">region.[39m[34m</text>[39m[90m␊[39m[34m[39m
    [34m    <rect x="9" y="153" width="270" height="17" fill="#0000ee" />[39m[90m␊[39m[34m[39m
    [34m    <text x="9" y="155" fill="#ffffff" textLength="270" lengthAdjust="spacingAndGlyphs">This is line 4 of arbitrary te</text>[39m[90m␊[39m[34m[39m
  [31m-[39m [34m    <rect x="9" y="170" width="[39m[41m[30m270[39m[49m[34m" height="17" fill="#0000ee" />[39m[90m␊[39m[34m[39m
  [31m-[39m [34m    <text x="9" y="172" fill="#ffffff" textLength="[39m[41m[30m270[39m[49m[34m" lengthAdjust="spacingAndGlyphs">region.[39m[41m[30m                       [39m[49m[34m</text>[39m[90m␊[39m[34m[39m
  [32m+[39m [34m    <rect x="9" y="170" width="[39m[42m[30m63[39m[49m[34m" height="17" fill="#0000ee" />[39m[90m␊[39m[34m[39m
  [32m+[39m [34m    <text x="9" y="172" fill="#ffffff" textLength="[39m[42m[30m63[39m[49m[34m" lengthAdjust="spacingAndGlyphs">region.[39m[34m</text>[39m[90m␊[39m[34m[39m
    [34m    <rect x="9" y="187" width="270" height="17" fill="#0000ee" />[39m[90m␊[39m[34m[39m
    [34m    <text x="9" y="189" fill="#ffffff" textLength="270" lengthAdjust="spacingAndGlyphs">This is line 5 of arbitrary te</text>[39m[90m␊[39m[34m[39m
  [31m-[39m [34m    <rect x="9" y="204" width="[39m[41m[30m270[39m[49m[34m" height="17" fill="#0000ee" />[39m[90m␊[39m[34m[39m
  [31m-[39m [34m    <text x="9" y="206" fill="#ffffff" textLength="[39m[41m[30m270[39m[49m[34m" lengthAdjust="spacingAndGlyphs">region.[39m[41m[30m                       [39m[49m[34m</text>[39m[90m␊[39m[34m[39m
  [32m+[39m [34m    <rect x="9" y="204" width="[39m[42m[30m63[39m[49m[34m" height="17" fill="#0000ee" />[39m[90m␊[39m[34m[39m
  [32m+[39m [34m    <text x="9" y="206" fill="#ffffff" textLength="[39m[42m[30m63[39m[49m[34m" lengthAdjust="spacingAndGlyphs">region.[39m[34m</text>[39m[90m␊[39m[34m[39m
    [34m    <rect x="9" y="221" width="270" height="17" fill="#0000ee" />[39m[90m␊[39m[34m[39m
    [34m    <text x="9" y="223" fill="#ffffff" textLength="270" lengthAdjust="spacingAndGlyphs">This is line 6 of arbitrary te</text>[39m[90m␊[39m[34m[39m
  [31m-[39m [34m    <rect x="9" y="238" width="[39m[41m[30m270[39m[49m[34m" height="17" fill="#0000ee" />[39m[90m␊[39m[34m[39m
  [31m-[39m [34m    <text x="9" y="240" fill="#ffffff" textLength="[39m[41m[30m270[39m[49m[34m" lengthAdjust="spacingAndGlyphs">region.[39m[41m[30m                       [39m[49m[34m</text>[39m[90m␊[39m[34m[39m
  [32m+[39m [34m    <rect x="9" y="238" width="[39m[42m[30m63[39m[49m[34m" height="17" fill="#0000ee" />[39m[90m␊[39m[34m[39m
  [32m+[39m [34m    <text x="9" y="240" fill="#ffffff" textLength="[39m[42m[30m63[39m[49m[34m" lengthAdjust="spacingAndGlyphs">region.[39m[34m</text>[39m[90m␊[39m[34m[39m
    [34m    <rect x="9" y="255" width="270" height="17" fill="#0000ee" />[39m[90m␊[39m[34m[39m
    [34m    <text x="9" y="257" fill="#ffffff" textLength="270" lengthAdjust="spacingAndGlyphs">This is line 7 of arbitrary te</text>[39m[90m␊[39m[34m[39m
  [31m-[39m [34m    <rect x="9" y="272" width="[39m[41m[30m270[39m[49m[34m" height="17" fill="#0000ee" />[39m[90m␊[39m[34m[39m
  [31m-[39m [34m    <text x="9" y="274" fill="#ffffff" textLength="[39m[41m[30m270[39m[49m[34m" lengthAdjust="spacingAndGlyphs">region.[39m[41m[30m                       [39m[49m[34m</text>[39m[90m␊[39m[34m[39m
  [32m+[39m [34m    <rect x="9" y="272" width="[39m[42m[30m63[39m[49m[34m" height="17" fill="#0000ee" />[39m[90m␊[39m[34m[39m
  [32m+[39m [34m    <text x="9" y="274" fill="#ffffff" textLength="[39m[42m[30m63[39m[49m[34m" lengthAdjust="spacingAndGlyphs">region.[39m[34m</text>[39m[90m␊[39m[34m[39m
    [34m    <rect x="9" y="289" width="270" height="17" fill="#0000ee" />[39m[90m␊[39m[34m[39m
    [34m    <text x="9" y="291" fill="#ffffff" textLength="270" lengthAdjust="spacingAndGlyphs">This is line 8 of arbitrary te</text>[39m[90m␊[39m[34m[39m
  [31m-[39m [34m    <rect x="9" y="306" width="[39m[41m[30m270[39m[49m[34m" height="17" fill="#0000ee" />[39m[90m␊[39m[34m[39m
  [31m-[39m [34m    <text x="9" y="308" fill="#ffffff" textLength="[39m[41m[30m270[39m[49m[34m" lengthAdjust="spacingAndGlyphs">region.[39m[41m[30m                       [39m[49m[34m</text>[39m[90m␊[39m[34m[39m
  [32m+[39m [34m    <rect x="9" y="306" width="[39m[42m[30m63[39m[49m[34m" height="17" fill="#0000ee" />[39m[90m␊[39m[34m[39m
  [32m+[39m [34m    <text x="9" y="308" fill="#ffffff" textLength="[39m[42m[30m63[39m[49m[34m" lengthAdjust="spacingAndGlyphs">region.[39m[34m</text>[39m[90m␊[39m[34m[39m
    [34m    <rect x="9" y="323" width="270" height="17" fill="#0000ee" />[39m[90m␊[39m[34m[39m
    [34m    <text x="9" y="325" fill="#ffffff" textLength="270" lengthAdjust="spacingAndGlyphs">This is line 9 of arbitrary te</text>[39m[90m␊[39m[34m[39m
  [31m-[39m [34m    <rect x="9" y="340" width="[39m[41m[30m270[39m[49m[34m" height="17" fill="#0000ee" />[39m[90m␊[39m[34m[39m
  [31m-[39m [34m    <text x="9" y="342" fill="#ffffff" textLength="[39m[41m[30m270[39m[49m[34m" lengthAdjust="spacingAndGlyphs">region.[39m[41m[30m                       [39m[49m[34m</text>[39m[90m␊[39m[34m[39m
  [32m+[39m [34m    <rect x="9" y="340" width="[39m[42m[30m63[39m[49m[34m" height="17" fill="#0000ee" />[39m[90m␊[39m[34m[39m
  [32m+[39m [34m    <text x="9" y="342" fill="#ffffff" textLength="[39m[42m[30m63[39m[49m[34m" lengthAdjust="spacingAndGlyphs">region.[39m[34m</text>[39m[90m␊[39m[34m[39m
    [34m    <rect x="9" y="357" width="270" height="17" fill="#0000ee" />[39m[90m␊[39m[34m[39m
    [34m    <text x="9" y="359" fill="#ffffff" textLength="270" lengthAdjust="spacingAndGlyphs">This is line 10 of arbitrary t</text>[39m[90m␊[39m[34m[39m
  [31m-[39m [34m    <rect x="9" y="374" width="[39m[34m2[39m[41m[30m70[39m[49m[34m" height="17" fill="#0000ee" />[39m[90m␊[39m[34m[39m
  [31m-[39m [34m    <text x="9" y="376" fill="#ffffff" textLength="[39m[34m2[39m[41m[30m70[39m[49m[34m" lengthAdjust="spacingAndGlyphs">scrollable region.[39m[41m[30m            [39m[49m[34m</text>[39m[90m␊[39m[34m[39m
  [32m+[39m [34m    <rect x="9" y="374" width="[39m[42m[30m16[39m[49m[34m2[39m[34m" height="17" fill="#0000ee" />[39m[90m␊[39m[34m[39m
  [32m+[39m [34m    <text x="9" y="376" fill="#ffffff" textLength="[39m[42m[30m16[39m[49m[34m2[39m[34m" lengthAdjust="spacingAndGlyphs">scrollable region.[39m[34m</text>[39m[90m␊[39m[34m[39m
    [34m    <rect x="9" y="391" width="270" height="17" fill="#0000ee" />[39m[90m␊[39m[34m[39m
    [34m    <text x="9" y="393" fill="#ffffff" textLength="270" lengthAdjust="spacingAndGlyphs">This is line 11 of arbitrary t</text>[39m[90m␊[39m[34m[39m
  [31m-[39m [34m    <rect x="9" y="408" width="[39m[34m2[39m[41m[30m70[39m[49m[34m" height="17" fill="#0000ee" />[39m[90m␊[39m[34m[39m
  [31m-[39m [34m    <text x="9" y="410" fill="#ffffff" textLength="[39m[34m2[39m[41m[30m70[39m[49m[34m" lengthAdjust="spacingAndGlyphs">scrollable region.[39m[41m[30m            [39m[49m[34m</text>[39m[90m␊[39m[34m[39m
  [32m+[39m [34m    <rect x="9" y="408" width="[39m[42m[30m16[39m[49m[34m2[39m[34m" height="17" fill="#0000ee" />[39m[90m␊[39m[34m[39m
  [32m+[39m [34m    <text x="9" y="410" fill="#ffffff" textLength="[39m[42m[30m16[39m[49m[34m2[39m[34m" lengthAdjust="spacingAndGlyphs">scrollable region.[39m[34m</text>[39m[90m␊[39m[34m[39m
    [34m    <rect x="9" y="425" width="270" height="17" fill="#0000ee" />[39m[90m␊[39m[34m[39m
    [34m    <text x="9" y="427" fill="#ffffff" textLength="270" lengthAdjust="spacingAndGlyphs">This is line 12 of arbitrary t</text>[39m[90m␊[39m[34m[39m
  [31m-[39m [34m    <rect x="9" y="442" width="[39m[34m2[39m[41m[30m70[39m[49m[34m" height="17" fill="#0000ee" />[39m[90m␊[39m[34m[39m
  [31m-[39m [34m    <text x="9" y="444" fill="#ffffff" textLength="[39m[34m2[39m[41m[30m70[39m[49m[34m" lengthAdjust="spacingAndGlyphs">scrollable region.[39m[41m[30m            [39m[49m[34m</text>[39m[90m␊[39m[34m[39m
  [32m+[39m [34m    <rect x="9" y="442" width="[39m[42m[30m16[39m[49m[34m2[39m[34m" height="17" fill="#0000ee" />[39m[90m␊[39m[34m[39m
  [32m+[39m [34m    <text x="9" y="444" fill="#ffffff" textLength="[39m[42m[30m16[39m[49m[34m2[39m[34m" lengthAdjust="spacingAndGlyphs">scrollable region.[39m[34m</text>[39m[90m␊[39m[34m[39m
    [34m    <rect x="9" y="459" width="270" height="17" fill="#0000ee" />[39m[90m␊[39m[34m[39m
    [34m    <text x="9" y="461" fill="#ffffff" textLength="270" lengthAdjust="spacingAndGlyphs">This is line 13 of arbitrary t</text>[39m[90m␊[39m[34m[39m
  [31m-[39m [34m    <rect x="9" y="476" width="[39m[34m2[39m[41m[30m70[39m[49m[34m" height="17" fill="#0000ee" />[39m[90m␊[39m[34m[39m
  [31m-[39m [34m    <text x="9" y="478" fill="#ffffff" textLength="[39m[34m2[39m[41m[30m70[39m[49m[34m" lengthAdjust="spacingAndGlyphs">scrollable region.[39m[41m[30m            [39m[49m[34m</text>[39m[90m␊[39m[34m[39m
  [32m+[39m [34m    <rect x="9" y="476" width="[39m[42m[30m16[39m[49m[34m2[39m[34m" height="17" fill="#0000ee" />[39m[90m␊[39m[34m[39m
  [32m+[39m [34m    <text x="9" y="478" fill="#ffffff" textLength="[39m[42m[30m16[39m[49m[34m2[39m[34m" lengthAdjust="spacingAndGlyphs">scrollable region.[39m[34m</text>[39m[90m␊[39m[34m[39m
    [34m    <rect x="9" y="493" width="270" height="17" fill="#0000ee" />[39m[90m␊[39m[34m[39m
    [34m    <text x="9" y="495" fill="#ffffff" textLength="270" lengthAdjust="spacingAndGlyphs">This is line 14 of arbitrary t</text>[39m[90m␊[39m[34m[39m
  [31m-[39m [34m    <rect x="9" y="510" width="[39m[34m2[39m[41m[30m70[39m[49m[34m" height="17" fill="#0000ee" />[39m[90m␊[39m[34m[39m
  [31m-[39m [34m    <text x="9" y="512" fill="#ffffff" textLength="[39m[34m2[39m[41m[30m70[39m[49m[34m" lengthAdjust="spacingAndGlyphs">scrollable region.[39m[41m[30m            [39m[49m[34m</text>[39m[90m␊[39m[34m[39m
  [32m+[39m [34m    <rect x="9" y="510" width="[39m[42m[30m16[39m[49m[34m2[39m[34m" height="17" fill="#0000ee" />[39m[90m␊[39m[34m[39m
  [32m+[39m [34m    <text x="9" y="512" fill="#ffffff" textLength="[39m[42m[30m16[39m[49m[34m2[39m[34m" lengthAdjust="spacingAndGlyphs">scrollable region.[39m[34m</text>[39m[90m␊[39m[34m[39m
    [34m    <rect x="9" y="527" width="270" height="17" fill="#0000ee" />[39m[90m␊[39m[34m[39m
    [34m    <text x="9" y="529" fill="#ffffff" textLength="270" lengthAdjust="spacingAndGlyphs">This is line 15 of arbitrary t</text>[39m[90m␊[39m[34m[39m
  [31m-[39m [34m    <rect x="9" y="544" width="[39m[34m2[39m[41m[30m70[39m[49m[34m" height="17" fill="#0000ee" />[39m[90m␊[39m[34m[39m
  [31m-[39m [34m    <text x="9" y="546" fill="#ffffff" textLength="[39m[34m2[39m[41m[30m70[39m[49m[34m" lengthAdjust="spacingAndGlyphs">scrollable region.[39m[41m[30m            [39m[49m[34m</text>[39m[90m␊[39m[34m[39m
  [32m+[39m [34m    <rect x="9" y="544" width="[39m[42m[30m16[39m[49m[34m2[39m[34m" height="17" fill="#0000ee" />[39m[90m␊[39m[34m[39m
  [32m+[39m [34m    <text x="9" y="546" fill="#ffffff" textLength="[39m[42m[30m16[39m[49m[34m2[39m[34m" lengthAdjust="spacingAndGlyphs">scrollable region.[39m[34m</text>[39m[90m␊[39m[34m[39m
    [34m  </g>[39m[90m␊[39m[34m[39m
    [34m</svg>[39m[34m`[39m

  [90m› <anonymous> (test/replay/render-worker-replay.test.ts:55:6)[39m

  [90m─[39m

  [31m64 tests failed[39m
  [31m3 known failures[39m
  [34m1 test todo[39m
